******************************************************************************
                  TI ARM Linker PC v20.2.7                     
******************************************************************************
>> Linked Sat Apr 27 17:26:20 2024

OUTPUT FILE NAME:   <Lab3.out>
ENTRY POINT SYMBOL: "_c_int00_noargs"  address: 00006045


MEMORY CONFIGURATION

         name            origin    length      used     unused   attr    fill
----------------------  --------  ---------  --------  --------  ----  --------
  FLASH                 00000000   00040000  0000664d  000399b3  R  X
  SRAM                  20000000   00008000  0000232f  00005cd1  RW X


SEGMENT ALLOCATION MAP

run origin  load origin   length   init length attrs members
----------  ----------- ---------- ----------- ----- -------
00000000    00000000    00006650   00006650    r-x
  00000000    00000000    0000026c   0000026c    r-- .intvecs
  0000026c    0000026c    0000605c   0000605c    r-x .text
  000062c8    000062c8    00000325   00000325    r-- .const
  000065f0    000065f0    00000060   00000060    r-- .cinit
20000000    20000000    00002333   00000000    rw-
  20000000    20000000    0000026c   00000000    rw- .vtable
  20000270    20000270    00001000   00000000    rw- .stack
  20001270    20001270    00001000   00000000    rw- .sysmem
  20002270    20002270    00000078   00000000    rw- .bss
  200022e8    200022e8    0000004b   00000000    rw- .data


SECTION ALLOCATION MAP

 output                                  attributes/
section   page    origin      length       input sections
--------  ----  ----------  ----------   ----------------
.intvecs   0    00000000    0000026c     
                  00000000    0000026c     tm4c123gh6pm_startup_ccs.obj (.intvecs)

.text      0    0000026c    0000605c     
                  0000026c    00000c20     open_interface.obj (.text)
                  00000e8c    00000a4e     rtsv7M4_T_le_v4SPD16_eabi.lib : _printfi.c.obj (.text:__TI_printfi)
                  000018da    00000002                                   : _lock.c.obj (.text:_nop)
                  000018dc    00000858     finalMain.obj (.text)
                  00002134    0000058c     rtsv7M4_T_le_v4SPD16_eabi.lib : e_powf.c.obj (.text:powf)
                  000026c0    00000484     movement.obj (.text)
                  00002b44    000003b4     bno055.obj (.text)
                  00002ef8    00000384     imu.obj (.text)
                  0000327c    00000338     sound.obj (.text)
                  000035b4    00000328     lcd.obj (.text)
                  000038dc    000002f0     servo.obj (.text)
                  00003bcc    000002c8     i2c.obj (.text)
                  00003e94    00000270     rtsv7M4_T_le_v4SPD16_eabi.lib : _printfi.c.obj (.text:_pconv_a)
                  00004104    00000248     Timer.obj (.text)
                  0000434c    000001d0     rtsv7M4_T_le_v4SPD16_eabi.lib : _printfi.c.obj (.text:_pconv_g)
                  0000451c    000001b6                                   : fd_add_t2.asm.obj (.text)
                  000046d2    00000002                                   : div0.asm.obj (.text)
                  000046d4    00000158                                   : e_atan2f.c.obj (.text:atan2f)
                  0000482c    00000158     libcybotScan.lib : servo.obj (.text)
                  00004984    00000150     rtsv7M4_T_le_v4SPD16_eabi.lib : s_atanf.c.obj (.text:atanf)
                  00004ad4    0000013c                                   : _printfi.c.obj (.text:_pconv_e)
                  00004c10    00000136                                   : fd_div_t2.asm.obj (.text)
                  00004d46    00000002     --HOLE-- [fill = 0]
                  00004d48    00000134     uart.obj (.text)
                  00004e7c    00000124     rtsv7M4_T_le_v4SPD16_eabi.lib : _printfi.c.obj (.text:fcvt)
                  00004fa0    00000110                                   : s_scalbn.c.obj (.text:scalbn)
                  000050b0    00000100                                   : memory.c.obj (.text:aligned_alloc)
                  000051b0    000000fc                                   : fd_mul_t2.asm.obj (.text)
                  000052ac    000000f8                                   : s_floor.c.obj (.text:floor)
                  000053a4    000000e4     adc.obj (.text)
                  00005488    000000e4     rtsv7M4_T_le_v4SPD16_eabi.lib : memory.c.obj (.text:free)
                  0000556c    000000d0                                   : s_scalbnf.c.obj (.text:scalbnf)
                  0000563c    000000c4                                   : s_round.c.obj (.text:round)
                  00005700    000000b1                                   : _printfi.c.obj (.text:_ltostr)
                  000057b1    00000001     --HOLE-- [fill = 0]
                  000057b2    0000009c                                   : memcpy_t2.asm.obj (.text)
                  0000584e    00000096                                   : ull_div_t2.asm.obj (.text)
                  000058e4    00000088     button.obj (.text)
                  0000596c    00000086     rtsv7M4_T_le_v4SPD16_eabi.lib : fd_cmp_t2.asm.obj (.text:__aeabi_cdcmple)
                  000059f2    00000086                                   : fd_cmp_t2.asm.obj (.text:__aeabi_cdrcmple)
                  00005a78    0000007a                                   : memset_t2.asm.obj (.text)
                  00005af2    00000002     --HOLE-- [fill = 0]
                  00005af4    00000070                                   : memory.c.obj (.text:split)
                  00005b64    0000006e                                   : _printfi.c.obj (.text:_mcpy)
                  00005bd2    0000006e                                   : fd_tos_t2.asm.obj (.text)
                  00005c40    00000068                                   : copy_decompress_lzss.c.obj (.text:decompress:lzss:__TI_decompress_lzss)
                  00005ca8    00000064                                   : s_frexp.c.obj (.text:frexp)
                  00005d0c    00000056                                   : _printfi.c.obj (.text:_pconv_f)
                  00005d62    00000054                                   : _ltoa.c.obj (.text:__TI_ltoa)
                  00005db6    00000052                                   : _printfi.c.obj (.text:_ecpy)
                  00005e08    0000004c                                   : atoi.c.obj (.text:atoi)
                  00005e54    00000048                                   : fd_toi_t2.asm.obj (.text)
                  00005e9c    00000044                                   : autoinit.c.obj (.text:__TI_auto_init_nobinit_nopinit:__TI_auto_init_nobinit_nopinit)
                  00005ee0    00000040                                   : sprintf.c.obj (.text:sprintf)
                  00005f20    00000040                                   : vsnprintf.c.obj (.text:vsnprintf)
                  00005f60    0000003e                                   : _printfi.c.obj (.text:_fcpy)
                  00005f9e    00000002     --HOLE-- [fill = 0]
                  00005fa0    00000038                                   : memory.c.obj (.text:calloc)
                  00005fd8    00000038                                   : fs_tod_t2.asm.obj (.text)
                  00006010    00000034     driverlib.lib : interrupt.obj (.text:IntRegister)
                  00006044    00000034     rtsv7M4_T_le_v4SPD16_eabi.lib : boot_cortex_m.c.obj (.text:_c_int00_noargs:_c_int00_noargs)
                  00006078    00000030                                   : vsnprintf.c.obj (.text:_outs)
                  000060a8    0000002e                                   : i_tofd_t2.asm.obj (.text)
                  000060d6    00000002     --HOLE-- [fill = 0]
                  000060d8    00000028                                   : memory.c.obj (.text:free_list_insert)
                  00006100    00000028                                   : e_sqrtf.c.obj (.text:sqrtf)
                  00006128    0000001c                                   : copy_zero_init.c.obj (.text:decompress:ZI:__TI_zero_init_nomemset:__TI_zero_init_nomemset)
                  00006144    0000001c                                   : memory.c.obj (.text:free_list_remove)
                  00006160    0000001c                                   : memccpy.c.obj (.text:memccpy)
                  0000617c    0000001a                                   : s_copysign.c.obj (.text:copysign)
                  00006196    00000018                                   : vsnprintf.c.obj (.text:_outc)
                  000061ae    00000018                                   : sprintf.c.obj (.text:_outs)
                  000061c6    00000018                                   : s_copysignf.c.obj (.text:copysignf)
                  000061de    00000018     open_interface.obj (.text:oi_parseInt)
                  000061f6    00000018     rtsv7M4_T_le_v4SPD16_eabi.lib : strcmp.c.obj (.text:strcmp)
                  0000620e    00000016                                   : strchr.c.obj (.text:strchr)
                  00006224    00000014                                   : strcpy.c.obj (.text:strcpy)
                  00006238    00000014                                   : strlen.c.obj (.text:strlen)
                  0000624c    00000012                                   : wcslen.c.obj (.text:wcslen)
                  0000625e    00000010     driverlib.lib : interrupt.obj (.text:IntMasterEnable)
                  0000626e    00000010     lcd.obj (.text:lcd_clear)
                  0000627e    0000000e     rtsv7M4_T_le_v4SPD16_eabi.lib : copy_decompress_none.c.obj (.text:decompress:none:__TI_decompress_none)
                  0000628c    0000000c     driverlib.lib : cpu.obj (.text:CPUcpsie)
                  00006298    0000000c     tm4c123gh6pm_startup_ccs.obj (.text)
                  000062a4    0000000a     rtsv7M4_T_le_v4SPD16_eabi.lib : sprintf.c.obj (.text:_outc)
                  000062ae    00000002     --HOLE-- [fill = 0]
                  000062b0    00000008                                   : errno.c.obj (.text:__aeabi_errno_addr)
                  000062b8    00000008                                   : memory.c.obj (.text:malloc)
                  000062c0    00000004                                   : pre_init.c.obj (.text:_system_pre_init)
                  000062c4    00000004                                   : exit.c.obj (.text:abort:abort)

.const     0    000062c8    00000325     
                  000062c8    00000101     rtsv7M4_T_le_v4SPD16_eabi.lib : ctype.c.obj (.const:.string:_ctypes_)
                  000063c9    0000003f     sound.obj (.const:.string:$P$T0$1)
                  00006408    0000003f     sound.obj (.const:.string:$P$T1$2)
                  00006447    00000001     --HOLE-- [fill = 0]
                  00006448    0000003a     bno055.obj (.const:.string)
                  00006482    00000002     --HOLE-- [fill = 0]
                  00006484    00000034     rtsv7M4_T_le_v4SPD16_eabi.lib : s_atanf.c.obj (.const:$O1$$)
                  000064b8    00000033     sound.obj (.const:.string:$P$T16$17)
                  000064eb    00000033     sound.obj (.const:.string:$P$T17$18)
                  0000651e    0000001f     sound.obj (.const:.string:$P$T14$15)
                  0000653d    0000001f     sound.obj (.const:.string:$P$T15$16)
                  0000655c    00000018     rtsv7M4_T_le_v4SPD16_eabi.lib : e_powf.c.obj (.const:$O1$$)
                  00006574    0000000f     open_interface.obj (.const:.string:$P$T0$3)
                  00006583    0000000c     sound.obj (.const:.string:$P$T12$13)
                  0000658f    0000000c     sound.obj (.const:.string:$P$T13$14)
                  0000659b    0000000a     sound.obj (.const:.string:$P$T8$9)
                  000065a5    0000000a     sound.obj (.const:.string:$P$T9$10)
                  000065af    00000009     sound.obj (.const:.string:$P$T18$19)
                  000065b8    00000009     sound.obj (.const:.string:$P$T19$20)
                  000065c1    00000006     sound.obj (.const:.string:$P$T10$11)
                  000065c7    00000006     sound.obj (.const:.string:$P$T11$12)
                  000065cd    00000004     sound.obj (.const:.string:$P$T2$3)
                  000065d1    00000004     sound.obj (.const:.string:$P$T3$4)
                  000065d5    00000004     sound.obj (.const:.string:$P$T4$5)
                  000065d9    00000004     sound.obj (.const:.string:$P$T5$6)
                  000065dd    00000004     sound.obj (.const:.string:$P$T6$7)
                  000065e1    00000004     sound.obj (.const:.string:$P$T7$8)
                  000065e5    00000004     lcd.obj (.const:.string:lineAddress$1)
                  000065e9    00000004     lcd.obj (.const:.string:lineAddresses$2)

.cinit     0    000065f0    00000060     
                  000065f0    0000002b     (.cinit..data.load) [load image, compression = lzss]
                  0000661b    00000001     --HOLE-- [fill = 0]
                  0000661c    0000000c     (__TI_handler_table)
                  00006628    00000008     (.cinit..bss.load) [load image, compression = zero_init]
                  00006630    00000008     (.cinit..vtable.load) [load image, compression = zero_init]
                  00006638    00000018     (__TI_cinit_table)

.init_array 
*          0    00000000    00000000     UNINITIALIZED

.vtable    0    20000000    0000026c     UNINITIALIZED
                  20000000    0000026c     driverlib.lib : interrupt.obj (.vtable)

.stack     0    20000270    00001000     UNINITIALIZED
                  20000270    00000004     rtsv7M4_T_le_v4SPD16_eabi.lib : boot_cortex_m.c.obj (.stack)
                  20000274    00000ffc     --HOLE--

.sysmem    0    20001270    00001000     UNINITIALIZED
                  20001270    00000010     rtsv7M4_T_le_v4SPD16_eabi.lib : memory.c.obj (.sysmem)
                  20001280    00000ff0     --HOLE--

.bss       0    20002270    00000078     UNINITIALIZED
                  20002270    00000054     lcd.obj (.bss:lastbuffer$3)
                  200022c4    00000018     open_interface.obj (.bss:firmware$2)
                  200022dc    00000004     (.common:_timeout_ticks)
                  200022e0    00000004     (.common:left_calibration_value)
                  200022e4    00000004     (.common:right_calibration_value)

.data      0    200022e8    0000004b     UNINITIALIZED
                  200022e8    00000020     open_interface.obj (.data)
                  20002308    00000010     bno055.obj (.data:statuses)
                  20002318    00000008     rtsv7M4_T_le_v4SPD16_eabi.lib : _lock.c.obj (.data:$O1$$)
                  20002320    00000008                                   : memory.c.obj (.data:$O1$$)
                  20002328    00000004                                   : errno.c.obj (.data)
                  2000232c    00000004     servo.obj (.data)
                  20002330    00000001     Timer.obj (.data)
                  20002331    00000001     bno055.obj (.data)
                  20002332    00000001     button.obj (.data)

__llvm_prf_cnts 
*          0    20000000    00000000     UNINITIALIZED

MODULE SUMMARY

       Module                         code    ro data   rw data
       ------                         ----    -------   -------
    .\
       open_interface.obj             3128    15        56     
       finalMain.obj                  2136    0         0      
       sound.obj                      824     388       0      
       movement.obj                   1156    0         0      
       bno055.obj                     948     58        17     
       lcd.obj                        824     8         84     
       imu.obj                        900     0         0      
       servo.obj                      752     0         4      
       i2c.obj                        712     0         0      
       tm4c123gh6pm_startup_ccs.obj   12      620       0      
       Timer.obj                      584     0         5      
       uart.obj                       308     0         0      
       adc.obj                        228     0         0      
       button.obj                     136     0         1      
    +--+------------------------------+-------+---------+---------+
       Total:                         12648   1089      167    
                                                               
    ../libcybotScan.lib
       servo.obj                      344     0         0      
       cyBot_Scan.obj                 0       0         8      
    +--+------------------------------+-------+---------+---------+
       Total:                         344     0         8      
                                                               
    C:/ti/TivaWare_C_Series-2.2.0.295/driverlib/ccs/Debug/driverlib.lib
       interrupt.obj                  68      0         620    
       cpu.obj                        12      0         0      
    +--+------------------------------+-------+---------+---------+
       Total:                         80      0         620    
                                                               
    C:\ti\ccs1230\ccs\tools\compiler\ti-cgt-arm_20.2.7.LTS\lib\rtsv7M4_T_le_v4SPD16_eabi.lib
       _printfi.c.obj                 4851    0         0      
       e_powf.c.obj                   1420    24        0      
       memory.c.obj                   728     0         8      
       fd_add_t2.asm.obj              438     0         0      
       s_atanf.c.obj                  336     52        0      
       e_atan2f.c.obj                 344     0         0      
       fd_div_t2.asm.obj              310     0         0      
       s_scalbn.c.obj                 272     0         0      
       fd_cmp_t2.asm.obj              268     0         0      
       ctype.c.obj                    0       257       0      
       fd_mul_t2.asm.obj              252     0         0      
       s_floor.c.obj                  248     0         0      
       s_scalbnf.c.obj                208     0         0      
       s_round.c.obj                  196     0         0      
       memcpy_t2.asm.obj              156     0         0      
       ull_div_t2.asm.obj             150     0         0      
       vsnprintf.c.obj                136     0         0      
       memset_t2.asm.obj              122     0         0      
       fd_tos_t2.asm.obj              110     0         0      
       copy_decompress_lzss.c.obj     104     0         0      
       s_frexp.c.obj                  100     0         0      
       sprintf.c.obj                  98      0         0      
       _ltoa.c.obj                    84      0         0      
       atoi.c.obj                     76      0         0      
       fd_toi_t2.asm.obj              72      0         0      
       autoinit.c.obj                 68      0         0      
       fs_tod_t2.asm.obj              56      0         0      
       boot_cortex_m.c.obj            52      0         0      
       i_tofd_t2.asm.obj              46      0         0      
       e_sqrtf.c.obj                  40      0         0      
       copy_zero_init.c.obj           28      0         0      
       memccpy.c.obj                  28      0         0      
       s_copysign.c.obj               26      0         0      
       s_copysignf.c.obj              24      0         0      
       strcmp.c.obj                   24      0         0      
       strchr.c.obj                   22      0         0      
       strcpy.c.obj                   20      0         0      
       strlen.c.obj                   20      0         0      
       wcslen.c.obj                   18      0         0      
       copy_decompress_none.c.obj     14      0         0      
       errno.c.obj                    8       0         4      
       _lock.c.obj                    2       0         8      
       exit.c.obj                     4       0         0      
       pre_init.c.obj                 4       0         0      
       div0.asm.obj                   2       0         0      
    +--+------------------------------+-------+---------+---------+
       Total:                         11585   333       20     
                                                               
       Heap:                          0       0         4096   
       Stack:                         0       0         4096   
       Linker Generated:              0       95        0      
    +--+------------------------------+-------+---------+---------+
       Grand Total:                   24657   1517      9007   


LINKER GENERATED COPY TABLES

__TI_cinit_table @ 00006638 records: 3, size/record: 8, table size: 24
	.data: load addr=000065f0, load size=0000002b bytes, run addr=200022e8, run size=0000004b bytes, compression=lzss
	.bss: load addr=00006628, load size=00000008 bytes, run addr=20002270, run size=00000078 bytes, compression=zero_init
	.vtable: load addr=00006630, load size=00000008 bytes, run addr=20000000, run size=0000026c bytes, compression=zero_init


LINKER GENERATED HANDLER TABLE

__TI_handler_table @ 0000661c records: 3, size/record: 4, table size: 12
	index: 0, handler: __TI_zero_init
	index: 1, handler: __TI_decompress_lzss
	index: 2, handler: __TI_decompress_none


GLOBAL SYMBOLS: SORTED ALPHABETICALLY BY Name 

address   name                          
-------   ----                          
000062c5  C$$EXIT                       
0000628d  CPUcpsie                      
00000bc3  GPIOF_Handler                 
0000625f  IntMasterEnable               
00006011  IntRegister                   
00006299  ResetISR                      
20001270  __STACK_END                   
00001000  __STACK_SIZE                  
20000470  __STACK_TOP                   
00001000  __SYSMEM_SIZE                 
00006638  __TI_CINIT_Base               
00006650  __TI_CINIT_Limit              
0000661c  __TI_Handler_Table_Base       
00006628  __TI_Handler_Table_Limit      
00005e9d  __TI_auto_init_nobinit_nopinit
00005c41  __TI_decompress_lzss          
0000627f  __TI_decompress_none          
00005d63  __TI_ltoa                     
ffffffff  __TI_pprof_out_hndl           
00000e8d  __TI_printfi                  
ffffffff  __TI_prof_data_size           
ffffffff  __TI_prof_data_start          
00000000  __TI_static_base__            
00006129  __TI_zero_init_nomemset       
0000596d  __aeabi_cdcmpeq               
0000596d  __aeabi_cdcmple               
000059f3  __aeabi_cdrcmple              
00005bd3  __aeabi_d2f                   
00005e55  __aeabi_d2iz                  
00004527  __aeabi_dadd                  
00004c11  __aeabi_ddiv                  
000051b1  __aeabi_dmul                  
0000451d  __aeabi_dsub                  
000062b1  __aeabi_errno_addr            
00005fd9  __aeabi_f2d                   
000060a9  __aeabi_i2d                   
000046d3  __aeabi_idiv0                 
000046d3  __aeabi_ldiv0                 
00005a79  __aeabi_memclr                
00005a79  __aeabi_memclr4               
00005a79  __aeabi_memclr8               
000057b3  __aeabi_memcpy                
000057b3  __aeabi_memcpy4               
000057b3  __aeabi_memcpy8               
00005a7b  __aeabi_memset                
00005a7b  __aeabi_memset4               
00005a7b  __aeabi_memset8               
0000584f  __aeabi_uldivmod              
ffffffff  __binit__                     
ffffffff  __c_args__                    
UNDEFED   __mpu_init                    
20000270  __stack                       
20000000  __start___llvm_prf_cnts       
20000000  __stop___llvm_prf_cnts        
00006045  _c_int00_noargs               
000062c8  _ctypes_                      
20002318  _lock                         
000018db  _nop                          
20002330  _running                      
20001270  _sys_memory                   
UNDEFED   _system_post_cinit            
000062c1  _system_pre_init              
200022dc  _timeout_ticks                
2000231c  _unlock                       
000062c5  abort                         
000053a5  adc_init                      
00005423  adc_read                      
000050b1  aligned_alloc                 
000046d5  atan2f                        
00004985  atanf                         
00005e09  atoi                          
ffffffff  binit                         
00002d0d  bno_alloc                     
00002d4d  bno_calibrate                 
00002d25  bno_free                      
00002d03  bno_init                      
00002c4d  bno_initCalib                 
00002b97  bno_read                      
00002e01  bno_readCalibration           
00002bc9  bno_readNum                   
00002b45  bno_sendReg                   
00002d45  bno_stopCalibration           
20002331  bno_stopCalibrationFlag       
00002d31  bno_update                    
00002b6d  bno_write                     
00002e31  bno_writeCalibration          
000028bf  bump                          
0000338d  bumpSound                     
0000591d  button_getButton              
000058e5  button_init                   
00001c25  calculateDistance             
00001adb  calculateLinearWidth          
00005fa1  calloc                        
0000617d  copysign                      
000061c7  copysignf                     
0000617d  copysignl                     
0000334b  dogDetectedSound              
20002328  errno                         
0000197b  findCenterAngle               
00001a6b  findClosest                   
00001969  findRadialWidth               
000018dd  findSmallest                  
00003431  finishSound                   
000052ad  floor                         
000052ad  floorl                        
00005489  free                          
00005ca9  frexp                         
00005ca9  frexpl                        
20000000  g_pfnRAMVectors               
00000000  g_pfnVectors                  
0000097f  go_charge                     
000033e3  holeSound                     
00003bcd  i2c_init                      
00003d75  i2c_recByte                   
00003db3  i2c_recBytes                  
00003c2b  i2c_requestByte               
00003c6d  i2c_sendByte                  
00003caf  i2c_sendBytes                 
00003151  imu_connected                 
00003087  imu_getAcc                    
0000317f  imu_getChipInfo               
00002ff7  imu_getMag                    
00002fed  imu_getMode                   
0000316b  imu_getStatus                 
00003175  imu_getTemp                   
00002f2d  imu_init                      
00003215  imu_readRegByte               
00003231  imu_readRegBytes              
000031d5  imu_reset                     
00003127  imu_setDefaultUnits           
00002fdb  imu_setMode                   
000031ef  imu_writeReg                  
00001b3d  initialize                    
0000626f  lcd_clear                     
00003789  lcd_gotoLine                  
000035f1  lcd_init                      
000037ef  lcd_printf                    
000036b1  lcd_putc                      
000036e9  lcd_puts                      
000035b5  lcd_reverseNibble             
00003707  lcd_sendCommand               
00003745  lcd_sendNibble                
000037b1  lcd_setCursorPos              
00004fa1  ldexp                         
0000556d  ldexpf                        
00004fa1  ldexpl                        
200022e0  left_calibration_value        
00001d3d  main                          
00001bd1  makeString                    
000062b9  malloc                        
000050b1  memalign                      
00006161  memccpy                       
000057b3  memcpy                        
00005a81  memset                        
200022e8  motor_cal_factor_L            
200022ec  motor_cal_factor_R            
00002833  moveBack                      
000026c1  moveForward                   
000028f5  moveForwardWithDetect         
00001aa1  objectDetected                
00003309  objectDetectedSound           
00001abf  objectLeft                    
0000026d  oi_alloc                      
00000aa9  oi_checkFirmware              
000002c7  oi_close                      
00000279  oi_free                       
00000ded  oi_getMotorCalibrationLeft    
00000e01  oi_getMotorCalibrationRight   
000002b1  oi_init                       
00000289  oi_init_noupdate              
00000915  oi_loadSong                   
000061df  oi_parseInt                   
0000032b  oi_parsePacket                
0000096b  oi_play_song                  
0000084b  oi_setLeds                    
00000db1  oi_setMotorCalibration        
0000088f  oi_setWheels                  
00000b51  oi_shutoff_init               
0000098d  oi_uartInit                   
00000a31  oi_uartReceive                
00000a77  oi_uartSendBuff               
00000a15  oi_uartSendChar               
00000a59  oi_uartSendStr                
000002d9  oi_update                     
0000350f  playMarioSoundEffect          
000034c5  playRickRoll                  
0000327d  playZelda                     
00002135  powf                          
00001993  printObjectData               
00001941  printString                   
2000232c  pulse_period                  
200022e4  right_calibration_value       
0000563d  round                         
0000563d  roundl                        
00004fa1  scalbn                        
0000556d  scalbnf                       
00004fa1  scalbnl                       
00003a53  servo_calibrate               
0000482d  servo_init                    
000038dd  servo_init1                   
000048bd  servo_move                    
0000398d  servo_move2                   
0000491d  servo_setPWM                  
000048b1  servo_stop                    
00005ee1  sprintf                       
00006101  sqrtf                         
0000347b  startSound                    
20002308  statuses                      
0000620f  strchr                        
000061f7  strcmp                        
00006225  strcpy                        
00006239  strlen                        
000032c7  template                      
00004223  timer_getMicros               
000041cb  timer_getMillis               
00004105  timer_init                    
000041a7  timer_pause                   
000041b9  timer_resume                  
0000417d  timer_stop                    
0000427d  timer_waitMicros              
000042af  timer_waitMillis              
000027c5  turnLeft                      
00002757  turnRight                     
00004d49  uart_init                     
00004def  uart_receive                  
00004dcb  uart_sendChar                 
00004e1d  uart_sendStr                  
00005f21  vsnprintf                     
0000624d  wcslen                        


GLOBAL SYMBOLS: SORTED BY Symbol Address 

address   name                          
-------   ----                          
00000000  __TI_static_base__            
00000000  g_pfnVectors                  
0000026d  oi_alloc                      
00000279  oi_free                       
00000289  oi_init_noupdate              
000002b1  oi_init                       
000002c7  oi_close                      
000002d9  oi_update                     
0000032b  oi_parsePacket                
0000084b  oi_setLeds                    
0000088f  oi_setWheels                  
00000915  oi_loadSong                   
0000096b  oi_play_song                  
0000097f  go_charge                     
0000098d  oi_uartInit                   
00000a15  oi_uartSendChar               
00000a31  oi_uartReceive                
00000a59  oi_uartSendStr                
00000a77  oi_uartSendBuff               
00000aa9  oi_checkFirmware              
00000b51  oi_shutoff_init               
00000bc3  GPIOF_Handler                 
00000db1  oi_setMotorCalibration        
00000ded  oi_getMotorCalibrationLeft    
00000e01  oi_getMotorCalibrationRight   
00000e8d  __TI_printfi                  
00001000  __STACK_SIZE                  
00001000  __SYSMEM_SIZE                 
000018db  _nop                          
000018dd  findSmallest                  
00001941  printString                   
00001969  findRadialWidth               
0000197b  findCenterAngle               
00001993  printObjectData               
00001a6b  findClosest                   
00001aa1  objectDetected                
00001abf  objectLeft                    
00001adb  calculateLinearWidth          
00001b3d  initialize                    
00001bd1  makeString                    
00001c25  calculateDistance             
00001d3d  main                          
00002135  powf                          
000026c1  moveForward                   
00002757  turnRight                     
000027c5  turnLeft                      
00002833  moveBack                      
000028bf  bump                          
000028f5  moveForwardWithDetect         
00002b45  bno_sendReg                   
00002b6d  bno_write                     
00002b97  bno_read                      
00002bc9  bno_readNum                   
00002c4d  bno_initCalib                 
00002d03  bno_init                      
00002d0d  bno_alloc                     
00002d25  bno_free                      
00002d31  bno_update                    
00002d45  bno_stopCalibration           
00002d4d  bno_calibrate                 
00002e01  bno_readCalibration           
00002e31  bno_writeCalibration          
00002f2d  imu_init                      
00002fdb  imu_setMode                   
00002fed  imu_getMode                   
00002ff7  imu_getMag                    
00003087  imu_getAcc                    
00003127  imu_setDefaultUnits           
00003151  imu_connected                 
0000316b  imu_getStatus                 
00003175  imu_getTemp                   
0000317f  imu_getChipInfo               
000031d5  imu_reset                     
000031ef  imu_writeReg                  
00003215  imu_readRegByte               
00003231  imu_readRegBytes              
0000327d  playZelda                     
000032c7  template                      
00003309  objectDetectedSound           
0000334b  dogDetectedSound              
0000338d  bumpSound                     
000033e3  holeSound                     
00003431  finishSound                   
0000347b  startSound                    
000034c5  playRickRoll                  
0000350f  playMarioSoundEffect          
000035b5  lcd_reverseNibble             
000035f1  lcd_init                      
000036b1  lcd_putc                      
000036e9  lcd_puts                      
00003707  lcd_sendCommand               
00003745  lcd_sendNibble                
00003789  lcd_gotoLine                  
000037b1  lcd_setCursorPos              
000037ef  lcd_printf                    
000038dd  servo_init1                   
0000398d  servo_move2                   
00003a53  servo_calibrate               
00003bcd  i2c_init                      
00003c2b  i2c_requestByte               
00003c6d  i2c_sendByte                  
00003caf  i2c_sendBytes                 
00003d75  i2c_recByte                   
00003db3  i2c_recBytes                  
00004105  timer_init                    
0000417d  timer_stop                    
000041a7  timer_pause                   
000041b9  timer_resume                  
000041cb  timer_getMillis               
00004223  timer_getMicros               
0000427d  timer_waitMicros              
000042af  timer_waitMillis              
0000451d  __aeabi_dsub                  
00004527  __aeabi_dadd                  
000046d3  __aeabi_idiv0                 
000046d3  __aeabi_ldiv0                 
000046d5  atan2f                        
0000482d  servo_init                    
000048b1  servo_stop                    
000048bd  servo_move                    
0000491d  servo_setPWM                  
00004985  atanf                         
00004c11  __aeabi_ddiv                  
00004d49  uart_init                     
00004dcb  uart_sendChar                 
00004def  uart_receive                  
00004e1d  uart_sendStr                  
00004fa1  ldexp                         
00004fa1  ldexpl                        
00004fa1  scalbn                        
00004fa1  scalbnl                       
000050b1  aligned_alloc                 
000050b1  memalign                      
000051b1  __aeabi_dmul                  
000052ad  floor                         
000052ad  floorl                        
000053a5  adc_init                      
00005423  adc_read                      
00005489  free                          
0000556d  ldexpf                        
0000556d  scalbnf                       
0000563d  round                         
0000563d  roundl                        
000057b3  __aeabi_memcpy                
000057b3  __aeabi_memcpy4               
000057b3  __aeabi_memcpy8               
000057b3  memcpy                        
0000584f  __aeabi_uldivmod              
000058e5  button_init                   
0000591d  button_getButton              
0000596d  __aeabi_cdcmpeq               
0000596d  __aeabi_cdcmple               
000059f3  __aeabi_cdrcmple              
00005a79  __aeabi_memclr                
00005a79  __aeabi_memclr4               
00005a79  __aeabi_memclr8               
00005a7b  __aeabi_memset                
00005a7b  __aeabi_memset4               
00005a7b  __aeabi_memset8               
00005a81  memset                        
00005bd3  __aeabi_d2f                   
00005c41  __TI_decompress_lzss          
00005ca9  frexp                         
00005ca9  frexpl                        
00005d63  __TI_ltoa                     
00005e09  atoi                          
00005e55  __aeabi_d2iz                  
00005e9d  __TI_auto_init_nobinit_nopinit
00005ee1  sprintf                       
00005f21  vsnprintf                     
00005fa1  calloc                        
00005fd9  __aeabi_f2d                   
00006011  IntRegister                   
00006045  _c_int00_noargs               
000060a9  __aeabi_i2d                   
00006101  sqrtf                         
00006129  __TI_zero_init_nomemset       
00006161  memccpy                       
0000617d  copysign                      
0000617d  copysignl                     
000061c7  copysignf                     
000061df  oi_parseInt                   
000061f7  strcmp                        
0000620f  strchr                        
00006225  strcpy                        
00006239  strlen                        
0000624d  wcslen                        
0000625f  IntMasterEnable               
0000626f  lcd_clear                     
0000627f  __TI_decompress_none          
0000628d  CPUcpsie                      
00006299  ResetISR                      
000062b1  __aeabi_errno_addr            
000062b9  malloc                        
000062c1  _system_pre_init              
000062c5  C$$EXIT                       
000062c5  abort                         
000062c8  _ctypes_                      
0000661c  __TI_Handler_Table_Base       
00006628  __TI_Handler_Table_Limit      
00006638  __TI_CINIT_Base               
00006650  __TI_CINIT_Limit              
20000000  __start___llvm_prf_cnts       
20000000  __stop___llvm_prf_cnts        
20000000  g_pfnRAMVectors               
20000270  __stack                       
20000470  __STACK_TOP                   
20001270  __STACK_END                   
20001270  _sys_memory                   
200022dc  _timeout_ticks                
200022e0  left_calibration_value        
200022e4  right_calibration_value       
200022e8  motor_cal_factor_L            
200022ec  motor_cal_factor_R            
20002308  statuses                      
20002318  _lock                         
2000231c  _unlock                       
20002328  errno                         
2000232c  pulse_period                  
20002330  _running                      
20002331  bno_stopCalibrationFlag       
ffffffff  __TI_pprof_out_hndl           
ffffffff  __TI_prof_data_size           
ffffffff  __TI_prof_data_start          
ffffffff  __binit__                     
ffffffff  __c_args__                    
ffffffff  binit                         
UNDEFED   __mpu_init                    
UNDEFED   _system_post_cinit            

[229 symbols]
