******************************************************************************
                  TI ARM Linker PC v20.2.7                     
******************************************************************************
>> Linked Tue Apr  2 17:23:28 2024

OUTPUT FILE NAME:   <Lab10.out>
ENTRY POINT SYMBOL: "_c_int00_noargs"  address: 0000341d


MEMORY CONFIGURATION

         name            origin    length      used     unused   attr    fill
----------------------  --------  ---------  --------  --------  ----  --------
  FLASH                 00000000   00040000  00003741  0003c8bf  R  X
  SRAM                  20000000   00008000  00000534  00007acc  RW X


SEGMENT ALLOCATION MAP

run origin  load origin   length   init length attrs members
----------  ----------- ---------- ----------- ----- -------
00000000    00000000    00003748   00003748    r-x
  00000000    00000000    0000026c   0000026c    r-- .intvecs
  0000026c    0000026c    0000338c   0000338c    r-x .text
  000035f8    000035f8    00000109   00000109    r-- .const
  00003708    00003708    00000040   00000040    r-- .cinit
20000000    20000000    00000538   00000000    rw-
  20000000    20000000    0000026c   00000000    rw- .vtable
  20000270    20000270    00000200   00000000    rw- .stack
  20000470    20000470    00000098   00000000    rw- .bss
  20000508    20000508    00000020   00000000    rw- .data
  20000528    20000528    00000010   00000000    rw- .sysmem


SECTION ALLOCATION MAP

 output                                  attributes/
section   page    origin      length       input sections
--------  ----  ----------  ----------   ----------------
.intvecs   0    00000000    0000026c     
                  00000000    0000026c     tm4c123gh6pm_startup_ccs.obj (.intvecs)

.text      0    0000026c    0000338c     
                  0000026c    00000a4e     rtsv7M4_T_le_v4SPD16_eabi.lib : _printfi.c.obj (.text:__TI_printfi)
                  00000cba    00000002                                   : div0.asm.obj (.text)
                  00000cbc    00000328     lcd.obj (.text)
                  00000fe4    000002a8     libcybotUART.lib : uart.obj (.text)
                  0000128c    00000270     rtsv7M4_T_le_v4SPD16_eabi.lib : _printfi.c.obj (.text:_pconv_a)
                  000014fc    00000260     libcybotScan.lib : cyBot_Scan.obj (.text)
                  0000175c    00000248     Timer.obj (.text)
                  000019a4    00000238     ping_template.obj (.text)
                  00001bdc    00000224     mainLab10.obj (.text)
                  00001e00    000001d0     rtsv7M4_T_le_v4SPD16_eabi.lib : _printfi.c.obj (.text:_pconv_g)
                  00001fd0    000001b6                                   : fd_add_t2.asm.obj (.text)
                  00002186    00000002     --HOLE-- [fill = 0]
                  00002188    00000198     servo.obj (.text)
                  00002320    00000158     libcybotScan.lib : servo.obj (.text)
                  00002478    0000013c     rtsv7M4_T_le_v4SPD16_eabi.lib : _printfi.c.obj (.text:_pconv_e)
                  000025b4    00000136                                   : fd_div_t2.asm.obj (.text)
                  000026ea    00000002     --HOLE-- [fill = 0]
                  000026ec    00000124                                   : _printfi.c.obj (.text:fcvt)
                  00002810    00000118     libcybotScan.lib : ir.obj (.text)
                  00002928    00000110     rtsv7M4_T_le_v4SPD16_eabi.lib : s_scalbn.c.obj (.text:scalbn)
                  00002a38    000000fc                                   : fd_mul_t2.asm.obj (.text)
                  00002b34    000000f8                                   : s_floor.c.obj (.text:floor)
                  00002c2c    000000c4                                   : s_round.c.obj (.text:round)
                  00002cf0    000000b1                                   : _printfi.c.obj (.text:_ltostr)
                  00002da1    00000001     --HOLE-- [fill = 0]
                  00002da2    0000009c                                   : memcpy_t2.asm.obj (.text)
                  00002e3e    00000096                                   : ull_div_t2.asm.obj (.text)
                  00002ed4    00000086                                   : fd_cmp_t2.asm.obj (.text:__aeabi_cdcmple)
                  00002f5a    00000086                                   : fd_cmp_t2.asm.obj (.text:__aeabi_cdrcmple)
                  00002fe0    0000007a                                   : memset_t2.asm.obj (.text)
                  0000305a    0000006e                                   : _printfi.c.obj (.text:_mcpy)
                  000030c8    00000068                                   : copy_decompress_lzss.c.obj (.text:decompress:lzss:__TI_decompress_lzss)
                  00003130    00000064                                   : s_frexp.c.obj (.text:frexp)
                  00003194    00000056                                   : _printfi.c.obj (.text:_pconv_f)
                  000031ea    00000054                                   : _ltoa.c.obj (.text:__TI_ltoa)
                  0000323e    00000052                                   : _printfi.c.obj (.text:_ecpy)
                  00003290    0000004c                                   : atoi.c.obj (.text:atoi)
                  000032dc    00000048                                   : fd_toi_t2.asm.obj (.text)
                  00003324    00000044                                   : autoinit.c.obj (.text:__TI_auto_init_nobinit_nopinit:__TI_auto_init_nobinit_nopinit)
                  00003368    00000040                                   : vsnprintf.c.obj (.text:vsnprintf)
                  000033a8    0000003e                                   : _printfi.c.obj (.text:_fcpy)
                  000033e6    00000002     --HOLE-- [fill = 0]
                  000033e8    00000034     driverlib.lib : interrupt.obj (.text:IntRegister)
                  0000341c    00000034     rtsv7M4_T_le_v4SPD16_eabi.lib : boot_cortex_m.c.obj (.text:_c_int00_noargs:_c_int00_noargs)
                  00003450    00000030                                   : vsnprintf.c.obj (.text:_outs)
                  00003480    0000002e                                   : i_tofd_t2.asm.obj (.text)
                  000034ae    00000020                                   : u_tofd_t2.asm.obj (.text)
                  000034ce    0000001c                                   : copy_zero_init.c.obj (.text:decompress:ZI:__TI_zero_init_nomemset:__TI_zero_init_nomemset)
                  000034ea    0000001c                                   : memccpy.c.obj (.text:memccpy)
                  00003506    0000001a                                   : s_copysign.c.obj (.text:copysign)
                  00003520    00000018                                   : vsnprintf.c.obj (.text:_outc)
                  00003538    00000018                                   : strcmp.c.obj (.text:strcmp)
                  00003550    00000016                                   : strchr.c.obj (.text:strchr)
                  00003566    00000014                                   : strcpy.c.obj (.text:strcpy)
                  0000357a    00000014                                   : strlen.c.obj (.text:strlen)
                  0000358e    00000012                                   : wcslen.c.obj (.text:wcslen)
                  000035a0    00000010     driverlib.lib : interrupt.obj (.text:IntMasterEnable)
                  000035b0    00000010     lcd.obj (.text:lcd_clear)
                  000035c0    0000000e     rtsv7M4_T_le_v4SPD16_eabi.lib : copy_decompress_none.c.obj (.text:decompress:none:__TI_decompress_none)
                  000035ce    0000000c     driverlib.lib : cpu.obj (.text:CPUcpsie)
                  000035da    0000000c     tm4c123gh6pm_startup_ccs.obj (.text)
                  000035e6    00000002     --HOLE-- [fill = 0]
                  000035e8    00000008     rtsv7M4_T_le_v4SPD16_eabi.lib : errno.c.obj (.text:__aeabi_errno_addr)
                  000035f0    00000004                                   : pre_init.c.obj (.text:_system_pre_init)
                  000035f4    00000004                                   : exit.c.obj (.text:abort:abort)

.const     0    000035f8    00000109     
                  000035f8    00000101     rtsv7M4_T_le_v4SPD16_eabi.lib : ctype.c.obj (.const:.string:_ctypes_)
                  000036f9    00000004     lcd.obj (.const:.string:lineAddress$1)
                  000036fd    00000004     lcd.obj (.const:.string:lineAddresses$2)

.cinit     0    00003708    00000040     
                  00003708    0000000c     (__TI_handler_table)
                  00003714    00000004     --HOLE-- [fill = 0]
                  00003718    00000008     (.cinit..bss.load) [load image, compression = zero_init]
                  00003720    00000008     (.cinit..data.load) [load image, compression = lzss]
                  00003728    00000008     (.cinit..vtable.load) [load image, compression = zero_init]
                  00003730    00000018     (__TI_cinit_table)

.init_array 
*          0    00000000    00000000     UNINITIALIZED

.vtable    0    20000000    0000026c     UNINITIALIZED
                  20000000    0000026c     driverlib.lib : interrupt.obj (.vtable)

.stack     0    20000270    00000200     UNINITIALIZED
                  20000270    00000004     rtsv7M4_T_le_v4SPD16_eabi.lib : boot_cortex_m.c.obj (.stack)
                  20000274    000001fc     --HOLE--

.bss       0    20000470    00000098     UNINITIALIZED
                  20000470    00000054     lcd.obj (.bss:lastbuffer$3)
                  200004c4    00000034     (.common:isr_char_buffer)
                  200004f8    00000004     (.common:_timeout_ticks)
                  200004fc    00000004     (.common:isr_int_value)
                  20000500    00000004     (.common:left_calibration_value)
                  20000504    00000004     (.common:right_calibration_value)

.data      0    20000508    00000020     UNINITIALIZED
                  20000508    00000011     ping_template.obj (.data)
                  20000519    00000001     Timer.obj (.data)
                  2000051a    00000002     --HOLE--
                  2000051c    00000004     libcybotScan.lib : cyBot_Scan.obj (.data)
                  20000520    00000004     libcybotUART.lib : uart.obj (.data)
                  20000524    00000004     rtsv7M4_T_le_v4SPD16_eabi.lib : errno.c.obj (.data)

.sysmem    0    20000528    00000010     UNINITIALIZED
                  20000528    00000010     rtsv7M4_T_le_v4SPD16_eabi.lib : memory.c.obj (.sysmem)

__llvm_prf_cnts 
*          0    20000000    00000000     UNINITIALIZED

MODULE SUMMARY

       Module                         code    ro data   rw data
       ------                         ----    -------   -------
    .\
       lcd.obj                        824     8         84     
       tm4c123gh6pm_startup_ccs.obj   12      620       0      
       Timer.obj                      584     0         5      
       ping_template.obj              568     0         17     
       mainLab10.obj                  548     0         8      
       servo.obj                      408     0         0      
    +--+------------------------------+-------+---------+---------+
       Total:                         2944    628       114    
                                                               
    ../libcybotScan.lib
       cyBot_Scan.obj                 608     0         4      
       servo.obj                      344     0         0      
       ir.obj                         280     0         4      
    +--+------------------------------+-------+---------+---------+
       Total:                         1232    0         8      
                                                               
    ../libcybotUART.lib
       uart.obj                       680     0         56     
    +--+------------------------------+-------+---------+---------+
       Total:                         680     0         56     
                                                               
    C:/ti/TivaWare_C_Series-2.2.0.295/driverlib/ccs/Debug/driverlib.lib
       interrupt.obj                  68      0         620    
       cpu.obj                        12      0         0      
    +--+------------------------------+-------+---------+---------+
       Total:                         80      0         620    
                                                               
    C:\ti\ccs1230\ccs\tools\compiler\ti-cgt-arm_20.2.7.LTS\lib\rtsv7M4_T_le_v4SPD16_eabi.lib
       _printfi.c.obj                 4851    0         0      
       fd_add_t2.asm.obj              438     0         0      
       fd_div_t2.asm.obj              310     0         0      
       s_scalbn.c.obj                 272     0         0      
       fd_cmp_t2.asm.obj              268     0         0      
       ctype.c.obj                    0       257       0      
       fd_mul_t2.asm.obj              252     0         0      
       s_floor.c.obj                  248     0         0      
       s_round.c.obj                  196     0         0      
       memcpy_t2.asm.obj              156     0         0      
       ull_div_t2.asm.obj             150     0         0      
       vsnprintf.c.obj                136     0         0      
       memset_t2.asm.obj              122     0         0      
       copy_decompress_lzss.c.obj     104     0         0      
       s_frexp.c.obj                  100     0         0      
       _ltoa.c.obj                    84      0         0      
       atoi.c.obj                     76      0         0      
       fd_toi_t2.asm.obj              72      0         0      
       autoinit.c.obj                 68      0         0      
       boot_cortex_m.c.obj            52      0         0      
       i_tofd_t2.asm.obj              46      0         0      
       u_tofd_t2.asm.obj              32      0         0      
       copy_zero_init.c.obj           28      0         0      
       memccpy.c.obj                  28      0         0      
       s_copysign.c.obj               26      0         0      
       strcmp.c.obj                   24      0         0      
       strchr.c.obj                   22      0         0      
       strcpy.c.obj                   20      0         0      
       strlen.c.obj                   20      0         0      
       wcslen.c.obj                   18      0         0      
       copy_decompress_none.c.obj     14      0         0      
       errno.c.obj                    8       0         4      
       exit.c.obj                     4       0         0      
       pre_init.c.obj                 4       0         0      
       div0.asm.obj                   2       0         0      
    +--+------------------------------+-------+---------+---------+
       Total:                         8251    257       4      
                                                               
       Heap:                          0       0         16     
       Stack:                         0       0         512    
       Linker Generated:              0       60        0      
    +--+------------------------------+-------+---------+---------+
       Grand Total:                   13187   945       1330   


LINKER GENERATED COPY TABLES

__TI_cinit_table @ 00003730 records: 3, size/record: 8, table size: 24
	.bss: load addr=00003718, load size=00000008 bytes, run addr=20000470, run size=00000098 bytes, compression=zero_init
	.data: load addr=00003720, load size=00000008 bytes, run addr=20000508, run size=00000020 bytes, compression=lzss
	.vtable: load addr=00003728, load size=00000008 bytes, run addr=20000000, run size=0000026c bytes, compression=zero_init


LINKER GENERATED HANDLER TABLE

__TI_handler_table @ 00003708 records: 3, size/record: 4, table size: 12
	index: 0, handler: __TI_zero_init
	index: 1, handler: __TI_decompress_lzss
	index: 2, handler: __TI_decompress_none


GLOBAL SYMBOLS: SORTED ALPHABETICALLY BY Name 

address   name                          
-------   ----                          
000028a9  ADC0SS0_Handler               
000035f5  C$$EXIT                       
000035cf  CPUcpsie                      
2000050c  END_TIME                      
000035a1  IntMasterEnable               
000033e9  IntRegister                   
20000514  OVERFLOW                      
20000510  RESULTS                       
000035db  ResetISR                      
20000508  START_TIME                    
20000518  STATE                         
00001b0d  TIMER3B_Handler               
20000470  __STACK_END                   
00000200  __STACK_SIZE                  
20000470  __STACK_TOP                   
00000010  __SYSMEM_SIZE                 
00003730  __TI_CINIT_Base               
00003748  __TI_CINIT_Limit              
00003708  __TI_Handler_Table_Base       
00003714  __TI_Handler_Table_Limit      
00003325  __TI_auto_init_nobinit_nopinit
000030c9  __TI_decompress_lzss          
000035c1  __TI_decompress_none          
000031eb  __TI_ltoa                     
ffffffff  __TI_pprof_out_hndl           
0000026d  __TI_printfi                  
ffffffff  __TI_prof_data_size           
ffffffff  __TI_prof_data_start          
00000000  __TI_static_base__            
000034cf  __TI_zero_init_nomemset       
00002ed5  __aeabi_cdcmpeq               
00002ed5  __aeabi_cdcmple               
00002f5b  __aeabi_cdrcmple              
000032dd  __aeabi_d2iz                  
00001fdb  __aeabi_dadd                  
000025b5  __aeabi_ddiv                  
00002a39  __aeabi_dmul                  
00001fd1  __aeabi_dsub                  
000035e9  __aeabi_errno_addr            
00003481  __aeabi_i2d                   
00000cbb  __aeabi_idiv0                 
00000cbb  __aeabi_ldiv0                 
00002fe1  __aeabi_memclr                
00002fe1  __aeabi_memclr4               
00002fe1  __aeabi_memclr8               
00002da3  __aeabi_memcpy                
00002da3  __aeabi_memcpy4               
00002da3  __aeabi_memcpy8               
00002fe3  __aeabi_memset                
00002fe3  __aeabi_memset4               
00002fe3  __aeabi_memset8               
000034af  __aeabi_ui2d                  
00002e3f  __aeabi_uldivmod              
ffffffff  __binit__                     
ffffffff  __c_args__                    
UNDEFED   __mpu_init                    
20000270  __stack                       
20000000  __start___llvm_prf_cnts       
20000000  __stop___llvm_prf_cnts        
0000341d  _c_int00_noargs               
000035f8  _ctypes_                      
20000519  _running                      
20000528  _sys_memory                   
UNDEFED   _system_post_cinit            
000035f1  _system_pre_init              
200004f8  _timeout_ticks                
000035f5  abort                         
00003291  atoi                          
ffffffff  binit                         
0000226f  calcAngle                     
00001cbd  calculateDistance             
00001d03  calculatePingDis              
00003507  copysign                      
00003507  copysignl                     
000015d5  cyBOT_SERVO_cal               
00001563  cyBOT_Scan                    
0000150b  cyBOT_init_Scan               
2000051c  cyBOT_scan_features           
000014fd  cyBOT_scan_version            
00001231  cyBot_UART1_Handler           
00001223  cyBot_getByte_blocking        
00001203  cyBot_getByte_nonblocking     
00000fe5  cyBot_sendByte                
000011e9  cyBot_uart_flush              
00001153  cyBot_uart_init               
000010f3  cyBot_uart_init_PHJ_first_half
0000109b  cyBot_uart_init_clean         
00001023  cyBot_uart_init_last_half     
0000100b  cyBot_uart_sendBuffer         
00000ff1  cyBot_uart_sendStr            
20000524  errno                         
00002b35  floor                         
00002b35  floorl                        
00003131  frexp                         
00003131  frexpl                        
20000000  g_pfnRAMVectors               
00000000  g_pfnVectors                  
000028bf  ir_enableInterrupt            
000028a1  ir_getDistance                
00002879  ir_getValue                   
00002811  ir_init                       
200004c4  isr_char_buffer               
20000520  isr_counter                   
200004fc  isr_int_value                 
000035b1  lcd_clear                     
00000e91  lcd_gotoLine                  
00000cf9  lcd_init                      
00000ef7  lcd_printf                    
00000db9  lcd_putc                      
00000df1  lcd_puts                      
00000cbd  lcd_reverseNibble             
00000e0f  lcd_sendCommand               
00000e4d  lcd_sendNibble                
00000eb9  lcd_setCursorPos              
00002929  ldexp                         
00002929  ldexpl                        
20000500  left_calibration_value        
00001d5f  main                          
00001c05  makeString                    
000034eb  memccpy                       
00002da3  memcpy                        
00002fe9  memset                        
00001b4f  ping_getDistance              
000019a5  ping_init                     
00001a75  ping_trigger                  
00001bdd  printString2                  
20000504  right_calibration_value       
00002c2d  round                         
00002c2d  roundl                        
00002929  scalbn                        
00002929  scalbnl                       
00002321  servo_init                    
00002189  servo_init2                   
000023b1  servo_move                    
00002239  servo_move2                   
00002411  servo_setPWM                  
000023a5  servo_stop                    
00003551  strchr                        
00003539  strcmp                        
00003567  strcpy                        
0000357b  strlen                        
0000187b  timer_getMicros               
00001823  timer_getMillis               
0000175d  timer_init                    
000017ff  timer_pause                   
00001811  timer_resume                  
000017d5  timer_stop                    
000018d5  timer_waitMicros              
00001907  timer_waitMillis              
00003369  vsnprintf                     
0000358f  wcslen                        


GLOBAL SYMBOLS: SORTED BY Symbol Address 

address   name                          
-------   ----                          
00000000  __TI_static_base__            
00000000  g_pfnVectors                  
00000010  __SYSMEM_SIZE                 
00000200  __STACK_SIZE                  
0000026d  __TI_printfi                  
00000cbb  __aeabi_idiv0                 
00000cbb  __aeabi_ldiv0                 
00000cbd  lcd_reverseNibble             
00000cf9  lcd_init                      
00000db9  lcd_putc                      
00000df1  lcd_puts                      
00000e0f  lcd_sendCommand               
00000e4d  lcd_sendNibble                
00000e91  lcd_gotoLine                  
00000eb9  lcd_setCursorPos              
00000ef7  lcd_printf                    
00000fe5  cyBot_sendByte                
00000ff1  cyBot_uart_sendStr            
0000100b  cyBot_uart_sendBuffer         
00001023  cyBot_uart_init_last_half     
0000109b  cyBot_uart_init_clean         
000010f3  cyBot_uart_init_PHJ_first_half
00001153  cyBot_uart_init               
000011e9  cyBot_uart_flush              
00001203  cyBot_getByte_nonblocking     
00001223  cyBot_getByte_blocking        
00001231  cyBot_UART1_Handler           
000014fd  cyBOT_scan_version            
0000150b  cyBOT_init_Scan               
00001563  cyBOT_Scan                    
000015d5  cyBOT_SERVO_cal               
0000175d  timer_init                    
000017d5  timer_stop                    
000017ff  timer_pause                   
00001811  timer_resume                  
00001823  timer_getMillis               
0000187b  timer_getMicros               
000018d5  timer_waitMicros              
00001907  timer_waitMillis              
000019a5  ping_init                     
00001a75  ping_trigger                  
00001b0d  TIMER3B_Handler               
00001b4f  ping_getDistance              
00001bdd  printString2                  
00001c05  makeString                    
00001cbd  calculateDistance             
00001d03  calculatePingDis              
00001d5f  main                          
00001fd1  __aeabi_dsub                  
00001fdb  __aeabi_dadd                  
00002189  servo_init2                   
00002239  servo_move2                   
0000226f  calcAngle                     
00002321  servo_init                    
000023a5  servo_stop                    
000023b1  servo_move                    
00002411  servo_setPWM                  
000025b5  __aeabi_ddiv                  
00002811  ir_init                       
00002879  ir_getValue                   
000028a1  ir_getDistance                
000028a9  ADC0SS0_Handler               
000028bf  ir_enableInterrupt            
00002929  ldexp                         
00002929  ldexpl                        
00002929  scalbn                        
00002929  scalbnl                       
00002a39  __aeabi_dmul                  
00002b35  floor                         
00002b35  floorl                        
00002c2d  round                         
00002c2d  roundl                        
00002da3  __aeabi_memcpy                
00002da3  __aeabi_memcpy4               
00002da3  __aeabi_memcpy8               
00002da3  memcpy                        
00002e3f  __aeabi_uldivmod              
00002ed5  __aeabi_cdcmpeq               
00002ed5  __aeabi_cdcmple               
00002f5b  __aeabi_cdrcmple              
00002fe1  __aeabi_memclr                
00002fe1  __aeabi_memclr4               
00002fe1  __aeabi_memclr8               
00002fe3  __aeabi_memset                
00002fe3  __aeabi_memset4               
00002fe3  __aeabi_memset8               
00002fe9  memset                        
000030c9  __TI_decompress_lzss          
00003131  frexp                         
00003131  frexpl                        
000031eb  __TI_ltoa                     
00003291  atoi                          
000032dd  __aeabi_d2iz                  
00003325  __TI_auto_init_nobinit_nopinit
00003369  vsnprintf                     
000033e9  IntRegister                   
0000341d  _c_int00_noargs               
00003481  __aeabi_i2d                   
000034af  __aeabi_ui2d                  
000034cf  __TI_zero_init_nomemset       
000034eb  memccpy                       
00003507  copysign                      
00003507  copysignl                     
00003539  strcmp                        
00003551  strchr                        
00003567  strcpy                        
0000357b  strlen                        
0000358f  wcslen                        
000035a1  IntMasterEnable               
000035b1  lcd_clear                     
000035c1  __TI_decompress_none          
000035cf  CPUcpsie                      
000035db  ResetISR                      
000035e9  __aeabi_errno_addr            
000035f1  _system_pre_init              
000035f5  C$$EXIT                       
000035f5  abort                         
000035f8  _ctypes_                      
00003708  __TI_Handler_Table_Base       
00003714  __TI_Handler_Table_Limit      
00003730  __TI_CINIT_Base               
00003748  __TI_CINIT_Limit              
20000000  __start___llvm_prf_cnts       
20000000  __stop___llvm_prf_cnts        
20000000  g_pfnRAMVectors               
20000270  __stack                       
20000470  __STACK_END                   
20000470  __STACK_TOP                   
200004c4  isr_char_buffer               
200004f8  _timeout_ticks                
200004fc  isr_int_value                 
20000500  left_calibration_value        
20000504  right_calibration_value       
20000508  START_TIME                    
2000050c  END_TIME                      
20000510  RESULTS                       
20000514  OVERFLOW                      
20000518  STATE                         
20000519  _running                      
2000051c  cyBOT_scan_features           
20000520  isr_counter                   
20000524  errno                         
20000528  _sys_memory                   
ffffffff  __TI_pprof_out_hndl           
ffffffff  __TI_prof_data_size           
ffffffff  __TI_prof_data_start          
ffffffff  __binit__                     
ffffffff  __c_args__                    
ffffffff  binit                         
UNDEFED   __mpu_init                    
UNDEFED   _system_post_cinit            

[151 symbols]
