******************************************************************************
                  TI ARM Linker PC v20.2.7                     
******************************************************************************
>> Linked Tue Mar 26 17:54:15 2024

OUTPUT FILE NAME:   <Lab9.out>
ENTRY POINT SYMBOL: "_c_int00_noargs"  address: 00002815


MEMORY CONFIGURATION

         name            origin    length      used     unused   attr    fill
----------------------  --------  ---------  --------  --------  ----  --------
  FLASH                 00000000   00040000  00002b35  0003d4cb  R  X
  SRAM                  20000000   00008000  000012d9  00006d27  RW X


SEGMENT ALLOCATION MAP

run origin  load origin   length   init length attrs members
----------  ----------- ---------- ----------- ----- -------
00000000    00000000    00002b38   00002b38    r-x
  00000000    00000000    0000026c   0000026c    r-- .intvecs
  0000026c    0000026c    00002780   00002780    r-x .text
  000029ec    000029ec    00000109   00000109    r-- .const
  00002af8    00002af8    00000040   00000040    r-- .cinit
20000000    20000000    000012dd   00000000    rw-
  20000000    20000000    0000026c   00000000    rw- .vtable
  20000270    20000270    00001000   00000000    rw- .stack
  20001270    20001270    00000058   00000000    rw- .bss
  200012c8    200012c8    00000015   00000000    rw- .data


SECTION ALLOCATION MAP

 output                                  attributes/
section   page    origin      length       input sections
--------  ----  ----------  ----------   ----------------
.intvecs   0    00000000    0000026c     
                  00000000    0000026c     tm4c123gh6pm_startup_ccs.obj (.intvecs)

.text      0    0000026c    00002780     
                  0000026c    00000a4e     rtsv7M4_T_le_v4SPD16_eabi.lib : _printfi.c.obj (.text:__TI_printfi)
                  00000cba    00000002                                   : div0.asm.obj (.text)
                  00000cbc    00000328     lcd.obj (.text)
                  00000fe4    000002e8     ping_template.obj (.text)
                  000012cc    00000270     rtsv7M4_T_le_v4SPD16_eabi.lib : _printfi.c.obj (.text:_pconv_a)
                  0000153c    00000248     Timer.obj (.text)
                  00001784    000001d0     rtsv7M4_T_le_v4SPD16_eabi.lib : _printfi.c.obj (.text:_pconv_g)
                  00001954    000001b6                                   : fd_add_t2.asm.obj (.text)
                  00001b0a    00000002     --HOLE-- [fill = 0]
                  00001b0c    0000013c                                   : _printfi.c.obj (.text:_pconv_e)
                  00001c48    00000136                                   : fd_div_t2.asm.obj (.text)
                  00001d7e    00000002     --HOLE-- [fill = 0]
                  00001d80    00000124                                   : _printfi.c.obj (.text:fcvt)
                  00001ea4    00000110                                   : s_scalbn.c.obj (.text:scalbn)
                  00001fb4    000000fc                                   : fd_mul_t2.asm.obj (.text)
                  000020b0    000000b1                                   : _printfi.c.obj (.text:_ltostr)
                  00002161    00000001     --HOLE-- [fill = 0]
                  00002162    0000009c                                   : memcpy_t2.asm.obj (.text)
                  000021fe    00000096                                   : ull_div_t2.asm.obj (.text)
                  00002294    00000086                                   : fd_cmp_t2.asm.obj (.text:__aeabi_cdcmple)
                  0000231a    00000086                                   : fd_cmp_t2.asm.obj (.text:__aeabi_cdrcmple)
                  000023a0    0000007a                                   : memset_t2.asm.obj (.text)
                  0000241a    0000006e                                   : _printfi.c.obj (.text:_mcpy)
                  00002488    00000068                                   : copy_decompress_lzss.c.obj (.text:decompress:lzss:__TI_decompress_lzss)
                  000024f0    00000064                                   : s_frexp.c.obj (.text:frexp)
                  00002554    00000056                                   : _printfi.c.obj (.text:_pconv_f)
                  000025aa    00000054                                   : _ltoa.c.obj (.text:__TI_ltoa)
                  000025fe    00000052                                   : _printfi.c.obj (.text:_ecpy)
                  00002650    0000004c                                   : atoi.c.obj (.text:atoi)
                  0000269c    00000048                                   : fd_toi_t2.asm.obj (.text)
                  000026e4    00000044                                   : autoinit.c.obj (.text:__TI_auto_init_nobinit_nopinit:__TI_auto_init_nobinit_nopinit)
                  00002728    00000040                                   : vsnprintf.c.obj (.text:vsnprintf)
                  00002768    0000003e                                   : _printfi.c.obj (.text:_fcpy)
                  000027a6    00000038                                   : fs_tod_t2.asm.obj (.text)
                  000027de    00000002     --HOLE-- [fill = 0]
                  000027e0    00000034     driverlib.lib : interrupt.obj (.text:IntRegister)
                  00002814    00000034     rtsv7M4_T_le_v4SPD16_eabi.lib : boot_cortex_m.c.obj (.text:_c_int00_noargs:_c_int00_noargs)
                  00002848    00000030                                   : vsnprintf.c.obj (.text:_outs)
                  00002878    0000002e                                   : i_tofd_t2.asm.obj (.text)
                  000028a6    0000001c                                   : copy_zero_init.c.obj (.text:decompress:ZI:__TI_zero_init_nomemset:__TI_zero_init_nomemset)
                  000028c2    0000001c     lab9_template.obj (.text)
                  000028de    0000001c     rtsv7M4_T_le_v4SPD16_eabi.lib : memccpy.c.obj (.text:memccpy)
                  000028fa    0000001a                                   : s_copysign.c.obj (.text:copysign)
                  00002914    00000018                                   : vsnprintf.c.obj (.text:_outc)
                  0000292c    00000018                                   : strcmp.c.obj (.text:strcmp)
                  00002944    00000016                                   : strchr.c.obj (.text:strchr)
                  0000295a    00000014                                   : strcpy.c.obj (.text:strcpy)
                  0000296e    00000014                                   : strlen.c.obj (.text:strlen)
                  00002982    00000012                                   : wcslen.c.obj (.text:wcslen)
                  00002994    00000010     driverlib.lib : interrupt.obj (.text:IntMasterEnable)
                  000029a4    00000010     lcd.obj (.text:lcd_clear)
                  000029b4    0000000e     rtsv7M4_T_le_v4SPD16_eabi.lib : copy_decompress_none.c.obj (.text:decompress:none:__TI_decompress_none)
                  000029c2    0000000c     driverlib.lib : cpu.obj (.text:CPUcpsie)
                  000029ce    0000000c     tm4c123gh6pm_startup_ccs.obj (.text)
                  000029da    00000002     --HOLE-- [fill = 0]
                  000029dc    00000008     rtsv7M4_T_le_v4SPD16_eabi.lib : errno.c.obj (.text:__aeabi_errno_addr)
                  000029e4    00000004                                   : pre_init.c.obj (.text:_system_pre_init)
                  000029e8    00000004                                   : exit.c.obj (.text:abort:abort)

.const     0    000029ec    00000109     
                  000029ec    00000101     rtsv7M4_T_le_v4SPD16_eabi.lib : ctype.c.obj (.const:.string:_ctypes_)
                  00002aed    00000004     lcd.obj (.const:.string:lineAddress$1)
                  00002af1    00000004     lcd.obj (.const:.string:lineAddresses$2)

.cinit     0    00002af8    00000040     
                  00002af8    0000000c     (.cinit..data.load) [load image, compression = lzss]
                  00002b04    0000000c     (__TI_handler_table)
                  00002b10    00000008     (.cinit..bss.load) [load image, compression = zero_init]
                  00002b18    00000008     (.cinit..vtable.load) [load image, compression = zero_init]
                  00002b20    00000018     (__TI_cinit_table)

.init_array 
*          0    00000000    00000000     UNINITIALIZED

.vtable    0    20000000    0000026c     UNINITIALIZED
                  20000000    0000026c     driverlib.lib : interrupt.obj (.vtable)

.bss       0    20001270    00000058     UNINITIALIZED
                  20001270    00000054     lcd.obj (.bss:lastbuffer$3)
                  200012c4    00000004     (.common:_timeout_ticks)

.data      0    200012c8    00000015     UNINITIALIZED
                  200012c8    00000010     ping_template.obj (.data)
                  200012d8    00000004     rtsv7M4_T_le_v4SPD16_eabi.lib : errno.c.obj (.data)
                  200012dc    00000001     Timer.obj (.data)

.stack     0    20000270    00001000     UNINITIALIZED
                  20000270    00000004     rtsv7M4_T_le_v4SPD16_eabi.lib : boot_cortex_m.c.obj (.stack)
                  20000274    00000ffc     --HOLE--

__llvm_prf_cnts 
*          0    20000000    00000000     UNINITIALIZED

MODULE SUMMARY

       Module                         code    ro data   rw data
       ------                         ----    -------   -------
    .\
       lcd.obj                        824     8         84     
       ping_template.obj              744     0         16     
       tm4c123gh6pm_startup_ccs.obj   12      620       0      
       Timer.obj                      584     0         5      
       lab9_template.obj              28      0         0      
    +--+------------------------------+-------+---------+---------+
       Total:                         2192    628       105    
                                                               
    C:/ti/TivaWare_C_Series-2.2.0.295/driverlib/ccs/Debug/driverlib.lib
       interrupt.obj                  68      0         620    
       cpu.obj                        12      0         0      
    +--+------------------------------+-------+---------+---------+
       Total:                         80      0         620    
                                                               
    C:\ti\ccs1230\ccs\tools\compiler\ti-cgt-arm_20.2.7.LTS\lib\rtsv7M4_T_le_v4SPD16_eabi.lib
       _printfi.c.obj                 4851    0         0      
       fd_add_t2.asm.obj              438     0         0      
       fd_div_t2.asm.obj              310     0         0      
       s_scalbn.c.obj                 272     0         0      
       fd_cmp_t2.asm.obj              268     0         0      
       ctype.c.obj                    0       257       0      
       fd_mul_t2.asm.obj              252     0         0      
       memcpy_t2.asm.obj              156     0         0      
       ull_div_t2.asm.obj             150     0         0      
       vsnprintf.c.obj                136     0         0      
       memset_t2.asm.obj              122     0         0      
       copy_decompress_lzss.c.obj     104     0         0      
       s_frexp.c.obj                  100     0         0      
       _ltoa.c.obj                    84      0         0      
       atoi.c.obj                     76      0         0      
       fd_toi_t2.asm.obj              72      0         0      
       autoinit.c.obj                 68      0         0      
       fs_tod_t2.asm.obj              56      0         0      
       boot_cortex_m.c.obj            52      0         0      
       i_tofd_t2.asm.obj              46      0         0      
       copy_zero_init.c.obj           28      0         0      
       memccpy.c.obj                  28      0         0      
       s_copysign.c.obj               26      0         0      
       strcmp.c.obj                   24      0         0      
       strchr.c.obj                   22      0         0      
       strcpy.c.obj                   20      0         0      
       strlen.c.obj                   20      0         0      
       wcslen.c.obj                   18      0         0      
       copy_decompress_none.c.obj     14      0         0      
       errno.c.obj                    8       0         4      
       exit.c.obj                     4       0         0      
       pre_init.c.obj                 4       0         0      
       div0.asm.obj                   2       0         0      
    +--+------------------------------+-------+---------+---------+
       Total:                         7831    257       4      
                                                               
       Stack:                         0       0         4096   
       Linker Generated:              0       64        0      
    +--+------------------------------+-------+---------+---------+
       Grand Total:                   10103   949       4825   


LINKER GENERATED COPY TABLES

__TI_cinit_table @ 00002b20 records: 3, size/record: 8, table size: 24
	.data: load addr=00002af8, load size=0000000c bytes, run addr=200012c8, run size=00000015 bytes, compression=lzss
	.bss: load addr=00002b10, load size=00000008 bytes, run addr=20001270, run size=00000058 bytes, compression=zero_init
	.vtable: load addr=00002b18, load size=00000008 bytes, run addr=20000000, run size=0000026c bytes, compression=zero_init


LINKER GENERATED HANDLER TABLE

__TI_handler_table @ 00002b04 records: 3, size/record: 4, table size: 12
	index: 0, handler: __TI_zero_init
	index: 1, handler: __TI_decompress_lzss
	index: 2, handler: __TI_decompress_none


GLOBAL SYMBOLS: SORTED ALPHABETICALLY BY Name 

address   name                          
-------   ----                          
000029e9  C$$EXIT                       
000029c3  CPUcpsie                      
200012cc  END_TIME                      
00002995  IntMasterEnable               
000027e1  IntRegister                   
000029cf  ResetISR                      
200012c8  START_TIME                    
200012d0  STATE                         
0000111f  TIMER3B_Handler               
20001270  __STACK_END                   
00001000  __STACK_SIZE                  
20000470  __STACK_TOP                   
00002b20  __TI_CINIT_Base               
00002b38  __TI_CINIT_Limit              
00002b04  __TI_Handler_Table_Base       
00002b10  __TI_Handler_Table_Limit      
000026e5  __TI_auto_init_nobinit_nopinit
00002489  __TI_decompress_lzss          
000029b5  __TI_decompress_none          
000025ab  __TI_ltoa                     
ffffffff  __TI_pprof_out_hndl           
0000026d  __TI_printfi                  
ffffffff  __TI_prof_data_size           
ffffffff  __TI_prof_data_start          
00000000  __TI_static_base__            
000028a7  __TI_zero_init_nomemset       
00002295  __aeabi_cdcmpeq               
00002295  __aeabi_cdcmple               
0000231b  __aeabi_cdrcmple              
0000269d  __aeabi_d2iz                  
0000195f  __aeabi_dadd                  
00001c49  __aeabi_ddiv                  
00001fb5  __aeabi_dmul                  
00001955  __aeabi_dsub                  
000029dd  __aeabi_errno_addr            
000027a7  __aeabi_f2d                   
00002879  __aeabi_i2d                   
00000cbb  __aeabi_idiv0                 
00000cbb  __aeabi_ldiv0                 
000023a1  __aeabi_memclr                
000023a1  __aeabi_memclr4               
000023a1  __aeabi_memclr8               
00002163  __aeabi_memcpy                
00002163  __aeabi_memcpy4               
00002163  __aeabi_memcpy8               
000023a3  __aeabi_memset                
000023a3  __aeabi_memset4               
000023a3  __aeabi_memset8               
000021ff  __aeabi_uldivmod              
ffffffff  __binit__                     
ffffffff  __c_args__                    
UNDEFED   __mpu_init                    
20000270  __stack                       
20000000  __start___llvm_prf_cnts       
20000000  __stop___llvm_prf_cnts        
00002815  _c_int00_noargs               
000029ec  _ctypes_                      
200012dc  _running                      
UNDEFED   _system_post_cinit            
000029e5  _system_pre_init              
200012c4  _timeout_ticks                
000029e9  abort                         
00002651  atoi                          
ffffffff  binit                         
000028fb  copysign                      
000028fb  copysignl                     
200012d4  count                         
200012d8  errno                         
000024f1  frexp                         
000024f1  frexpl                        
20000000  g_pfnRAMVectors               
00000000  g_pfnVectors                  
000029a5  lcd_clear                     
00000e91  lcd_gotoLine                  
00000cf9  lcd_init                      
00000ef7  lcd_printf                    
00000db9  lcd_putc                      
00000df1  lcd_puts                      
00000cbd  lcd_reverseNibble             
00000e0f  lcd_sendCommand               
00000e4d  lcd_sendNibble                
00000eb9  lcd_setCursorPos              
00001ea5  ldexp                         
00001ea5  ldexpl                        
000028c3  main                          
000028df  memccpy                       
00002163  memcpy                        
000023a9  memset                        
0000115f  ping_getDistance              
00000fe5  ping_init                     
0000109f  ping_trigger                  
00001ea5  scalbn                        
00001ea5  scalbnl                       
00002945  strchr                        
0000292d  strcmp                        
0000295b  strcpy                        
0000296f  strlen                        
0000165b  timer_getMicros               
00001603  timer_getMillis               
0000153d  timer_init                    
000015df  timer_pause                   
000015f1  timer_resume                  
000015b5  timer_stop                    
000016b5  timer_waitMicros              
000016e7  timer_waitMillis              
00002729  vsnprintf                     
00002983  wcslen                        


GLOBAL SYMBOLS: SORTED BY Symbol Address 

address   name                          
-------   ----                          
00000000  __TI_static_base__            
00000000  g_pfnVectors                  
0000026d  __TI_printfi                  
00000cbb  __aeabi_idiv0                 
00000cbb  __aeabi_ldiv0                 
00000cbd  lcd_reverseNibble             
00000cf9  lcd_init                      
00000db9  lcd_putc                      
00000df1  lcd_puts                      
00000e0f  lcd_sendCommand               
00000e4d  lcd_sendNibble                
00000e91  lcd_gotoLine                  
00000eb9  lcd_setCursorPos              
00000ef7  lcd_printf                    
00000fe5  ping_init                     
00001000  __STACK_SIZE                  
0000109f  ping_trigger                  
0000111f  TIMER3B_Handler               
0000115f  ping_getDistance              
0000153d  timer_init                    
000015b5  timer_stop                    
000015df  timer_pause                   
000015f1  timer_resume                  
00001603  timer_getMillis               
0000165b  timer_getMicros               
000016b5  timer_waitMicros              
000016e7  timer_waitMillis              
00001955  __aeabi_dsub                  
0000195f  __aeabi_dadd                  
00001c49  __aeabi_ddiv                  
00001ea5  ldexp                         
00001ea5  ldexpl                        
00001ea5  scalbn                        
00001ea5  scalbnl                       
00001fb5  __aeabi_dmul                  
00002163  __aeabi_memcpy                
00002163  __aeabi_memcpy4               
00002163  __aeabi_memcpy8               
00002163  memcpy                        
000021ff  __aeabi_uldivmod              
00002295  __aeabi_cdcmpeq               
00002295  __aeabi_cdcmple               
0000231b  __aeabi_cdrcmple              
000023a1  __aeabi_memclr                
000023a1  __aeabi_memclr4               
000023a1  __aeabi_memclr8               
000023a3  __aeabi_memset                
000023a3  __aeabi_memset4               
000023a3  __aeabi_memset8               
000023a9  memset                        
00002489  __TI_decompress_lzss          
000024f1  frexp                         
000024f1  frexpl                        
000025ab  __TI_ltoa                     
00002651  atoi                          
0000269d  __aeabi_d2iz                  
000026e5  __TI_auto_init_nobinit_nopinit
00002729  vsnprintf                     
000027a7  __aeabi_f2d                   
000027e1  IntRegister                   
00002815  _c_int00_noargs               
00002879  __aeabi_i2d                   
000028a7  __TI_zero_init_nomemset       
000028c3  main                          
000028df  memccpy                       
000028fb  copysign                      
000028fb  copysignl                     
0000292d  strcmp                        
00002945  strchr                        
0000295b  strcpy                        
0000296f  strlen                        
00002983  wcslen                        
00002995  IntMasterEnable               
000029a5  lcd_clear                     
000029b5  __TI_decompress_none          
000029c3  CPUcpsie                      
000029cf  ResetISR                      
000029dd  __aeabi_errno_addr            
000029e5  _system_pre_init              
000029e9  C$$EXIT                       
000029e9  abort                         
000029ec  _ctypes_                      
00002b04  __TI_Handler_Table_Base       
00002b10  __TI_Handler_Table_Limit      
00002b20  __TI_CINIT_Base               
00002b38  __TI_CINIT_Limit              
20000000  __start___llvm_prf_cnts       
20000000  __stop___llvm_prf_cnts        
20000000  g_pfnRAMVectors               
20000270  __stack                       
20000470  __STACK_TOP                   
20001270  __STACK_END                   
200012c4  _timeout_ticks                
200012c8  START_TIME                    
200012cc  END_TIME                      
200012d0  STATE                         
200012d4  count                         
200012d8  errno                         
200012dc  _running                      
ffffffff  __TI_pprof_out_hndl           
ffffffff  __TI_prof_data_size           
ffffffff  __TI_prof_data_start          
ffffffff  __binit__                     
ffffffff  __c_args__                    
ffffffff  binit                         
UNDEFED   __mpu_init                    
UNDEFED   _system_post_cinit            

[107 symbols]
