******************************************************************************
                  TI ARM Linker PC v20.2.7                     
******************************************************************************
>> Linked Thu Mar  7 11:33:20 2024

OUTPUT FILE NAME:   <Lab6.out>
ENTRY POINT SYMBOL: "_c_int00_noargs"  address: 00004239


MEMORY CONFIGURATION

         name            origin    length      used     unused   attr    fill
----------------------  --------  ---------  --------  --------  ----  --------
  FLASH                 00000000   00040000  000045e8  0003ba18  R  X
  SRAM                  20000000   00008000  0000057f  00007a81  RW X


SEGMENT ALLOCATION MAP

run origin  load origin   length   init length attrs members
----------  ----------- ---------- ----------- ----- -------
00000000    00000000    000045e8   000045e8    r-x
  00000000    00000000    0000026c   0000026c    r-- .intvecs
  0000026c    0000026c    0000420c   0000420c    r-x .text
  00004478    00004478    00000118   00000118    r-- .const
  00004590    00004590    00000058   00000058    r-- .cinit
20000000    20000000    00000588   00000000    rw-
  20000000    20000000    0000026c   00000000    rw- .vtable
  20000270    20000270    00000200   00000000    rw- .stack
  20000470    20000470    000000bd   00000000    rw- .bss
  20000530    20000530    00000046   00000000    rw- .data
  20000578    20000578    00000010   00000000    rw- .sysmem


SECTION ALLOCATION MAP

 output                                  attributes/
section   page    origin      length       input sections
--------  ----  ----------  ----------   ----------------
.intvecs   0    00000000    0000026c     
                  00000000    0000026c     tm4c123gh6pm_startup_ccs.obj (.intvecs)

.text      0    0000026c    0000420c     
                  0000026c    00000c20     open_interface.obj (.text)
                  00000e8c    00000a4e     rtsv7M4_T_le_v4SPD16_eabi.lib : _printfi.c.obj (.text:__TI_printfi)
                  000018da    00000002                                   : _lock.c.obj (.text:_nop)
                  000018dc    00000328     lcd.obj (.text)
                  00001c04    000002a8     libcybotUART.lib : uart.obj (.text)
                  00001eac    00000270     rtsv7M4_T_le_v4SPD16_eabi.lib : _printfi.c.obj (.text:_pconv_a)
                  0000211c    0000026c     uart-interrupt.obj (.text)
                  00002388    00000260     libcybotScan.lib : cyBot_Scan.obj (.text)
                  000025e8    00000248     Timer.obj (.text)
                  00002830    000001ec     libcybotScan.lib : ping.obj (.text)
                  00002a1c    000001d0     rtsv7M4_T_le_v4SPD16_eabi.lib : _printfi.c.obj (.text:_pconv_g)
                  00002bec    000001b6                                   : fd_add_t2.asm.obj (.text)
                  00002da2    00000002                                   : div0.asm.obj (.text)
                  00002da4    00000158     libcybotScan.lib : servo.obj (.text)
                  00002efc    0000013c     rtsv7M4_T_le_v4SPD16_eabi.lib : _printfi.c.obj (.text:_pconv_e)
                  00003038    00000136                                   : fd_div_t2.asm.obj (.text)
                  0000316e    00000002     --HOLE-- [fill = 0]
                  00003170    00000124                                   : _printfi.c.obj (.text:fcvt)
                  00003294    00000118     button.obj (.text)
                  000033ac    00000118     libcybotScan.lib : ir.obj (.text)
                  000034c4    00000110     rtsv7M4_T_le_v4SPD16_eabi.lib : s_scalbn.c.obj (.text:scalbn)
                  000035d4    00000108     mainLab6.obj (.text)
                  000036dc    00000100     rtsv7M4_T_le_v4SPD16_eabi.lib : memory.c.obj (.text:aligned_alloc)
                  000037dc    000000fc                                   : fd_mul_t2.asm.obj (.text)
                  000038d8    000000e4                                   : memory.c.obj (.text:free)
                  000039bc    000000b1                                   : _printfi.c.obj (.text:_ltostr)
                  00003a6d    00000001     --HOLE-- [fill = 0]
                  00003a6e    0000009c                                   : memcpy_t2.asm.obj (.text)
                  00003b0a    00000096                                   : ull_div_t2.asm.obj (.text)
                  00003ba0    00000086                                   : fd_cmp_t2.asm.obj (.text:__aeabi_cdcmple)
                  00003c26    00000086                                   : fd_cmp_t2.asm.obj (.text:__aeabi_cdrcmple)
                  00003cac    0000007a                                   : memset_t2.asm.obj (.text)
                  00003d26    00000002     --HOLE-- [fill = 0]
                  00003d28    00000070                                   : memory.c.obj (.text:split)
                  00003d98    0000006e                                   : _printfi.c.obj (.text:_mcpy)
                  00003e06    0000006e                                   : fd_tos_t2.asm.obj (.text)
                  00003e74    00000068                                   : copy_decompress_lzss.c.obj (.text:decompress:lzss:__TI_decompress_lzss)
                  00003edc    00000064                                   : s_frexp.c.obj (.text:frexp)
                  00003f40    00000056                                   : _printfi.c.obj (.text:_pconv_f)
                  00003f96    00000054                                   : _ltoa.c.obj (.text:__TI_ltoa)
                  00003fea    00000052                                   : _printfi.c.obj (.text:_ecpy)
                  0000403c    0000004c                                   : atoi.c.obj (.text:atoi)
                  00004088    00000048                                   : fd_toi_t2.asm.obj (.text)
                  000040d0    00000044                                   : autoinit.c.obj (.text:__TI_auto_init_nobinit_nopinit:__TI_auto_init_nobinit_nopinit)
                  00004114    00000040                                   : vsnprintf.c.obj (.text:vsnprintf)
                  00004154    0000003e                                   : _printfi.c.obj (.text:_fcpy)
                  00004192    00000002     --HOLE-- [fill = 0]
                  00004194    00000038                                   : memory.c.obj (.text:calloc)
                  000041cc    00000038                                   : fs_tod_t2.asm.obj (.text)
                  00004204    00000034     driverlib.lib : interrupt.obj (.text:IntRegister)
                  00004238    00000034     rtsv7M4_T_le_v4SPD16_eabi.lib : boot_cortex_m.c.obj (.text:_c_int00_noargs:_c_int00_noargs)
                  0000426c    00000030                                   : vsnprintf.c.obj (.text:_outs)
                  0000429c    0000002e                                   : i_tofd_t2.asm.obj (.text)
                  000042ca    00000002     --HOLE-- [fill = 0]
                  000042cc    00000028                                   : memory.c.obj (.text:free_list_insert)
                  000042f4    00000020                                   : u_tofd_t2.asm.obj (.text)
                  00004314    0000001c                                   : copy_zero_init.c.obj (.text:decompress:ZI:__TI_zero_init_nomemset:__TI_zero_init_nomemset)
                  00004330    0000001c                                   : memory.c.obj (.text:free_list_remove)
                  0000434c    0000001c                                   : memccpy.c.obj (.text:memccpy)
                  00004368    0000001a                                   : s_copysign.c.obj (.text:copysign)
                  00004382    00000018                                   : vsnprintf.c.obj (.text:_outc)
                  0000439a    00000018     open_interface.obj (.text:oi_parseInt)
                  000043b2    00000018     rtsv7M4_T_le_v4SPD16_eabi.lib : strcmp.c.obj (.text:strcmp)
                  000043ca    00000016                                   : strchr.c.obj (.text:strchr)
                  000043e0    00000014                                   : strcpy.c.obj (.text:strcpy)
                  000043f4    00000014                                   : strlen.c.obj (.text:strlen)
                  00004408    00000012                                   : wcslen.c.obj (.text:wcslen)
                  0000441a    00000010     driverlib.lib : interrupt.obj (.text:IntMasterEnable)
                  0000442a    00000010     lcd.obj (.text:lcd_clear)
                  0000443a    0000000e     rtsv7M4_T_le_v4SPD16_eabi.lib : copy_decompress_none.c.obj (.text:decompress:none:__TI_decompress_none)
                  00004448    0000000c     driverlib.lib : cpu.obj (.text:CPUcpsie)
                  00004454    0000000c     tm4c123gh6pm_startup_ccs.obj (.text)
                  00004460    00000008     rtsv7M4_T_le_v4SPD16_eabi.lib : errno.c.obj (.text:__aeabi_errno_addr)
                  00004468    00000008                                   : memory.c.obj (.text:malloc)
                  00004470    00000004                                   : pre_init.c.obj (.text:_system_pre_init)
                  00004474    00000004                                   : exit.c.obj (.text:abort:abort)

.const     0    00004478    00000118     
                  00004478    00000101     rtsv7M4_T_le_v4SPD16_eabi.lib : ctype.c.obj (.const:.string:_ctypes_)
                  00004579    0000000f     open_interface.obj (.const:.string:$P$T0$3)
                  00004588    00000004     lcd.obj (.const:.string:lineAddress$1)
                  0000458c    00000004     lcd.obj (.const:.string:lineAddresses$2)

.cinit     0    00004590    00000058     
                  00004590    00000020     (.cinit..data.load) [load image, compression = lzss]
                  000045b0    0000000c     (__TI_handler_table)
                  000045bc    00000004     --HOLE-- [fill = 0]
                  000045c0    00000008     (.cinit..bss.load) [load image, compression = zero_init]
                  000045c8    00000008     (.cinit..vtable.load) [load image, compression = zero_init]
                  000045d0    00000018     (__TI_cinit_table)

.init_array 
*          0    00000000    00000000     UNINITIALIZED

.vtable    0    20000000    0000026c     UNINITIALIZED
                  20000000    0000026c     driverlib.lib : interrupt.obj (.vtable)

.stack     0    20000270    00000200     UNINITIALIZED
                  20000270    00000004     rtsv7M4_T_le_v4SPD16_eabi.lib : boot_cortex_m.c.obj (.stack)
                  20000274    000001fc     --HOLE--

.bss       0    20000470    000000bd     UNINITIALIZED
                  20000470    00000054     lcd.obj (.bss:lastbuffer$3)
                  200004c4    00000034     (.common:isr_char_buffer)
                  200004f8    00000018     open_interface.obj (.bss:firmware$2)
                  20000510    00000004     (.common:_timeout_ticks)
                  20000514    00000004     (.common:fallingEdge)
                  20000518    00000004     (.common:isr_int_value)
                  2000051c    00000004     (.common:left_calibration_value)
                  20000520    00000004     (.common:pulseLength)
                  20000524    00000004     (.common:right_calibration_value)
                  20000528    00000004     (.common:risingEdge)
                  2000052c    00000001     (.common:isRisingEdge)

.data      0    20000530    00000046     UNINITIALIZED
                  20000530    00000020     open_interface.obj (.data)
                  20000550    00000008     rtsv7M4_T_le_v4SPD16_eabi.lib : _lock.c.obj (.data:$O1$$)
                  20000558    00000008                                   : memory.c.obj (.data:$O1$$)
                  20000560    00000008     uart-interrupt.obj (.data)
                  20000568    00000004     libcybotScan.lib : cyBot_Scan.obj (.data)
                  2000056c    00000004     libcybotUART.lib : uart.obj (.data)
                  20000570    00000004     rtsv7M4_T_le_v4SPD16_eabi.lib : errno.c.obj (.data)
                  20000574    00000001     Timer.obj (.data)
                  20000575    00000001     button.obj (.data)

.sysmem    0    20000578    00000010     UNINITIALIZED
                  20000578    00000010     rtsv7M4_T_le_v4SPD16_eabi.lib : memory.c.obj (.sysmem)

__llvm_prf_cnts 
*          0    20000000    00000000     UNINITIALIZED

MODULE SUMMARY

       Module                         code    ro data   rw data
       ------                         ----    -------   -------
    .\
       open_interface.obj             3128    15        56     
       lcd.obj                        824     8         84     
       tm4c123gh6pm_startup_ccs.obj   12      620       0      
       uart-interrupt.obj             620     0         8      
       Timer.obj                      584     0         5      
       button.obj                     280     0         1      
       mainLab6.obj                   264     0         8      
    +--+------------------------------+-------+---------+---------+
       Total:                         5712    643       162    
                                                               
    ../libcybotScan.lib
       cyBot_Scan.obj                 608     0         4      
       ping.obj                       492     0         13     
       servo.obj                      344     0         0      
       ir.obj                         280     0         4      
    +--+------------------------------+-------+---------+---------+
       Total:                         1724    0         21     
                                                               
    ../libcybotUART.lib
       uart.obj                       680     0         56     
    +--+------------------------------+-------+---------+---------+
       Total:                         680     0         56     
                                                               
    C:/ti/TivaWare_C_Series-2.2.0.295/driverlib/ccs/Debug/driverlib.lib
       interrupt.obj                  68      0         620    
       cpu.obj                        12      0         0      
    +--+------------------------------+-------+---------+---------+
       Total:                         80      0         620    
                                                               
    C:\ti\ccs1230\ccs\tools\compiler\ti-cgt-arm_20.2.7.LTS\lib\rtsv7M4_T_le_v4SPD16_eabi.lib
       _printfi.c.obj                 4851    0         0      
       memory.c.obj                   728     0         8      
       fd_add_t2.asm.obj              438     0         0      
       fd_div_t2.asm.obj              310     0         0      
       s_scalbn.c.obj                 272     0         0      
       fd_cmp_t2.asm.obj              268     0         0      
       ctype.c.obj                    0       257       0      
       fd_mul_t2.asm.obj              252     0         0      
       memcpy_t2.asm.obj              156     0         0      
       ull_div_t2.asm.obj             150     0         0      
       vsnprintf.c.obj                136     0         0      
       memset_t2.asm.obj              122     0         0      
       fd_tos_t2.asm.obj              110     0         0      
       copy_decompress_lzss.c.obj     104     0         0      
       s_frexp.c.obj                  100     0         0      
       _ltoa.c.obj                    84      0         0      
       atoi.c.obj                     76      0         0      
       fd_toi_t2.asm.obj              72      0         0      
       autoinit.c.obj                 68      0         0      
       fs_tod_t2.asm.obj              56      0         0      
       boot_cortex_m.c.obj            52      0         0      
       i_tofd_t2.asm.obj              46      0         0      
       u_tofd_t2.asm.obj              32      0         0      
       copy_zero_init.c.obj           28      0         0      
       memccpy.c.obj                  28      0         0      
       s_copysign.c.obj               26      0         0      
       strcmp.c.obj                   24      0         0      
       strchr.c.obj                   22      0         0      
       strcpy.c.obj                   20      0         0      
       strlen.c.obj                   20      0         0      
       wcslen.c.obj                   18      0         0      
       copy_decompress_none.c.obj     14      0         0      
       errno.c.obj                    8       0         4      
       _lock.c.obj                    2       0         8      
       exit.c.obj                     4       0         0      
       pre_init.c.obj                 4       0         0      
       div0.asm.obj                   2       0         0      
    +--+------------------------------+-------+---------+---------+
       Total:                         8703    257       20     
                                                               
       Heap:                          0       0         16     
       Stack:                         0       0         512    
       Linker Generated:              0       84        0      
    +--+------------------------------+-------+---------+---------+
       Grand Total:                   16899   984       1407   


LINKER GENERATED COPY TABLES

__TI_cinit_table @ 000045d0 records: 3, size/record: 8, table size: 24
	.data: load addr=00004590, load size=00000020 bytes, run addr=20000530, run size=00000046 bytes, compression=lzss
	.bss: load addr=000045c0, load size=00000008 bytes, run addr=20000470, run size=000000bd bytes, compression=zero_init
	.vtable: load addr=000045c8, load size=00000008 bytes, run addr=20000000, run size=0000026c bytes, compression=zero_init


LINKER GENERATED HANDLER TABLE

__TI_handler_table @ 000045b0 records: 3, size/record: 4, table size: 12
	index: 0, handler: __TI_zero_init
	index: 1, handler: __TI_decompress_lzss
	index: 2, handler: __TI_decompress_none


GLOBAL SYMBOLS: SORTED ALPHABETICALLY BY Name 

address   name                          
-------   ----                          
00003445  ADC0SS0_Handler               
00004475  C$$EXIT                       
00004449  CPUcpsie                      
00000bc3  GPIOF_Handler                 
0000441b  IntMasterEnable               
00004205  IntRegister                   
00004455  ResetISR                      
00002921  TIMER3B_Handler               
000022b7  UART1_Handler                 
20000470  __STACK_END                   
00000200  __STACK_SIZE                  
20000470  __STACK_TOP                   
00000010  __SYSMEM_SIZE                 
000045d0  __TI_CINIT_Base               
000045e8  __TI_CINIT_Limit              
000045b0  __TI_Handler_Table_Base       
000045bc  __TI_Handler_Table_Limit      
000040d1  __TI_auto_init_nobinit_nopinit
00003e75  __TI_decompress_lzss          
0000443b  __TI_decompress_none          
00003f97  __TI_ltoa                     
ffffffff  __TI_pprof_out_hndl           
00000e8d  __TI_printfi                  
ffffffff  __TI_prof_data_size           
ffffffff  __TI_prof_data_start          
00000000  __TI_static_base__            
00004315  __TI_zero_init_nomemset       
00003ba1  __aeabi_cdcmpeq               
00003ba1  __aeabi_cdcmple               
00003c27  __aeabi_cdrcmple              
00003e07  __aeabi_d2f                   
00004089  __aeabi_d2iz                  
00002bf7  __aeabi_dadd                  
00003039  __aeabi_ddiv                  
000037dd  __aeabi_dmul                  
00002bed  __aeabi_dsub                  
00004461  __aeabi_errno_addr            
000041cd  __aeabi_f2d                   
0000429d  __aeabi_i2d                   
00002da3  __aeabi_idiv0                 
00002da3  __aeabi_ldiv0                 
00003cad  __aeabi_memclr                
00003cad  __aeabi_memclr4               
00003cad  __aeabi_memclr8               
00003a6f  __aeabi_memcpy                
00003a6f  __aeabi_memcpy4               
00003a6f  __aeabi_memcpy8               
00003caf  __aeabi_memset                
00003caf  __aeabi_memset4               
00003caf  __aeabi_memset8               
000042f5  __aeabi_ui2d                  
00003b0b  __aeabi_uldivmod              
ffffffff  __binit__                     
ffffffff  __c_args__                    
UNDEFED   __mpu_init                    
20000270  __stack                       
20000000  __start___llvm_prf_cnts       
20000000  __stop___llvm_prf_cnts        
00004239  _c_int00_noargs               
00004478  _ctypes_                      
20000550  _lock                         
000018db  _nop                          
20000574  _running                      
20000578  _sys_memory                   
UNDEFED   _system_post_cinit            
00004471  _system_pre_init              
20000510  _timeout_ticks                
20000554  _unlock                       
00004475  abort                         
000036dd  aligned_alloc                 
0000403d  atoi                          
ffffffff  binit                         
000032f1  button_getButton              
000032bd  button_init                   
00004195  calloc                        
20000560  command_byte                  
20000564  command_flag                  
20000561  command_reset                 
00004369  copysign                      
00004369  copysignl                     
00002461  cyBOT_SERVO_cal               
000023ef  cyBOT_Scan                    
00002397  cyBOT_init_Scan               
20000568  cyBOT_scan_features           
00002389  cyBOT_scan_version            
00001e51  cyBot_UART1_Handler           
00001e43  cyBot_getByte_blocking        
00001e23  cyBot_getByte_nonblocking     
00001c05  cyBot_sendByte                
00001e09  cyBot_uart_flush              
00001d73  cyBot_uart_init               
00001d13  cyBot_uart_init_PHJ_first_half
00001cbb  cyBot_uart_init_clean         
00001c43  cyBot_uart_init_last_half     
00001c2b  cyBot_uart_sendBuffer         
00001c11  cyBot_uart_sendStr            
20000570  errno                         
20000514  fallingEdge                   
000038d9  free                          
00003edd  frexp                         
00003edd  frexpl                        
20000000  g_pfnRAMVectors               
00000000  g_pfnVectors                  
0000097f  go_charge                     
0000345b  ir_enableInterrupt            
0000343d  ir_getDistance                
00003415  ir_getValue                   
000033ad  ir_init                       
2000052c  isRisingEdge                  
200004c4  isr_char_buffer               
2000056c  isr_counter                   
20000518  isr_int_value                 
0000442b  lcd_clear                     
00001ab1  lcd_gotoLine                  
00001919  lcd_init                      
00001b17  lcd_printf                    
000019d9  lcd_putc                      
00001a11  lcd_puts                      
000018dd  lcd_reverseNibble             
00001a2f  lcd_sendCommand               
00001a6d  lcd_sendNibble                
00001ad9  lcd_setCursorPos              
000034c5  ldexp                         
000034c5  ldexpl                        
2000051c  left_calibration_value        
000035fd  main                          
00004469  malloc                        
000036dd  memalign                      
0000434d  memccpy                       
00003a6f  memcpy                        
00003cb5  memset                        
20000530  motor_cal_factor_L            
20000534  motor_cal_factor_R            
0000026d  oi_alloc                      
00000aa9  oi_checkFirmware              
000002c7  oi_close                      
00000279  oi_free                       
00000ded  oi_getMotorCalibrationLeft    
00000e01  oi_getMotorCalibrationRight   
000002b1  oi_init                       
00000289  oi_init_noupdate              
00000915  oi_loadSong                   
0000439b  oi_parseInt                   
0000032b  oi_parsePacket                
0000096b  oi_play_song                  
0000084b  oi_setLeds                    
00000db1  oi_setMotorCalibration        
0000088f  oi_setWheels                  
00000b51  oi_shutoff_init               
0000098d  oi_uartInit                   
00000a31  oi_uartReceive                
00000a77  oi_uartSendBuff               
00000a15  oi_uartSendChar               
00000a59  oi_uartSendStr                
000002d9  oi_update                     
00002973  ping_getDistance              
00002831  ping_init                     
000028b7  ping_trigger                  
00003295  printString                   
000035d5  printString2                  
20000520  pulseLength                   
20000524  right_calibration_value       
20000528  risingEdge                    
000034c5  scalbn                        
000034c5  scalbnl                       
00002da5  servo_init                    
00002e35  servo_move                    
00002e95  servo_setPWM                  
00002e29  servo_stop                    
000043cb  strchr                        
000043b3  strcmp                        
000043e1  strcpy                        
000043f5  strlen                        
00002707  timer_getMicros               
000026af  timer_getMillis               
000025e9  timer_init                    
0000268b  timer_pause                   
0000269d  timer_resume                  
00002661  timer_stop                    
00002761  timer_waitMicros              
00002793  timer_waitMillis              
0000211d  uart_interrupt_init           
00002241  uart_receive                  
00002251  uart_receive_nonblocking      
00002225  uart_sendChar                 
00002265  uart_sendStr                  
00004115  vsnprintf                     
00004409  wcslen                        


GLOBAL SYMBOLS: SORTED BY Symbol Address 

address   name                          
-------   ----                          
00000000  __TI_static_base__            
00000000  g_pfnVectors                  
00000010  __SYSMEM_SIZE                 
00000200  __STACK_SIZE                  
0000026d  oi_alloc                      
00000279  oi_free                       
00000289  oi_init_noupdate              
000002b1  oi_init                       
000002c7  oi_close                      
000002d9  oi_update                     
0000032b  oi_parsePacket                
0000084b  oi_setLeds                    
0000088f  oi_setWheels                  
00000915  oi_loadSong                   
0000096b  oi_play_song                  
0000097f  go_charge                     
0000098d  oi_uartInit                   
00000a15  oi_uartSendChar               
00000a31  oi_uartReceive                
00000a59  oi_uartSendStr                
00000a77  oi_uartSendBuff               
00000aa9  oi_checkFirmware              
00000b51  oi_shutoff_init               
00000bc3  GPIOF_Handler                 
00000db1  oi_setMotorCalibration        
00000ded  oi_getMotorCalibrationLeft    
00000e01  oi_getMotorCalibrationRight   
00000e8d  __TI_printfi                  
000018db  _nop                          
000018dd  lcd_reverseNibble             
00001919  lcd_init                      
000019d9  lcd_putc                      
00001a11  lcd_puts                      
00001a2f  lcd_sendCommand               
00001a6d  lcd_sendNibble                
00001ab1  lcd_gotoLine                  
00001ad9  lcd_setCursorPos              
00001b17  lcd_printf                    
00001c05  cyBot_sendByte                
00001c11  cyBot_uart_sendStr            
00001c2b  cyBot_uart_sendBuffer         
00001c43  cyBot_uart_init_last_half     
00001cbb  cyBot_uart_init_clean         
00001d13  cyBot_uart_init_PHJ_first_half
00001d73  cyBot_uart_init               
00001e09  cyBot_uart_flush              
00001e23  cyBot_getByte_nonblocking     
00001e43  cyBot_getByte_blocking        
00001e51  cyBot_UART1_Handler           
0000211d  uart_interrupt_init           
00002225  uart_sendChar                 
00002241  uart_receive                  
00002251  uart_receive_nonblocking      
00002265  uart_sendStr                  
000022b7  UART1_Handler                 
00002389  cyBOT_scan_version            
00002397  cyBOT_init_Scan               
000023ef  cyBOT_Scan                    
00002461  cyBOT_SERVO_cal               
000025e9  timer_init                    
00002661  timer_stop                    
0000268b  timer_pause                   
0000269d  timer_resume                  
000026af  timer_getMillis               
00002707  timer_getMicros               
00002761  timer_waitMicros              
00002793  timer_waitMillis              
00002831  ping_init                     
000028b7  ping_trigger                  
00002921  TIMER3B_Handler               
00002973  ping_getDistance              
00002bed  __aeabi_dsub                  
00002bf7  __aeabi_dadd                  
00002da3  __aeabi_idiv0                 
00002da3  __aeabi_ldiv0                 
00002da5  servo_init                    
00002e29  servo_stop                    
00002e35  servo_move                    
00002e95  servo_setPWM                  
00003039  __aeabi_ddiv                  
00003295  printString                   
000032bd  button_init                   
000032f1  button_getButton              
000033ad  ir_init                       
00003415  ir_getValue                   
0000343d  ir_getDistance                
00003445  ADC0SS0_Handler               
0000345b  ir_enableInterrupt            
000034c5  ldexp                         
000034c5  ldexpl                        
000034c5  scalbn                        
000034c5  scalbnl                       
000035d5  printString2                  
000035fd  main                          
000036dd  aligned_alloc                 
000036dd  memalign                      
000037dd  __aeabi_dmul                  
000038d9  free                          
00003a6f  __aeabi_memcpy                
00003a6f  __aeabi_memcpy4               
00003a6f  __aeabi_memcpy8               
00003a6f  memcpy                        
00003b0b  __aeabi_uldivmod              
00003ba1  __aeabi_cdcmpeq               
00003ba1  __aeabi_cdcmple               
00003c27  __aeabi_cdrcmple              
00003cad  __aeabi_memclr                
00003cad  __aeabi_memclr4               
00003cad  __aeabi_memclr8               
00003caf  __aeabi_memset                
00003caf  __aeabi_memset4               
00003caf  __aeabi_memset8               
00003cb5  memset                        
00003e07  __aeabi_d2f                   
00003e75  __TI_decompress_lzss          
00003edd  frexp                         
00003edd  frexpl                        
00003f97  __TI_ltoa                     
0000403d  atoi                          
00004089  __aeabi_d2iz                  
000040d1  __TI_auto_init_nobinit_nopinit
00004115  vsnprintf                     
00004195  calloc                        
000041cd  __aeabi_f2d                   
00004205  IntRegister                   
00004239  _c_int00_noargs               
0000429d  __aeabi_i2d                   
000042f5  __aeabi_ui2d                  
00004315  __TI_zero_init_nomemset       
0000434d  memccpy                       
00004369  copysign                      
00004369  copysignl                     
0000439b  oi_parseInt                   
000043b3  strcmp                        
000043cb  strchr                        
000043e1  strcpy                        
000043f5  strlen                        
00004409  wcslen                        
0000441b  IntMasterEnable               
0000442b  lcd_clear                     
0000443b  __TI_decompress_none          
00004449  CPUcpsie                      
00004455  ResetISR                      
00004461  __aeabi_errno_addr            
00004469  malloc                        
00004471  _system_pre_init              
00004475  C$$EXIT                       
00004475  abort                         
00004478  _ctypes_                      
000045b0  __TI_Handler_Table_Base       
000045bc  __TI_Handler_Table_Limit      
000045d0  __TI_CINIT_Base               
000045e8  __TI_CINIT_Limit              
20000000  __start___llvm_prf_cnts       
20000000  __stop___llvm_prf_cnts        
20000000  g_pfnRAMVectors               
20000270  __stack                       
20000470  __STACK_END                   
20000470  __STACK_TOP                   
200004c4  isr_char_buffer               
20000510  _timeout_ticks                
20000514  fallingEdge                   
20000518  isr_int_value                 
2000051c  left_calibration_value        
20000520  pulseLength                   
20000524  right_calibration_value       
20000528  risingEdge                    
2000052c  isRisingEdge                  
20000530  motor_cal_factor_L            
20000534  motor_cal_factor_R            
20000550  _lock                         
20000554  _unlock                       
20000560  command_byte                  
20000561  command_reset                 
20000564  command_flag                  
20000568  cyBOT_scan_features           
2000056c  isr_counter                   
20000570  errno                         
20000574  _running                      
20000578  _sys_memory                   
ffffffff  __TI_pprof_out_hndl           
ffffffff  __TI_prof_data_size           
ffffffff  __TI_prof_data_start          
ffffffff  __binit__                     
ffffffff  __c_args__                    
ffffffff  binit                         
UNDEFED   __mpu_init                    
UNDEFED   _system_post_cinit            

[188 symbols]
