******************************************************************************
                  TI ARM Linker PC v20.2.7                     
******************************************************************************
>> Linked Mon Mar 18 19:09:29 2024

OUTPUT FILE NAME:   <Lab3.out>
ENTRY POINT SYMBOL: "_c_int00_noargs"  address: 00004349


MEMORY CONFIGURATION

         name            origin    length      used     unused   attr    fill
----------------------  --------  ---------  --------  --------  ----  --------
  FLASH                 00000000   00040000  00004744  0003b8bc  R  X
  SRAM                  20000000   00008000  00002406  00005bfa  RW X


SEGMENT ALLOCATION MAP

run origin  load origin   length   init length attrs members
----------  ----------- ---------- ----------- ----- -------
00000000    00000000    00004748   00004748    r-x
  00000000    00000000    0000026c   0000026c    r-- .intvecs
  0000026c    0000026c    0000434c   0000434c    r-x .text
  000045b8    000045b8    0000013c   0000013c    r-- .const
  000046f8    000046f8    00000050   00000050    r-- .cinit
20000000    20000000    0000240d   00000000    rw-
  20000000    20000000    0000026c   00000000    rw- .vtable
  20000270    20000270    00001000   00000000    rw- .stack
  20001270    20001270    00001000   00000000    rw- .sysmem
  20002270    20002270    0000015d   00000000    rw- .bss
  200023d0    200023d0    0000003d   00000000    rw- .data


SECTION ALLOCATION MAP

 output                                  attributes/
section   page    origin      length       input sections
--------  ----  ----------  ----------   ----------------
.intvecs   0    00000000    0000026c     
                  00000000    0000026c     tm4c123gh6pm_startup_ccs.obj (.intvecs)

.text      0    0000026c    0000434c     
                  0000026c    00000c20     open_interface.obj (.text)
                  00000e8c    00000a4e     rtsv7M4_T_le_v4SPD16_eabi.lib : _printfi.c.obj (.text:__TI_printfi)
                  000018da    00000002                                   : _lock.c.obj (.text:_nop)
                  000018dc    000006a8     movement.obj (.text)
                  00001f84    00000328     lcd.obj (.text)
                  000022ac    00000270     rtsv7M4_T_le_v4SPD16_eabi.lib : _printfi.c.obj (.text:_pconv_a)
                  0000251c    00000260     libcybotScan.lib : cyBot_Scan.obj (.text)
                  0000277c    00000248     Timer.obj (.text)
                  000029c4    000001ec     libcybotScan.lib : ping.obj (.text)
                  00002bb0    000001d0     rtsv7M4_T_le_v4SPD16_eabi.lib : _printfi.c.obj (.text:_pconv_g)
                  00002d80    000001b6                                   : fd_add_t2.asm.obj (.text)
                  00002f36    00000002                                   : div0.asm.obj (.text)
                  00002f38    0000015c     libcybotUART.lib : uart.obj (.text)
                  00003094    00000158     libcybotScan.lib : servo.obj (.text)
                  000031ec    0000013c     rtsv7M4_T_le_v4SPD16_eabi.lib : _printfi.c.obj (.text:_pconv_e)
                  00003328    00000136                                   : fd_div_t2.asm.obj (.text)
                  0000345e    00000002     --HOLE-- [fill = 0]
                  00003460    00000124                                   : _printfi.c.obj (.text:fcvt)
                  00003584    00000118     libcybotScan.lib : ir.obj (.text)
                  0000369c    00000110     rtsv7M4_T_le_v4SPD16_eabi.lib : s_scalbn.c.obj (.text:scalbn)
                  000037ac    00000100                                   : memory.c.obj (.text:aligned_alloc)
                  000038ac    000000fc                                   : fd_mul_t2.asm.obj (.text)
                  000039a8    000000e4                                   : memory.c.obj (.text:free)
                  00003a8c    000000b1                                   : _printfi.c.obj (.text:_ltostr)
                  00003b3d    00000001     --HOLE-- [fill = 0]
                  00003b3e    0000009c                                   : memcpy_t2.asm.obj (.text)
                  00003bda    00000096                                   : ull_div_t2.asm.obj (.text)
                  00003c70    00000086                                   : fd_cmp_t2.asm.obj (.text:__aeabi_cdcmple)
                  00003cf6    00000086                                   : fd_cmp_t2.asm.obj (.text:__aeabi_cdrcmple)
                  00003d7c    0000007a                                   : memset_t2.asm.obj (.text)
                  00003df6    00000002     --HOLE-- [fill = 0]
                  00003df8    00000070                                   : memory.c.obj (.text:split)
                  00003e68    0000006e                                   : _printfi.c.obj (.text:_mcpy)
                  00003ed6    0000006e                                   : fd_tos_t2.asm.obj (.text)
                  00003f44    00000068                                   : copy_decompress_lzss.c.obj (.text:decompress:lzss:__TI_decompress_lzss)
                  00003fac    00000064                                   : s_frexp.c.obj (.text:frexp)
                  00004010    00000056                                   : _printfi.c.obj (.text:_pconv_f)
                  00004066    00000054                                   : _ltoa.c.obj (.text:__TI_ltoa)
                  000040ba    00000052                                   : _printfi.c.obj (.text:_ecpy)
                  0000410c    0000004c                                   : atoi.c.obj (.text:atoi)
                  00004158    00000048                                   : fd_toi_t2.asm.obj (.text)
                  000041a0    00000044                                   : autoinit.c.obj (.text:__TI_auto_init_nobinit_nopinit:__TI_auto_init_nobinit_nopinit)
                  000041e4    00000040                                   : sprintf.c.obj (.text:sprintf)
                  00004224    00000040                                   : vsnprintf.c.obj (.text:vsnprintf)
                  00004264    0000003e                                   : _printfi.c.obj (.text:_fcpy)
                  000042a2    00000002     --HOLE-- [fill = 0]
                  000042a4    00000038                                   : memory.c.obj (.text:calloc)
                  000042dc    00000038                                   : fs_tod_t2.asm.obj (.text)
                  00004314    00000034     driverlib.lib : interrupt.obj (.text:IntRegister)
                  00004348    00000034     rtsv7M4_T_le_v4SPD16_eabi.lib : boot_cortex_m.c.obj (.text:_c_int00_noargs:_c_int00_noargs)
                  0000437c    00000030                                   : vsnprintf.c.obj (.text:_outs)
                  000043ac    0000002e                                   : i_tofd_t2.asm.obj (.text)
                  000043da    0000002e                                   : strncat.c.obj (.text:strncat)
                  00004408    00000028                                   : memory.c.obj (.text:free_list_insert)
                  00004430    0000001c                                   : copy_zero_init.c.obj (.text:decompress:ZI:__TI_zero_init_nomemset:__TI_zero_init_nomemset)
                  0000444c    0000001c                                   : memory.c.obj (.text:free_list_remove)
                  00004468    0000001c                                   : memccpy.c.obj (.text:memccpy)
                  00004484    0000001a                                   : s_copysign.c.obj (.text:copysign)
                  0000449e    00000018                                   : vsnprintf.c.obj (.text:_outc)
                  000044b6    00000018                                   : sprintf.c.obj (.text:_outs)
                  000044ce    00000018     open_interface.obj (.text:oi_parseInt)
                  000044e6    00000018     rtsv7M4_T_le_v4SPD16_eabi.lib : strcmp.c.obj (.text:strcmp)
                  000044fe    00000016                                   : strchr.c.obj (.text:strchr)
                  00004514    00000014                                   : strcpy.c.obj (.text:strcpy)
                  00004528    00000014                                   : strlen.c.obj (.text:strlen)
                  0000453c    00000012                                   : wcslen.c.obj (.text:wcslen)
                  0000454e    00000010     driverlib.lib : interrupt.obj (.text:IntMasterEnable)
                  0000455e    00000010     lcd.obj (.text:lcd_clear)
                  0000456e    0000000e     rtsv7M4_T_le_v4SPD16_eabi.lib : copy_decompress_none.c.obj (.text:decompress:none:__TI_decompress_none)
                  0000457c    0000000c     driverlib.lib : cpu.obj (.text:CPUcpsie)
                  00004588    0000000c     tm4c123gh6pm_startup_ccs.obj (.text)
                  00004594    0000000a     rtsv7M4_T_le_v4SPD16_eabi.lib : sprintf.c.obj (.text:_outc)
                  0000459e    00000002     --HOLE-- [fill = 0]
                  000045a0    00000008                                   : errno.c.obj (.text:__aeabi_errno_addr)
                  000045a8    00000008                                   : memory.c.obj (.text:malloc)
                  000045b0    00000004                                   : pre_init.c.obj (.text:_system_pre_init)
                  000045b4    00000004                                   : exit.c.obj (.text:abort:abort)

.const     0    000045b8    0000013c     
                  000045b8    00000101     rtsv7M4_T_le_v4SPD16_eabi.lib : ctype.c.obj (.const:.string:_ctypes_)
                  000046b9    00000024     movement.obj (.const:.string:$P$T0$1)
                  000046dd    0000000f     open_interface.obj (.const:.string:$P$T0$3)
                  000046ec    00000004     lcd.obj (.const:.string:lineAddress$1)
                  000046f0    00000004     lcd.obj (.const:.string:lineAddresses$2)

.cinit     0    000046f8    00000050     
                  000046f8    00000019     (.cinit..data.load) [load image, compression = lzss]
                  00004711    00000003     --HOLE-- [fill = 0]
                  00004714    0000000c     (__TI_handler_table)
                  00004720    00000008     (.cinit..bss.load) [load image, compression = zero_init]
                  00004728    00000008     (.cinit..vtable.load) [load image, compression = zero_init]
                  00004730    00000018     (__TI_cinit_table)

.init_array 
*          0    00000000    00000000     UNINITIALIZED

.vtable    0    20000000    0000026c     UNINITIALIZED
                  20000000    0000026c     driverlib.lib : interrupt.obj (.vtable)

.stack     0    20000270    00001000     UNINITIALIZED
                  20000270    00000004     rtsv7M4_T_le_v4SPD16_eabi.lib : boot_cortex_m.c.obj (.stack)
                  20000274    00000ffc     --HOLE--

.sysmem    0    20001270    00001000     UNINITIALIZED
                  20001270    00000010     rtsv7M4_T_le_v4SPD16_eabi.lib : memory.c.obj (.sysmem)
                  20001280    00000ff0     --HOLE--

.bss       0    20002270    0000015d     UNINITIALIZED
                  20002270    000000a0     (.common:objects)
                  20002310    00000054     lcd.obj (.bss:lastbuffer$3)
                  20002364    00000034     (.common:isr_char_buffer)
                  20002398    00000018     open_interface.obj (.bss:firmware$2)
                  200023b0    00000004     (.common:_timeout_ticks)
                  200023b4    00000004     (.common:fallingEdge)
                  200023b8    00000004     (.common:isr_int_value)
                  200023bc    00000004     (.common:left_calibration_value)
                  200023c0    00000004     (.common:pulseLength)
                  200023c4    00000004     (.common:right_calibration_value)
                  200023c8    00000004     (.common:risingEdge)
                  200023cc    00000001     (.common:isRisingEdge)

.data      0    200023d0    0000003d     UNINITIALIZED
                  200023d0    00000020     open_interface.obj (.data)
                  200023f0    00000008     rtsv7M4_T_le_v4SPD16_eabi.lib : _lock.c.obj (.data:$O1$$)
                  200023f8    00000008                                   : memory.c.obj (.data:$O1$$)
                  20002400    00000004     libcybotScan.lib : cyBot_Scan.obj (.data)
                  20002404    00000004     libcybotUART.lib : uart.obj (.data)
                  20002408    00000004     rtsv7M4_T_le_v4SPD16_eabi.lib : errno.c.obj (.data)
                  2000240c    00000001     Timer.obj (.data)

__llvm_prf_cnts 
*          0    20000000    00000000     UNINITIALIZED

MODULE SUMMARY

       Module                         code    ro data   rw data
       ------                         ----    -------   -------
    .\
       open_interface.obj             3128    15        56     
       movement.obj                   1704    36        168    
       lcd.obj                        824     8         84     
       tm4c123gh6pm_startup_ccs.obj   12      620       0      
       Timer.obj                      584     0         5      
    +--+------------------------------+-------+---------+---------+
       Total:                         6252    679       313    
                                                               
    ../libcybotScan.lib
       cyBot_Scan.obj                 608     0         4      
       ping.obj                       492     0         13     
       servo.obj                      344     0         0      
       ir.obj                         280     0         4      
    +--+------------------------------+-------+---------+---------+
       Total:                         1724    0         21     
                                                               
    ../libcybotUART.lib
       uart.obj                       348     0         56     
    +--+------------------------------+-------+---------+---------+
       Total:                         348     0         56     
                                                               
    C:/ti/TivaWare_C_Series-2.2.0.295/driverlib/ccs/Debug/driverlib.lib
       interrupt.obj                  68      0         620    
       cpu.obj                        12      0         0      
    +--+------------------------------+-------+---------+---------+
       Total:                         80      0         620    
                                                               
    C:\ti\ccs1230\ccs\tools\compiler\ti-cgt-arm_20.2.7.LTS\lib\rtsv7M4_T_le_v4SPD16_eabi.lib
       _printfi.c.obj                 4851    0         0      
       memory.c.obj                   728     0         8      
       fd_add_t2.asm.obj              438     0         0      
       fd_div_t2.asm.obj              310     0         0      
       s_scalbn.c.obj                 272     0         0      
       fd_cmp_t2.asm.obj              268     0         0      
       ctype.c.obj                    0       257       0      
       fd_mul_t2.asm.obj              252     0         0      
       memcpy_t2.asm.obj              156     0         0      
       ull_div_t2.asm.obj             150     0         0      
       vsnprintf.c.obj                136     0         0      
       memset_t2.asm.obj              122     0         0      
       fd_tos_t2.asm.obj              110     0         0      
       copy_decompress_lzss.c.obj     104     0         0      
       s_frexp.c.obj                  100     0         0      
       sprintf.c.obj                  98      0         0      
       _ltoa.c.obj                    84      0         0      
       atoi.c.obj                     76      0         0      
       fd_toi_t2.asm.obj              72      0         0      
       autoinit.c.obj                 68      0         0      
       fs_tod_t2.asm.obj              56      0         0      
       boot_cortex_m.c.obj            52      0         0      
       i_tofd_t2.asm.obj              46      0         0      
       strncat.c.obj                  46      0         0      
       copy_zero_init.c.obj           28      0         0      
       memccpy.c.obj                  28      0         0      
       s_copysign.c.obj               26      0         0      
       strcmp.c.obj                   24      0         0      
       strchr.c.obj                   22      0         0      
       strcpy.c.obj                   20      0         0      
       strlen.c.obj                   20      0         0      
       wcslen.c.obj                   18      0         0      
       copy_decompress_none.c.obj     14      0         0      
       errno.c.obj                    8       0         4      
       _lock.c.obj                    2       0         8      
       exit.c.obj                     4       0         0      
       pre_init.c.obj                 4       0         0      
       div0.asm.obj                   2       0         0      
    +--+------------------------------+-------+---------+---------+
       Total:                         8815    257       20     
                                                               
       Heap:                          0       0         4096   
       Stack:                         0       0         4096   
       Linker Generated:              0       77        0      
    +--+------------------------------+-------+---------+---------+
       Grand Total:                   17219   1013      9222   


LINKER GENERATED COPY TABLES

__TI_cinit_table @ 00004730 records: 3, size/record: 8, table size: 24
	.data: load addr=000046f8, load size=00000019 bytes, run addr=200023d0, run size=0000003d bytes, compression=lzss
	.bss: load addr=00004720, load size=00000008 bytes, run addr=20002270, run size=0000015d bytes, compression=zero_init
	.vtable: load addr=00004728, load size=00000008 bytes, run addr=20000000, run size=0000026c bytes, compression=zero_init


LINKER GENERATED HANDLER TABLE

__TI_handler_table @ 00004714 records: 3, size/record: 4, table size: 12
	index: 0, handler: __TI_zero_init
	index: 1, handler: __TI_decompress_lzss
	index: 2, handler: __TI_decompress_none


GLOBAL SYMBOLS: SORTED ALPHABETICALLY BY Name 

address   name                          
-------   ----                          
0000361d  ADC0SS0_Handler               
000045b5  C$$EXIT                       
0000457d  CPUcpsie                      
00000bc3  GPIOF_Handler                 
0000454f  IntMasterEnable               
00004315  IntRegister                   
00004589  ResetISR                      
00002ab5  TIMER3B_Handler               
20001270  __STACK_END                   
00001000  __STACK_SIZE                  
20000470  __STACK_TOP                   
00001000  __SYSMEM_SIZE                 
00004730  __TI_CINIT_Base               
00004748  __TI_CINIT_Limit              
00004714  __TI_Handler_Table_Base       
00004720  __TI_Handler_Table_Limit      
000041a1  __TI_auto_init_nobinit_nopinit
00003f45  __TI_decompress_lzss          
0000456f  __TI_decompress_none          
00004067  __TI_ltoa                     
ffffffff  __TI_pprof_out_hndl           
00000e8d  __TI_printfi                  
ffffffff  __TI_prof_data_size           
ffffffff  __TI_prof_data_start          
00000000  __TI_static_base__            
00004431  __TI_zero_init_nomemset       
00003c71  __aeabi_cdcmpeq               
00003c71  __aeabi_cdcmple               
00003cf7  __aeabi_cdrcmple              
00003ed7  __aeabi_d2f                   
00004159  __aeabi_d2iz                  
00002d8b  __aeabi_dadd                  
00003329  __aeabi_ddiv                  
000038ad  __aeabi_dmul                  
00002d81  __aeabi_dsub                  
000045a1  __aeabi_errno_addr            
000042dd  __aeabi_f2d                   
000043ad  __aeabi_i2d                   
00002f37  __aeabi_idiv0                 
00002f37  __aeabi_ldiv0                 
00003d7d  __aeabi_memclr                
00003d7d  __aeabi_memclr4               
00003d7d  __aeabi_memclr8               
00003b3f  __aeabi_memcpy                
00003b3f  __aeabi_memcpy4               
00003b3f  __aeabi_memcpy8               
00003d7f  __aeabi_memset                
00003d7f  __aeabi_memset4               
00003d7f  __aeabi_memset8               
00003bdb  __aeabi_uldivmod              
ffffffff  __binit__                     
ffffffff  __c_args__                    
UNDEFED   __mpu_init                    
20000270  __stack                       
20000000  __start___llvm_prf_cnts       
20000000  __stop___llvm_prf_cnts        
00004349  _c_int00_noargs               
000045b8  _ctypes_                      
200023f0  _lock                         
000018db  _nop                          
2000240c  _running                      
20001270  _sys_memory                   
UNDEFED   _system_post_cinit            
000045b1  _system_pre_init              
200023b0  _timeout_ticks                
200023f4  _unlock                       
000045b5  abort                         
000037ad  aligned_alloc                 
0000410d  atoi                          
ffffffff  binit                         
000042a5  calloc                        
00004485  copysign                      
00004485  copysignl                     
000025f5  cyBOT_SERVO_cal               
00002583  cyBOT_Scan                    
0000252b  cyBOT_init_Scan               
20002400  cyBOT_scan_features           
0000251d  cyBOT_scan_version            
00003041  cyBot_UART1_Handler           
00003027  cyBot_getByte                 
00002f39  cyBot_sendByte                
00003009  cyBot_uart_flush              
00002f77  cyBot_uart_init               
00002f5f  cyBot_uart_sendBuffer         
00002f45  cyBot_uart_sendStr            
20002408  errno                         
200023b4  fallingEdge                   
000039a9  free                          
00003fad  frexp                         
00003fad  frexpl                        
20000000  g_pfnRAMVectors               
00000000  g_pfnVectors                  
00001bc5  getMessage                    
00001b59  getPingData                   
0000097f  go_charge                     
00003633  ir_enableInterrupt            
00003615  ir_getDistance                
000035ed  ir_getValue                   
00003585  ir_init                       
200023cc  isRisingEdge                  
20002364  isr_char_buffer               
20002404  isr_counter                   
200023b8  isr_int_value                 
0000455f  lcd_clear                     
00002159  lcd_gotoLine                  
00001fc1  lcd_init                      
000021bf  lcd_printf                    
00002081  lcd_putc                      
000020b9  lcd_puts                      
00001f85  lcd_reverseNibble             
000020d7  lcd_sendCommand               
00002115  lcd_sendNibble                
00002181  lcd_setCursorPos              
0000369d  ldexp                         
0000369d  ldexpl                        
200023bc  left_calibration_value        
000018dd  main                          
000045a9  malloc                        
000037ad  memalign                      
00004469  memccpy                       
00003b3f  memcpy                        
00003d85  memset                        
200023d0  motor_cal_factor_L            
200023d4  motor_cal_factor_R            
00001da1  move_backward                 
00001c55  move_forward                  
20002270  objects                       
0000026d  oi_alloc                      
00000aa9  oi_checkFirmware              
000002c7  oi_close                      
00000279  oi_free                       
00000ded  oi_getMotorCalibrationLeft    
00000e01  oi_getMotorCalibrationRight   
000002b1  oi_init                       
00000289  oi_init_noupdate              
00000915  oi_loadSong                   
000044cf  oi_parseInt                   
0000032b  oi_parsePacket                
0000096b  oi_play_song                  
0000084b  oi_setLeds                    
00000db1  oi_setMotorCalibration        
0000088f  oi_setWheels                  
00000b51  oi_shutoff_init               
0000098d  oi_uartInit                   
00000a31  oi_uartReceive                
00000a77  oi_uartSendBuff               
00000a15  oi_uartSendChar               
00000a59  oi_uartSendStr                
000002d9  oi_update                     
00002b07  ping_getDistance              
000029c5  ping_init                     
00002a4b  ping_trigger                  
00001af5  printObjectsData              
200023c0  pulseLength                   
200023c4  right_calibration_value       
200023c8  risingEdge                    
0000369d  scalbn                        
0000369d  scalbnl                       
00003095  servo_init                    
00003125  servo_move                    
00003185  servo_setPWM                  
00003119  servo_stop                    
000041e5  sprintf                       
000044ff  strchr                        
000044e7  strcmp                        
00004515  strcpy                        
00004529  strlen                        
000043db  strncat                       
0000289b  timer_getMicros               
00002843  timer_getMillis               
0000277d  timer_init                    
0000281f  timer_pause                   
00002831  timer_resume                  
000027f5  timer_stop                    
000028f5  timer_waitMicros              
00002927  timer_waitMillis              
00001ed9  turn_left                     
00001e49  turn_right                    
00004225  vsnprintf                     
0000453d  wcslen                        


GLOBAL SYMBOLS: SORTED BY Symbol Address 

address   name                          
-------   ----                          
00000000  __TI_static_base__            
00000000  g_pfnVectors                  
0000026d  oi_alloc                      
00000279  oi_free                       
00000289  oi_init_noupdate              
000002b1  oi_init                       
000002c7  oi_close                      
000002d9  oi_update                     
0000032b  oi_parsePacket                
0000084b  oi_setLeds                    
0000088f  oi_setWheels                  
00000915  oi_loadSong                   
0000096b  oi_play_song                  
0000097f  go_charge                     
0000098d  oi_uartInit                   
00000a15  oi_uartSendChar               
00000a31  oi_uartReceive                
00000a59  oi_uartSendStr                
00000a77  oi_uartSendBuff               
00000aa9  oi_checkFirmware              
00000b51  oi_shutoff_init               
00000bc3  GPIOF_Handler                 
00000db1  oi_setMotorCalibration        
00000ded  oi_getMotorCalibrationLeft    
00000e01  oi_getMotorCalibrationRight   
00000e8d  __TI_printfi                  
00001000  __STACK_SIZE                  
00001000  __SYSMEM_SIZE                 
000018db  _nop                          
000018dd  main                          
00001af5  printObjectsData              
00001b59  getPingData                   
00001bc5  getMessage                    
00001c55  move_forward                  
00001da1  move_backward                 
00001e49  turn_right                    
00001ed9  turn_left                     
00001f85  lcd_reverseNibble             
00001fc1  lcd_init                      
00002081  lcd_putc                      
000020b9  lcd_puts                      
000020d7  lcd_sendCommand               
00002115  lcd_sendNibble                
00002159  lcd_gotoLine                  
00002181  lcd_setCursorPos              
000021bf  lcd_printf                    
0000251d  cyBOT_scan_version            
0000252b  cyBOT_init_Scan               
00002583  cyBOT_Scan                    
000025f5  cyBOT_SERVO_cal               
0000277d  timer_init                    
000027f5  timer_stop                    
0000281f  timer_pause                   
00002831  timer_resume                  
00002843  timer_getMillis               
0000289b  timer_getMicros               
000028f5  timer_waitMicros              
00002927  timer_waitMillis              
000029c5  ping_init                     
00002a4b  ping_trigger                  
00002ab5  TIMER3B_Handler               
00002b07  ping_getDistance              
00002d81  __aeabi_dsub                  
00002d8b  __aeabi_dadd                  
00002f37  __aeabi_idiv0                 
00002f37  __aeabi_ldiv0                 
00002f39  cyBot_sendByte                
00002f45  cyBot_uart_sendStr            
00002f5f  cyBot_uart_sendBuffer         
00002f77  cyBot_uart_init               
00003009  cyBot_uart_flush              
00003027  cyBot_getByte                 
00003041  cyBot_UART1_Handler           
00003095  servo_init                    
00003119  servo_stop                    
00003125  servo_move                    
00003185  servo_setPWM                  
00003329  __aeabi_ddiv                  
00003585  ir_init                       
000035ed  ir_getValue                   
00003615  ir_getDistance                
0000361d  ADC0SS0_Handler               
00003633  ir_enableInterrupt            
0000369d  ldexp                         
0000369d  ldexpl                        
0000369d  scalbn                        
0000369d  scalbnl                       
000037ad  aligned_alloc                 
000037ad  memalign                      
000038ad  __aeabi_dmul                  
000039a9  free                          
00003b3f  __aeabi_memcpy                
00003b3f  __aeabi_memcpy4               
00003b3f  __aeabi_memcpy8               
00003b3f  memcpy                        
00003bdb  __aeabi_uldivmod              
00003c71  __aeabi_cdcmpeq               
00003c71  __aeabi_cdcmple               
00003cf7  __aeabi_cdrcmple              
00003d7d  __aeabi_memclr                
00003d7d  __aeabi_memclr4               
00003d7d  __aeabi_memclr8               
00003d7f  __aeabi_memset                
00003d7f  __aeabi_memset4               
00003d7f  __aeabi_memset8               
00003d85  memset                        
00003ed7  __aeabi_d2f                   
00003f45  __TI_decompress_lzss          
00003fad  frexp                         
00003fad  frexpl                        
00004067  __TI_ltoa                     
0000410d  atoi                          
00004159  __aeabi_d2iz                  
000041a1  __TI_auto_init_nobinit_nopinit
000041e5  sprintf                       
00004225  vsnprintf                     
000042a5  calloc                        
000042dd  __aeabi_f2d                   
00004315  IntRegister                   
00004349  _c_int00_noargs               
000043ad  __aeabi_i2d                   
000043db  strncat                       
00004431  __TI_zero_init_nomemset       
00004469  memccpy                       
00004485  copysign                      
00004485  copysignl                     
000044cf  oi_parseInt                   
000044e7  strcmp                        
000044ff  strchr                        
00004515  strcpy                        
00004529  strlen                        
0000453d  wcslen                        
0000454f  IntMasterEnable               
0000455f  lcd_clear                     
0000456f  __TI_decompress_none          
0000457d  CPUcpsie                      
00004589  ResetISR                      
000045a1  __aeabi_errno_addr            
000045a9  malloc                        
000045b1  _system_pre_init              
000045b5  C$$EXIT                       
000045b5  abort                         
000045b8  _ctypes_                      
00004714  __TI_Handler_Table_Base       
00004720  __TI_Handler_Table_Limit      
00004730  __TI_CINIT_Base               
00004748  __TI_CINIT_Limit              
20000000  __start___llvm_prf_cnts       
20000000  __stop___llvm_prf_cnts        
20000000  g_pfnRAMVectors               
20000270  __stack                       
20000470  __STACK_TOP                   
20001270  __STACK_END                   
20001270  _sys_memory                   
20002270  objects                       
20002364  isr_char_buffer               
200023b0  _timeout_ticks                
200023b4  fallingEdge                   
200023b8  isr_int_value                 
200023bc  left_calibration_value        
200023c0  pulseLength                   
200023c4  right_calibration_value       
200023c8  risingEdge                    
200023cc  isRisingEdge                  
200023d0  motor_cal_factor_L            
200023d4  motor_cal_factor_R            
200023f0  _lock                         
200023f4  _unlock                       
20002400  cyBOT_scan_features           
20002404  isr_counter                   
20002408  errno                         
2000240c  _running                      
ffffffff  __TI_pprof_out_hndl           
ffffffff  __TI_prof_data_size           
ffffffff  __TI_prof_data_start          
ffffffff  __binit__                     
ffffffff  __c_args__                    
ffffffff  binit                         
UNDEFED   __mpu_init                    
UNDEFED   _system_post_cinit            

[180 symbols]
