******************************************************************************
                  TI ARM Linker PC v20.2.7                     
******************************************************************************
>> Linked Thu Mar  7 12:50:40 2024

OUTPUT FILE NAME:   <Lab3.out>
ENTRY POINT SYMBOL: "_c_int00_noargs"  address: 000046d9


MEMORY CONFIGURATION

         name            origin    length      used     unused   attr    fill
----------------------  --------  ---------  --------  --------  ----  --------
  FLASH                 00000000   00040000  00004a84  0003b57c  R  X
  SRAM                  20000000   00008000  00002366  00005c9a  RW X


SEGMENT ALLOCATION MAP

run origin  load origin   length   init length attrs members
----------  ----------- ---------- ----------- ----- -------
00000000    00000000    00004a88   00004a88    r-x
  00000000    00000000    0000026c   0000026c    r-- .intvecs
  0000026c    0000026c    000046b0   000046b0    r-x .text
  0000491c    0000491c    00000118   00000118    r-- .const
  00004a38    00004a38    00000050   00000050    r-- .cinit
20000000    20000000    0000236d   00000000    rw-
  20000000    20000000    0000026c   00000000    rw- .vtable
  20000270    20000270    00001000   00000000    rw- .stack
  20001270    20001270    00001000   00000000    rw- .sysmem
  20002270    20002270    000000bd   00000000    rw- .bss
  20002330    20002330    0000003d   00000000    rw- .data


SECTION ALLOCATION MAP

 output                                  attributes/
section   page    origin      length       input sections
--------  ----  ----------  ----------   ----------------
.intvecs   0    00000000    0000026c     
                  00000000    0000026c     tm4c123gh6pm_startup_ccs.obj (.intvecs)

.text      0    0000026c    000046b0     
                  0000026c    00000c20     open_interface.obj (.text)
                  00000e8c    00000a4e     rtsv7M4_T_le_v4SPD16_eabi.lib : _printfi.c.obj (.text:__TI_printfi)
                  000018da    00000002                                   : _lock.c.obj (.text:_nop)
                  000018dc    00000750     main.obj (.text)
                  0000202c    00000328     lcd.obj (.text)
                  00002354    000002e8     movement.obj (.text)
                  0000263c    00000270     rtsv7M4_T_le_v4SPD16_eabi.lib : _printfi.c.obj (.text:_pconv_a)
                  000028ac    00000260     libcybotScan.lib : cyBot_Scan.obj (.text)
                  00002b0c    00000248     Timer.obj (.text)
                  00002d54    000001ec     libcybotScan.lib : ping.obj (.text)
                  00002f40    000001d0     rtsv7M4_T_le_v4SPD16_eabi.lib : _printfi.c.obj (.text:_pconv_g)
                  00003110    000001b6                                   : fd_add_t2.asm.obj (.text)
                  000032c6    00000002                                   : div0.asm.obj (.text)
                  000032c8    0000015c     libcybotUART.lib : uart.obj (.text)
                  00003424    00000158     libcybotScan.lib : servo.obj (.text)
                  0000357c    0000013c     rtsv7M4_T_le_v4SPD16_eabi.lib : _printfi.c.obj (.text:_pconv_e)
                  000036b8    00000136                                   : fd_div_t2.asm.obj (.text)
                  000037ee    00000002     --HOLE-- [fill = 0]
                  000037f0    00000124                                   : _printfi.c.obj (.text:fcvt)
                  00003914    00000118     libcybotScan.lib : ir.obj (.text)
                  00003a2c    00000110     rtsv7M4_T_le_v4SPD16_eabi.lib : s_scalbn.c.obj (.text:scalbn)
                  00003b3c    00000100                                   : memory.c.obj (.text:aligned_alloc)
                  00003c3c    000000fc                                   : fd_mul_t2.asm.obj (.text)
                  00003d38    000000e4                                   : memory.c.obj (.text:free)
                  00003e1c    000000b1                                   : _printfi.c.obj (.text:_ltostr)
                  00003ecd    00000001     --HOLE-- [fill = 0]
                  00003ece    0000009c                                   : memcpy_t2.asm.obj (.text)
                  00003f6a    00000096                                   : ull_div_t2.asm.obj (.text)
                  00004000    00000086                                   : fd_cmp_t2.asm.obj (.text:__aeabi_cdcmple)
                  00004086    00000086                                   : fd_cmp_t2.asm.obj (.text:__aeabi_cdrcmple)
                  0000410c    0000007a                                   : memset_t2.asm.obj (.text)
                  00004186    00000002     --HOLE-- [fill = 0]
                  00004188    00000070                                   : memory.c.obj (.text:split)
                  000041f8    0000006e                                   : _printfi.c.obj (.text:_mcpy)
                  00004266    0000006e                                   : fd_tos_t2.asm.obj (.text)
                  000042d4    00000068                                   : copy_decompress_lzss.c.obj (.text:decompress:lzss:__TI_decompress_lzss)
                  0000433c    00000064                                   : s_frexp.c.obj (.text:frexp)
                  000043a0    00000056                                   : _printfi.c.obj (.text:_pconv_f)
                  000043f6    00000054                                   : _ltoa.c.obj (.text:__TI_ltoa)
                  0000444a    00000052                                   : _printfi.c.obj (.text:_ecpy)
                  0000449c    0000004c                                   : atoi.c.obj (.text:atoi)
                  000044e8    00000048                                   : fd_toi_t2.asm.obj (.text)
                  00004530    00000044                                   : autoinit.c.obj (.text:__TI_auto_init_nobinit_nopinit:__TI_auto_init_nobinit_nopinit)
                  00004574    00000040                                   : sprintf.c.obj (.text:sprintf)
                  000045b4    00000040                                   : vsnprintf.c.obj (.text:vsnprintf)
                  000045f4    0000003e                                   : _printfi.c.obj (.text:_fcpy)
                  00004632    00000002     --HOLE-- [fill = 0]
                  00004634    00000038                                   : memory.c.obj (.text:calloc)
                  0000466c    00000038                                   : fs_tod_t2.asm.obj (.text)
                  000046a4    00000034     driverlib.lib : interrupt.obj (.text:IntRegister)
                  000046d8    00000034     rtsv7M4_T_le_v4SPD16_eabi.lib : boot_cortex_m.c.obj (.text:_c_int00_noargs:_c_int00_noargs)
                  0000470c    00000030                                   : vsnprintf.c.obj (.text:_outs)
                  0000473c    0000002e                                   : i_tofd_t2.asm.obj (.text)
                  0000476a    00000002     --HOLE-- [fill = 0]
                  0000476c    00000028                                   : memory.c.obj (.text:free_list_insert)
                  00004794    0000001c                                   : copy_zero_init.c.obj (.text:decompress:ZI:__TI_zero_init_nomemset:__TI_zero_init_nomemset)
                  000047b0    0000001c                                   : memory.c.obj (.text:free_list_remove)
                  000047cc    0000001c                                   : memccpy.c.obj (.text:memccpy)
                  000047e8    0000001a                                   : s_copysign.c.obj (.text:copysign)
                  00004802    00000018                                   : vsnprintf.c.obj (.text:_outc)
                  0000481a    00000018                                   : sprintf.c.obj (.text:_outs)
                  00004832    00000018     open_interface.obj (.text:oi_parseInt)
                  0000484a    00000018     rtsv7M4_T_le_v4SPD16_eabi.lib : strcmp.c.obj (.text:strcmp)
                  00004862    00000016                                   : strchr.c.obj (.text:strchr)
                  00004878    00000014                                   : strcpy.c.obj (.text:strcpy)
                  0000488c    00000014                                   : strlen.c.obj (.text:strlen)
                  000048a0    00000012                                   : wcslen.c.obj (.text:wcslen)
                  000048b2    00000010     driverlib.lib : interrupt.obj (.text:IntMasterEnable)
                  000048c2    00000010     lcd.obj (.text:lcd_clear)
                  000048d2    0000000e     rtsv7M4_T_le_v4SPD16_eabi.lib : copy_decompress_none.c.obj (.text:decompress:none:__TI_decompress_none)
                  000048e0    0000000c     driverlib.lib : cpu.obj (.text:CPUcpsie)
                  000048ec    0000000c     tm4c123gh6pm_startup_ccs.obj (.text)
                  000048f8    0000000a     rtsv7M4_T_le_v4SPD16_eabi.lib : sprintf.c.obj (.text:_outc)
                  00004902    00000002     --HOLE-- [fill = 0]
                  00004904    00000008                                   : errno.c.obj (.text:__aeabi_errno_addr)
                  0000490c    00000008                                   : memory.c.obj (.text:malloc)
                  00004914    00000004                                   : pre_init.c.obj (.text:_system_pre_init)
                  00004918    00000004                                   : exit.c.obj (.text:abort:abort)

.const     0    0000491c    00000118     
                  0000491c    00000101     rtsv7M4_T_le_v4SPD16_eabi.lib : ctype.c.obj (.const:.string:_ctypes_)
                  00004a1d    0000000f     open_interface.obj (.const:.string:$P$T0$3)
                  00004a2c    00000004     lcd.obj (.const:.string:lineAddress$1)
                  00004a30    00000004     lcd.obj (.const:.string:lineAddresses$2)

.cinit     0    00004a38    00000050     
                  00004a38    00000019     (.cinit..data.load) [load image, compression = lzss]
                  00004a51    00000003     --HOLE-- [fill = 0]
                  00004a54    0000000c     (__TI_handler_table)
                  00004a60    00000008     (.cinit..bss.load) [load image, compression = zero_init]
                  00004a68    00000008     (.cinit..vtable.load) [load image, compression = zero_init]
                  00004a70    00000018     (__TI_cinit_table)

.init_array 
*          0    00000000    00000000     UNINITIALIZED

.vtable    0    20000000    0000026c     UNINITIALIZED
                  20000000    0000026c     driverlib.lib : interrupt.obj (.vtable)

.stack     0    20000270    00001000     UNINITIALIZED
                  20000270    00000004     rtsv7M4_T_le_v4SPD16_eabi.lib : boot_cortex_m.c.obj (.stack)
                  20000274    00000ffc     --HOLE--

.sysmem    0    20001270    00001000     UNINITIALIZED
                  20001270    00000010     rtsv7M4_T_le_v4SPD16_eabi.lib : memory.c.obj (.sysmem)
                  20001280    00000ff0     --HOLE--

.bss       0    20002270    000000bd     UNINITIALIZED
                  20002270    00000054     lcd.obj (.bss:lastbuffer$3)
                  200022c4    00000034     (.common:isr_char_buffer)
                  200022f8    00000018     open_interface.obj (.bss:firmware$2)
                  20002310    00000004     (.common:_timeout_ticks)
                  20002314    00000004     (.common:fallingEdge)
                  20002318    00000004     (.common:isr_int_value)
                  2000231c    00000004     (.common:left_calibration_value)
                  20002320    00000004     (.common:pulseLength)
                  20002324    00000004     (.common:right_calibration_value)
                  20002328    00000004     (.common:risingEdge)
                  2000232c    00000001     (.common:isRisingEdge)

.data      0    20002330    0000003d     UNINITIALIZED
                  20002330    00000020     open_interface.obj (.data)
                  20002350    00000008     rtsv7M4_T_le_v4SPD16_eabi.lib : _lock.c.obj (.data:$O1$$)
                  20002358    00000008                                   : memory.c.obj (.data:$O1$$)
                  20002360    00000004     libcybotScan.lib : cyBot_Scan.obj (.data)
                  20002364    00000004     libcybotUART.lib : uart.obj (.data)
                  20002368    00000004     rtsv7M4_T_le_v4SPD16_eabi.lib : errno.c.obj (.data)
                  2000236c    00000001     Timer.obj (.data)

__llvm_prf_cnts 
*          0    20000000    00000000     UNINITIALIZED

MODULE SUMMARY

       Module                         code    ro data   rw data
       ------                         ----    -------   -------
    .\
       open_interface.obj             3128    15        56     
       main.obj                       1872    0         8      
       lcd.obj                        824     8         84     
       movement.obj                   744     0         0      
       tm4c123gh6pm_startup_ccs.obj   12      620       0      
       Timer.obj                      584     0         5      
    +--+------------------------------+-------+---------+---------+
       Total:                         7164    643       153    
                                                               
    ../libcybotScan.lib
       cyBot_Scan.obj                 608     0         4      
       ping.obj                       492     0         13     
       servo.obj                      344     0         0      
       ir.obj                         280     0         4      
    +--+------------------------------+-------+---------+---------+
       Total:                         1724    0         21     
                                                               
    ../libcybotUART.lib
       uart.obj                       348     0         56     
    +--+------------------------------+-------+---------+---------+
       Total:                         348     0         56     
                                                               
    C:/ti/TivaWare_C_Series-2.2.0.295/driverlib/ccs/Debug/driverlib.lib
       interrupt.obj                  68      0         620    
       cpu.obj                        12      0         0      
    +--+------------------------------+-------+---------+---------+
       Total:                         80      0         620    
                                                               
    C:\ti\ccs1230\ccs\tools\compiler\ti-cgt-arm_20.2.7.LTS\lib\rtsv7M4_T_le_v4SPD16_eabi.lib
       _printfi.c.obj                 4851    0         0      
       memory.c.obj                   728     0         8      
       fd_add_t2.asm.obj              438     0         0      
       fd_div_t2.asm.obj              310     0         0      
       s_scalbn.c.obj                 272     0         0      
       fd_cmp_t2.asm.obj              268     0         0      
       ctype.c.obj                    0       257       0      
       fd_mul_t2.asm.obj              252     0         0      
       memcpy_t2.asm.obj              156     0         0      
       ull_div_t2.asm.obj             150     0         0      
       vsnprintf.c.obj                136     0         0      
       memset_t2.asm.obj              122     0         0      
       fd_tos_t2.asm.obj              110     0         0      
       copy_decompress_lzss.c.obj     104     0         0      
       s_frexp.c.obj                  100     0         0      
       sprintf.c.obj                  98      0         0      
       _ltoa.c.obj                    84      0         0      
       atoi.c.obj                     76      0         0      
       fd_toi_t2.asm.obj              72      0         0      
       autoinit.c.obj                 68      0         0      
       fs_tod_t2.asm.obj              56      0         0      
       boot_cortex_m.c.obj            52      0         0      
       i_tofd_t2.asm.obj              46      0         0      
       copy_zero_init.c.obj           28      0         0      
       memccpy.c.obj                  28      0         0      
       s_copysign.c.obj               26      0         0      
       strcmp.c.obj                   24      0         0      
       strchr.c.obj                   22      0         0      
       strcpy.c.obj                   20      0         0      
       strlen.c.obj                   20      0         0      
       wcslen.c.obj                   18      0         0      
       copy_decompress_none.c.obj     14      0         0      
       errno.c.obj                    8       0         4      
       _lock.c.obj                    2       0         8      
       exit.c.obj                     4       0         0      
       pre_init.c.obj                 4       0         0      
       div0.asm.obj                   2       0         0      
    +--+------------------------------+-------+---------+---------+
       Total:                         8769    257       20     
                                                               
       Heap:                          0       0         4096   
       Stack:                         0       0         4096   
       Linker Generated:              0       77        0      
    +--+------------------------------+-------+---------+---------+
       Grand Total:                   18085   977       9062   


LINKER GENERATED COPY TABLES

__TI_cinit_table @ 00004a70 records: 3, size/record: 8, table size: 24
	.data: load addr=00004a38, load size=00000019 bytes, run addr=20002330, run size=0000003d bytes, compression=lzss
	.bss: load addr=00004a60, load size=00000008 bytes, run addr=20002270, run size=000000bd bytes, compression=zero_init
	.vtable: load addr=00004a68, load size=00000008 bytes, run addr=20000000, run size=0000026c bytes, compression=zero_init


LINKER GENERATED HANDLER TABLE

__TI_handler_table @ 00004a54 records: 3, size/record: 4, table size: 12
	index: 0, handler: __TI_zero_init
	index: 1, handler: __TI_decompress_lzss
	index: 2, handler: __TI_decompress_none


GLOBAL SYMBOLS: SORTED ALPHABETICALLY BY Name 

address   name                          
-------   ----                          
000039ad  ADC0SS0_Handler               
00004919  C$$EXIT                       
000048e1  CPUcpsie                      
00000bc3  GPIOF_Handler                 
000048b3  IntMasterEnable               
000046a5  IntRegister                   
000048ed  ResetISR                      
00002e45  TIMER3B_Handler               
20001270  __STACK_END                   
00001000  __STACK_SIZE                  
20000470  __STACK_TOP                   
00001000  __SYSMEM_SIZE                 
00004a70  __TI_CINIT_Base               
00004a88  __TI_CINIT_Limit              
00004a54  __TI_Handler_Table_Base       
00004a60  __TI_Handler_Table_Limit      
00004531  __TI_auto_init_nobinit_nopinit
000042d5  __TI_decompress_lzss          
000048d3  __TI_decompress_none          
000043f7  __TI_ltoa                     
ffffffff  __TI_pprof_out_hndl           
00000e8d  __TI_printfi                  
ffffffff  __TI_prof_data_size           
ffffffff  __TI_prof_data_start          
00000000  __TI_static_base__            
00004795  __TI_zero_init_nomemset       
00004001  __aeabi_cdcmpeq               
00004001  __aeabi_cdcmple               
00004087  __aeabi_cdrcmple              
00004267  __aeabi_d2f                   
000044e9  __aeabi_d2iz                  
0000311b  __aeabi_dadd                  
000036b9  __aeabi_ddiv                  
00003c3d  __aeabi_dmul                  
00003111  __aeabi_dsub                  
00004905  __aeabi_errno_addr            
0000466d  __aeabi_f2d                   
0000473d  __aeabi_i2d                   
000032c7  __aeabi_idiv0                 
000032c7  __aeabi_ldiv0                 
0000410d  __aeabi_memclr                
0000410d  __aeabi_memclr4               
0000410d  __aeabi_memclr8               
00003ecf  __aeabi_memcpy                
00003ecf  __aeabi_memcpy4               
00003ecf  __aeabi_memcpy8               
0000410f  __aeabi_memset                
0000410f  __aeabi_memset4               
0000410f  __aeabi_memset8               
00003f6b  __aeabi_uldivmod              
ffffffff  __binit__                     
ffffffff  __c_args__                    
UNDEFED   __mpu_init                    
20000270  __stack                       
20000000  __start___llvm_prf_cnts       
20000000  __stop___llvm_prf_cnts        
000046d9  _c_int00_noargs               
0000491c  _ctypes_                      
20002350  _lock                         
000018db  _nop                          
2000236c  _running                      
20001270  _sys_memory                   
UNDEFED   _system_post_cinit            
00004915  _system_pre_init              
20002310  _timeout_ticks                
20002354  _unlock                       
00004919  abort                         
00003b3d  aligned_alloc                 
0000449d  atoi                          
ffffffff  binit                         
000025e9  bump                          
00001b37  calculateLinearWidth          
00004635  calloc                        
000047e9  copysign                      
000047e9  copysignl                     
00002985  cyBOT_SERVO_cal               
00002913  cyBOT_Scan                    
000028bb  cyBOT_init_Scan               
20002360  cyBOT_scan_features           
000028ad  cyBOT_scan_version            
000033d1  cyBot_UART1_Handler           
000033b7  cyBot_getByte                 
000032c9  cyBot_sendByte                
00003399  cyBot_uart_flush              
00003307  cyBot_uart_init               
000032ef  cyBot_uart_sendBuffer         
000032d5  cyBot_uart_sendStr            
20002368  errno                         
20002314  fallingEdge                   
0000197b  findCenterAngle               
00001a6b  findClosest                   
00001969  findRadialWidth               
000018dd  findSmallest                  
00003d39  free                          
0000433d  frexp                         
0000433d  frexpl                        
20000000  g_pfnRAMVectors               
00000000  g_pfnVectors                  
00001adb  getAverage                    
0000097f  go_charge                     
00001b99  initialize                    
000039c3  ir_enableInterrupt            
000039a5  ir_getDistance                
0000397d  ir_getValue                   
00003915  ir_init                       
2000232c  isRisingEdge                  
200022c4  isr_char_buffer               
20002364  isr_counter                   
20002318  isr_int_value                 
000048c3  lcd_clear                     
00002201  lcd_gotoLine                  
00002069  lcd_init                      
00002267  lcd_printf                    
00002129  lcd_putc                      
00002161  lcd_puts                      
0000202d  lcd_reverseNibble             
0000217f  lcd_sendCommand               
000021bd  lcd_sendNibble                
00002229  lcd_setCursorPos              
00003a2d  ldexp                         
00003a2d  ldexpl                        
2000231c  left_calibration_value        
00001ce5  main                          
0000490d  malloc                        
00003b3d  memalign                      
000047cd  memccpy                       
00003ecf  memcpy                        
00004115  memset                        
20002330  motor_cal_factor_L            
20002334  motor_cal_factor_R            
0000255d  moveBack                      
00002355  moveForward                   
00001aa1  objectDetected                
00001abf  objectLeft                    
0000026d  oi_alloc                      
00000aa9  oi_checkFirmware              
000002c7  oi_close                      
00000279  oi_free                       
00000ded  oi_getMotorCalibrationLeft    
00000e01  oi_getMotorCalibrationRight   
000002b1  oi_init                       
00000289  oi_init_noupdate              
00000915  oi_loadSong                   
00004833  oi_parseInt                   
0000032b  oi_parsePacket                
0000096b  oi_play_song                  
0000084b  oi_setLeds                    
00000db1  oi_setMotorCalibration        
0000088f  oi_setWheels                  
00000b51  oi_shutoff_init               
0000098d  oi_uartInit                   
00000a31  oi_uartReceive                
00000a77  oi_uartSendBuff               
00000a15  oi_uartSendChar               
00000a59  oi_uartSendStr                
000002d9  oi_update                     
00002e97  ping_getDistance              
00002d55  ping_init                     
00002ddb  ping_trigger                  
00001993  printObjectData               
00001941  printString                   
20002320  pulseLength                   
20002324  right_calibration_value       
20002328  risingEdge                    
00003a2d  scalbn                        
00003a2d  scalbnl                       
00003425  servo_init                    
000034b5  servo_move                    
00003515  servo_setPWM                  
000034a9  servo_stop                    
00004575  sprintf                       
00004863  strchr                        
0000484b  strcmp                        
00004879  strcpy                        
0000488d  strlen                        
00002c2b  timer_getMicros               
00002bd3  timer_getMillis               
00002b0d  timer_init                    
00002baf  timer_pause                   
00002bc1  timer_resume                  
00002b85  timer_stop                    
00002c85  timer_waitMicros              
00002cb7  timer_waitMillis              
000024f7  turnLeft                      
00002491  turnRight                     
000045b5  vsnprintf                     
000048a1  wcslen                        


GLOBAL SYMBOLS: SORTED BY Symbol Address 

address   name                          
-------   ----                          
00000000  __TI_static_base__            
00000000  g_pfnVectors                  
0000026d  oi_alloc                      
00000279  oi_free                       
00000289  oi_init_noupdate              
000002b1  oi_init                       
000002c7  oi_close                      
000002d9  oi_update                     
0000032b  oi_parsePacket                
0000084b  oi_setLeds                    
0000088f  oi_setWheels                  
00000915  oi_loadSong                   
0000096b  oi_play_song                  
0000097f  go_charge                     
0000098d  oi_uartInit                   
00000a15  oi_uartSendChar               
00000a31  oi_uartReceive                
00000a59  oi_uartSendStr                
00000a77  oi_uartSendBuff               
00000aa9  oi_checkFirmware              
00000b51  oi_shutoff_init               
00000bc3  GPIOF_Handler                 
00000db1  oi_setMotorCalibration        
00000ded  oi_getMotorCalibrationLeft    
00000e01  oi_getMotorCalibrationRight   
00000e8d  __TI_printfi                  
00001000  __STACK_SIZE                  
00001000  __SYSMEM_SIZE                 
000018db  _nop                          
000018dd  findSmallest                  
00001941  printString                   
00001969  findRadialWidth               
0000197b  findCenterAngle               
00001993  printObjectData               
00001a6b  findClosest                   
00001aa1  objectDetected                
00001abf  objectLeft                    
00001adb  getAverage                    
00001b37  calculateLinearWidth          
00001b99  initialize                    
00001ce5  main                          
0000202d  lcd_reverseNibble             
00002069  lcd_init                      
00002129  lcd_putc                      
00002161  lcd_puts                      
0000217f  lcd_sendCommand               
000021bd  lcd_sendNibble                
00002201  lcd_gotoLine                  
00002229  lcd_setCursorPos              
00002267  lcd_printf                    
00002355  moveForward                   
00002491  turnRight                     
000024f7  turnLeft                      
0000255d  moveBack                      
000025e9  bump                          
000028ad  cyBOT_scan_version            
000028bb  cyBOT_init_Scan               
00002913  cyBOT_Scan                    
00002985  cyBOT_SERVO_cal               
00002b0d  timer_init                    
00002b85  timer_stop                    
00002baf  timer_pause                   
00002bc1  timer_resume                  
00002bd3  timer_getMillis               
00002c2b  timer_getMicros               
00002c85  timer_waitMicros              
00002cb7  timer_waitMillis              
00002d55  ping_init                     
00002ddb  ping_trigger                  
00002e45  TIMER3B_Handler               
00002e97  ping_getDistance              
00003111  __aeabi_dsub                  
0000311b  __aeabi_dadd                  
000032c7  __aeabi_idiv0                 
000032c7  __aeabi_ldiv0                 
000032c9  cyBot_sendByte                
000032d5  cyBot_uart_sendStr            
000032ef  cyBot_uart_sendBuffer         
00003307  cyBot_uart_init               
00003399  cyBot_uart_flush              
000033b7  cyBot_getByte                 
000033d1  cyBot_UART1_Handler           
00003425  servo_init                    
000034a9  servo_stop                    
000034b5  servo_move                    
00003515  servo_setPWM                  
000036b9  __aeabi_ddiv                  
00003915  ir_init                       
0000397d  ir_getValue                   
000039a5  ir_getDistance                
000039ad  ADC0SS0_Handler               
000039c3  ir_enableInterrupt            
00003a2d  ldexp                         
00003a2d  ldexpl                        
00003a2d  scalbn                        
00003a2d  scalbnl                       
00003b3d  aligned_alloc                 
00003b3d  memalign                      
00003c3d  __aeabi_dmul                  
00003d39  free                          
00003ecf  __aeabi_memcpy                
00003ecf  __aeabi_memcpy4               
00003ecf  __aeabi_memcpy8               
00003ecf  memcpy                        
00003f6b  __aeabi_uldivmod              
00004001  __aeabi_cdcmpeq               
00004001  __aeabi_cdcmple               
00004087  __aeabi_cdrcmple              
0000410d  __aeabi_memclr                
0000410d  __aeabi_memclr4               
0000410d  __aeabi_memclr8               
0000410f  __aeabi_memset                
0000410f  __aeabi_memset4               
0000410f  __aeabi_memset8               
00004115  memset                        
00004267  __aeabi_d2f                   
000042d5  __TI_decompress_lzss          
0000433d  frexp                         
0000433d  frexpl                        
000043f7  __TI_ltoa                     
0000449d  atoi                          
000044e9  __aeabi_d2iz                  
00004531  __TI_auto_init_nobinit_nopinit
00004575  sprintf                       
000045b5  vsnprintf                     
00004635  calloc                        
0000466d  __aeabi_f2d                   
000046a5  IntRegister                   
000046d9  _c_int00_noargs               
0000473d  __aeabi_i2d                   
00004795  __TI_zero_init_nomemset       
000047cd  memccpy                       
000047e9  copysign                      
000047e9  copysignl                     
00004833  oi_parseInt                   
0000484b  strcmp                        
00004863  strchr                        
00004879  strcpy                        
0000488d  strlen                        
000048a1  wcslen                        
000048b3  IntMasterEnable               
000048c3  lcd_clear                     
000048d3  __TI_decompress_none          
000048e1  CPUcpsie                      
000048ed  ResetISR                      
00004905  __aeabi_errno_addr            
0000490d  malloc                        
00004915  _system_pre_init              
00004919  C$$EXIT                       
00004919  abort                         
0000491c  _ctypes_                      
00004a54  __TI_Handler_Table_Base       
00004a60  __TI_Handler_Table_Limit      
00004a70  __TI_CINIT_Base               
00004a88  __TI_CINIT_Limit              
20000000  __start___llvm_prf_cnts       
20000000  __stop___llvm_prf_cnts        
20000000  g_pfnRAMVectors               
20000270  __stack                       
20000470  __STACK_TOP                   
20001270  __STACK_END                   
20001270  _sys_memory                   
200022c4  isr_char_buffer               
20002310  _timeout_ticks                
20002314  fallingEdge                   
20002318  isr_int_value                 
2000231c  left_calibration_value        
20002320  pulseLength                   
20002324  right_calibration_value       
20002328  risingEdge                    
2000232c  isRisingEdge                  
20002330  motor_cal_factor_L            
20002334  motor_cal_factor_R            
20002350  _lock                         
20002354  _unlock                       
20002360  cyBOT_scan_features           
20002364  isr_counter                   
20002368  errno                         
2000236c  _running                      
ffffffff  __TI_pprof_out_hndl           
ffffffff  __TI_prof_data_size           
ffffffff  __TI_prof_data_start          
ffffffff  __binit__                     
ffffffff  __c_args__                    
ffffffff  binit                         
UNDEFED   __mpu_init                    
UNDEFED   _system_post_cinit            

[187 symbols]
