******************************************************************************
                  TI ARM Linker PC v20.2.7                     
******************************************************************************
>> Linked Tue Mar 19 16:07:54 2024

OUTPUT FILE NAME:   <Lab7.out>
ENTRY POINT SYMBOL: "_c_int00_noargs"  address: 00004b3d


MEMORY CONFIGURATION

         name            origin    length      used     unused   attr    fill
----------------------  --------  ---------  --------  --------  ----  --------
  FLASH                 00000000   00040000  00004f10  0003b0f0  R  X
  SRAM                  20000000   00008000  0000236e  00005c92  RW X


SEGMENT ALLOCATION MAP

run origin  load origin   length   init length attrs members
----------  ----------- ---------- ----------- ----- -------
00000000    00000000    00004f10   00004f10    r-x
  00000000    00000000    0000026c   0000026c    r-- .intvecs
  0000026c    0000026c    00004b34   00004b34    r-x .text
  00004da0    00004da0    00000118   00000118    r-- .const
  00004eb8    00004eb8    00000058   00000058    r-- .cinit
20000000    20000000    00002375   00000000    rw-
  20000000    20000000    0000026c   00000000    rw- .vtable
  20000270    20000270    00001000   00000000    rw- .stack
  20001270    20001270    00001000   00000000    rw- .sysmem
  20002270    20002270    000000bd   00000000    rw- .bss
  20002330    20002330    00000045   00000000    rw- .data


SECTION ALLOCATION MAP

 output                                  attributes/
section   page    origin      length       input sections
--------  ----  ----------  ----------   ----------------
.intvecs   0    00000000    0000026c     
                  00000000    0000026c     tm4c123gh6pm_startup_ccs.obj (.intvecs)

.text      0    0000026c    00004b34     
                  0000026c    00000c20     open_interface.obj (.text)
                  00000e8c    00000a4e     rtsv7M4_T_le_v4SPD16_eabi.lib : _printfi.c.obj (.text:__TI_printfi)
                  000018da    00000002                                   : _lock.c.obj (.text:_nop)
                  000018dc    000007fc     main.obj (.text)
                  000020d8    00000328     lcd.obj (.text)
                  00002400    000002e8     movement.obj (.text)
                  000026e8    000002a8     libcybotUART.lib : uart.obj (.text)
                  00002990    00000270     rtsv7M4_T_le_v4SPD16_eabi.lib : _printfi.c.obj (.text:_pconv_a)
                  00002c00    0000026c     uart-interrupt.obj (.text)
                  00002e6c    00000260     libcybotScan.lib : cyBot_Scan.obj (.text)
                  000030cc    00000248     Timer.obj (.text)
                  00003314    000001ec     libcybotScan.lib : ping.obj (.text)
                  00003500    000001d0     rtsv7M4_T_le_v4SPD16_eabi.lib : _printfi.c.obj (.text:_pconv_g)
                  000036d0    000001b6                                   : fd_add_t2.asm.obj (.text)
                  00003886    00000002                                   : div0.asm.obj (.text)
                  00003888    00000158     libcybotScan.lib : servo.obj (.text)
                  000039e0    0000013c     rtsv7M4_T_le_v4SPD16_eabi.lib : _printfi.c.obj (.text:_pconv_e)
                  00003b1c    00000136                                   : fd_div_t2.asm.obj (.text)
                  00003c52    00000002     --HOLE-- [fill = 0]
                  00003c54    00000124                                   : _printfi.c.obj (.text:fcvt)
                  00003d78    00000118     libcybotScan.lib : ir.obj (.text)
                  00003e90    00000110     rtsv7M4_T_le_v4SPD16_eabi.lib : s_scalbn.c.obj (.text:scalbn)
                  00003fa0    00000100                                   : memory.c.obj (.text:aligned_alloc)
                  000040a0    000000fc                                   : fd_mul_t2.asm.obj (.text)
                  0000419c    000000e4                                   : memory.c.obj (.text:free)
                  00004280    000000b1                                   : _printfi.c.obj (.text:_ltostr)
                  00004331    00000001     --HOLE-- [fill = 0]
                  00004332    0000009c                                   : memcpy_t2.asm.obj (.text)
                  000043ce    00000096                                   : ull_div_t2.asm.obj (.text)
                  00004464    00000086                                   : fd_cmp_t2.asm.obj (.text:__aeabi_cdcmple)
                  000044ea    00000086                                   : fd_cmp_t2.asm.obj (.text:__aeabi_cdrcmple)
                  00004570    0000007a                                   : memset_t2.asm.obj (.text)
                  000045ea    00000002     --HOLE-- [fill = 0]
                  000045ec    00000070                                   : memory.c.obj (.text:split)
                  0000465c    0000006e                                   : _printfi.c.obj (.text:_mcpy)
                  000046ca    0000006e                                   : fd_tos_t2.asm.obj (.text)
                  00004738    00000068                                   : copy_decompress_lzss.c.obj (.text:decompress:lzss:__TI_decompress_lzss)
                  000047a0    00000064                                   : s_frexp.c.obj (.text:frexp)
                  00004804    00000056                                   : _printfi.c.obj (.text:_pconv_f)
                  0000485a    00000054                                   : _ltoa.c.obj (.text:__TI_ltoa)
                  000048ae    00000052                                   : _printfi.c.obj (.text:_ecpy)
                  00004900    0000004c                                   : atoi.c.obj (.text:atoi)
                  0000494c    00000048                                   : fd_toi_t2.asm.obj (.text)
                  00004994    00000044                                   : autoinit.c.obj (.text:__TI_auto_init_nobinit_nopinit:__TI_auto_init_nobinit_nopinit)
                  000049d8    00000040                                   : sprintf.c.obj (.text:sprintf)
                  00004a18    00000040                                   : vsnprintf.c.obj (.text:vsnprintf)
                  00004a58    0000003e                                   : _printfi.c.obj (.text:_fcpy)
                  00004a96    00000002     --HOLE-- [fill = 0]
                  00004a98    00000038                                   : memory.c.obj (.text:calloc)
                  00004ad0    00000038                                   : fs_tod_t2.asm.obj (.text)
                  00004b08    00000034     driverlib.lib : interrupt.obj (.text:IntRegister)
                  00004b3c    00000034     rtsv7M4_T_le_v4SPD16_eabi.lib : boot_cortex_m.c.obj (.text:_c_int00_noargs:_c_int00_noargs)
                  00004b70    00000030                                   : vsnprintf.c.obj (.text:_outs)
                  00004ba0    0000002e                                   : i_tofd_t2.asm.obj (.text)
                  00004bce    00000002     --HOLE-- [fill = 0]
                  00004bd0    00000028                                   : memory.c.obj (.text:free_list_insert)
                  00004bf8    00000020                                   : u_tofd_t2.asm.obj (.text)
                  00004c18    0000001c                                   : copy_zero_init.c.obj (.text:decompress:ZI:__TI_zero_init_nomemset:__TI_zero_init_nomemset)
                  00004c34    0000001c                                   : memory.c.obj (.text:free_list_remove)
                  00004c50    0000001c                                   : memccpy.c.obj (.text:memccpy)
                  00004c6c    0000001a                                   : s_copysign.c.obj (.text:copysign)
                  00004c86    00000018                                   : vsnprintf.c.obj (.text:_outc)
                  00004c9e    00000018                                   : sprintf.c.obj (.text:_outs)
                  00004cb6    00000018     open_interface.obj (.text:oi_parseInt)
                  00004cce    00000018     rtsv7M4_T_le_v4SPD16_eabi.lib : strcmp.c.obj (.text:strcmp)
                  00004ce6    00000016                                   : strchr.c.obj (.text:strchr)
                  00004cfc    00000014                                   : strcpy.c.obj (.text:strcpy)
                  00004d10    00000014                                   : strlen.c.obj (.text:strlen)
                  00004d24    00000012                                   : wcslen.c.obj (.text:wcslen)
                  00004d36    00000010     driverlib.lib : interrupt.obj (.text:IntMasterEnable)
                  00004d46    00000010     lcd.obj (.text:lcd_clear)
                  00004d56    0000000e     rtsv7M4_T_le_v4SPD16_eabi.lib : copy_decompress_none.c.obj (.text:decompress:none:__TI_decompress_none)
                  00004d64    0000000c     driverlib.lib : cpu.obj (.text:CPUcpsie)
                  00004d70    0000000c     tm4c123gh6pm_startup_ccs.obj (.text)
                  00004d7c    0000000a     rtsv7M4_T_le_v4SPD16_eabi.lib : sprintf.c.obj (.text:_outc)
                  00004d86    00000002     --HOLE-- [fill = 0]
                  00004d88    00000008                                   : errno.c.obj (.text:__aeabi_errno_addr)
                  00004d90    00000008                                   : memory.c.obj (.text:malloc)
                  00004d98    00000004                                   : pre_init.c.obj (.text:_system_pre_init)
                  00004d9c    00000004                                   : exit.c.obj (.text:abort:abort)

.const     0    00004da0    00000118     
                  00004da0    00000101     rtsv7M4_T_le_v4SPD16_eabi.lib : ctype.c.obj (.const:.string:_ctypes_)
                  00004ea1    0000000f     open_interface.obj (.const:.string:$P$T0$3)
                  00004eb0    00000004     lcd.obj (.const:.string:lineAddress$1)
                  00004eb4    00000004     lcd.obj (.const:.string:lineAddresses$2)

.cinit     0    00004eb8    00000058     
                  00004eb8    0000001f     (.cinit..data.load) [load image, compression = lzss]
                  00004ed7    00000001     --HOLE-- [fill = 0]
                  00004ed8    0000000c     (__TI_handler_table)
                  00004ee4    00000004     --HOLE-- [fill = 0]
                  00004ee8    00000008     (.cinit..bss.load) [load image, compression = zero_init]
                  00004ef0    00000008     (.cinit..vtable.load) [load image, compression = zero_init]
                  00004ef8    00000018     (__TI_cinit_table)

.init_array 
*          0    00000000    00000000     UNINITIALIZED

.vtable    0    20000000    0000026c     UNINITIALIZED
                  20000000    0000026c     driverlib.lib : interrupt.obj (.vtable)

.stack     0    20000270    00001000     UNINITIALIZED
                  20000270    00000004     rtsv7M4_T_le_v4SPD16_eabi.lib : boot_cortex_m.c.obj (.stack)
                  20000274    00000ffc     --HOLE--

.sysmem    0    20001270    00001000     UNINITIALIZED
                  20001270    00000010     rtsv7M4_T_le_v4SPD16_eabi.lib : memory.c.obj (.sysmem)
                  20001280    00000ff0     --HOLE--

.bss       0    20002270    000000bd     UNINITIALIZED
                  20002270    00000054     lcd.obj (.bss:lastbuffer$3)
                  200022c4    00000034     (.common:isr_char_buffer)
                  200022f8    00000018     open_interface.obj (.bss:firmware$2)
                  20002310    00000004     (.common:_timeout_ticks)
                  20002314    00000004     (.common:fallingEdge)
                  20002318    00000004     (.common:isr_int_value)
                  2000231c    00000004     (.common:left_calibration_value)
                  20002320    00000004     (.common:pulseLength)
                  20002324    00000004     (.common:right_calibration_value)
                  20002328    00000004     (.common:risingEdge)
                  2000232c    00000001     (.common:isRisingEdge)

.data      0    20002330    00000045     UNINITIALIZED
                  20002330    00000020     open_interface.obj (.data)
                  20002350    00000008     rtsv7M4_T_le_v4SPD16_eabi.lib : _lock.c.obj (.data:$O1$$)
                  20002358    00000008                                   : memory.c.obj (.data:$O1$$)
                  20002360    00000008     uart-interrupt.obj (.data)
                  20002368    00000004     libcybotScan.lib : cyBot_Scan.obj (.data)
                  2000236c    00000004     libcybotUART.lib : uart.obj (.data)
                  20002370    00000004     rtsv7M4_T_le_v4SPD16_eabi.lib : errno.c.obj (.data)
                  20002374    00000001     Timer.obj (.data)

__llvm_prf_cnts 
*          0    20000000    00000000     UNINITIALIZED

MODULE SUMMARY

       Module                         code    ro data   rw data
       ------                         ----    -------   -------
    .\
       open_interface.obj             3128    15        56     
       main.obj                       2044    0         8      
       lcd.obj                        824     8         84     
       movement.obj                   744     0         0      
       tm4c123gh6pm_startup_ccs.obj   12      620       0      
       uart-interrupt.obj             620     0         8      
       Timer.obj                      584     0         5      
    +--+------------------------------+-------+---------+---------+
       Total:                         7956    643       161    
                                                               
    ../libcybotScan.lib
       cyBot_Scan.obj                 608     0         4      
       ping.obj                       492     0         13     
       servo.obj                      344     0         0      
       ir.obj                         280     0         4      
    +--+------------------------------+-------+---------+---------+
       Total:                         1724    0         21     
                                                               
    ../libcybotUART.lib
       uart.obj                       680     0         56     
    +--+------------------------------+-------+---------+---------+
       Total:                         680     0         56     
                                                               
    C:/ti/TivaWare_C_Series-2.2.0.295/driverlib/ccs/Debug/driverlib.lib
       interrupt.obj                  68      0         620    
       cpu.obj                        12      0         0      
    +--+------------------------------+-------+---------+---------+
       Total:                         80      0         620    
                                                               
    C:\ti\ccs1230\ccs\tools\compiler\ti-cgt-arm_20.2.7.LTS\lib\rtsv7M4_T_le_v4SPD16_eabi.lib
       _printfi.c.obj                 4851    0         0      
       memory.c.obj                   728     0         8      
       fd_add_t2.asm.obj              438     0         0      
       fd_div_t2.asm.obj              310     0         0      
       s_scalbn.c.obj                 272     0         0      
       fd_cmp_t2.asm.obj              268     0         0      
       ctype.c.obj                    0       257       0      
       fd_mul_t2.asm.obj              252     0         0      
       memcpy_t2.asm.obj              156     0         0      
       ull_div_t2.asm.obj             150     0         0      
       vsnprintf.c.obj                136     0         0      
       memset_t2.asm.obj              122     0         0      
       fd_tos_t2.asm.obj              110     0         0      
       copy_decompress_lzss.c.obj     104     0         0      
       s_frexp.c.obj                  100     0         0      
       sprintf.c.obj                  98      0         0      
       _ltoa.c.obj                    84      0         0      
       atoi.c.obj                     76      0         0      
       fd_toi_t2.asm.obj              72      0         0      
       autoinit.c.obj                 68      0         0      
       fs_tod_t2.asm.obj              56      0         0      
       boot_cortex_m.c.obj            52      0         0      
       i_tofd_t2.asm.obj              46      0         0      
       u_tofd_t2.asm.obj              32      0         0      
       copy_zero_init.c.obj           28      0         0      
       memccpy.c.obj                  28      0         0      
       s_copysign.c.obj               26      0         0      
       strcmp.c.obj                   24      0         0      
       strchr.c.obj                   22      0         0      
       strcpy.c.obj                   20      0         0      
       strlen.c.obj                   20      0         0      
       wcslen.c.obj                   18      0         0      
       copy_decompress_none.c.obj     14      0         0      
       errno.c.obj                    8       0         4      
       _lock.c.obj                    2       0         8      
       exit.c.obj                     4       0         0      
       pre_init.c.obj                 4       0         0      
       div0.asm.obj                   2       0         0      
    +--+------------------------------+-------+---------+---------+
       Total:                         8801    257       20     
                                                               
       Heap:                          0       0         4096   
       Stack:                         0       0         4096   
       Linker Generated:              0       83        0      
    +--+------------------------------+-------+---------+---------+
       Grand Total:                   19241   983       9070   


LINKER GENERATED COPY TABLES

__TI_cinit_table @ 00004ef8 records: 3, size/record: 8, table size: 24
	.data: load addr=00004eb8, load size=0000001f bytes, run addr=20002330, run size=00000045 bytes, compression=lzss
	.bss: load addr=00004ee8, load size=00000008 bytes, run addr=20002270, run size=000000bd bytes, compression=zero_init
	.vtable: load addr=00004ef0, load size=00000008 bytes, run addr=20000000, run size=0000026c bytes, compression=zero_init


LINKER GENERATED HANDLER TABLE

__TI_handler_table @ 00004ed8 records: 3, size/record: 4, table size: 12
	index: 0, handler: __TI_zero_init
	index: 1, handler: __TI_decompress_lzss
	index: 2, handler: __TI_decompress_none


GLOBAL SYMBOLS: SORTED ALPHABETICALLY BY Name 

address   name                          
-------   ----                          
00003e11  ADC0SS0_Handler               
00004d9d  C$$EXIT                       
00004d65  CPUcpsie                      
00000bc3  GPIOF_Handler                 
00004d37  IntMasterEnable               
00004b09  IntRegister                   
00004d71  ResetISR                      
00003405  TIMER3B_Handler               
00002d9b  UART1_Handler                 
20001270  __STACK_END                   
00001000  __STACK_SIZE                  
20000470  __STACK_TOP                   
00001000  __SYSMEM_SIZE                 
00004ef8  __TI_CINIT_Base               
00004f10  __TI_CINIT_Limit              
00004ed8  __TI_Handler_Table_Base       
00004ee4  __TI_Handler_Table_Limit      
00004995  __TI_auto_init_nobinit_nopinit
00004739  __TI_decompress_lzss          
00004d57  __TI_decompress_none          
0000485b  __TI_ltoa                     
ffffffff  __TI_pprof_out_hndl           
00000e8d  __TI_printfi                  
ffffffff  __TI_prof_data_size           
ffffffff  __TI_prof_data_start          
00000000  __TI_static_base__            
00004c19  __TI_zero_init_nomemset       
00004465  __aeabi_cdcmpeq               
00004465  __aeabi_cdcmple               
000044eb  __aeabi_cdrcmple              
000046cb  __aeabi_d2f                   
0000494d  __aeabi_d2iz                  
000036db  __aeabi_dadd                  
00003b1d  __aeabi_ddiv                  
000040a1  __aeabi_dmul                  
000036d1  __aeabi_dsub                  
00004d89  __aeabi_errno_addr            
00004ad1  __aeabi_f2d                   
00004ba1  __aeabi_i2d                   
00003887  __aeabi_idiv0                 
00003887  __aeabi_ldiv0                 
00004571  __aeabi_memclr                
00004571  __aeabi_memclr4               
00004571  __aeabi_memclr8               
00004333  __aeabi_memcpy                
00004333  __aeabi_memcpy4               
00004333  __aeabi_memcpy8               
00004573  __aeabi_memset                
00004573  __aeabi_memset4               
00004573  __aeabi_memset8               
00004bf9  __aeabi_ui2d                  
000043cf  __aeabi_uldivmod              
ffffffff  __binit__                     
ffffffff  __c_args__                    
UNDEFED   __mpu_init                    
20000270  __stack                       
20000000  __start___llvm_prf_cnts       
20000000  __stop___llvm_prf_cnts        
00004b3d  _c_int00_noargs               
00004da0  _ctypes_                      
20002350  _lock                         
000018db  _nop                          
20002374  _running                      
20001270  _sys_memory                   
UNDEFED   _system_post_cinit            
00004d99  _system_pre_init              
20002310  _timeout_ticks                
20002354  _unlock                       
00004d9d  abort                         
00003fa1  aligned_alloc                 
00004901  atoi                          
ffffffff  binit                         
00002695  bump                          
00001b37  calculateLinearWidth          
00004a99  calloc                        
20002360  command_byte                  
20002364  command_flag                  
20002361  command_reset                 
00004c6d  copysign                      
00004c6d  copysignl                     
00002f45  cyBOT_SERVO_cal               
00002ed3  cyBOT_Scan                    
00002e7b  cyBOT_init_Scan               
20002368  cyBOT_scan_features           
00002e6d  cyBOT_scan_version            
00002935  cyBot_UART1_Handler           
00002927  cyBot_getByte_blocking        
00002907  cyBot_getByte_nonblocking     
000026e9  cyBot_sendByte                
000028ed  cyBot_uart_flush              
00002857  cyBot_uart_init               
000027f7  cyBot_uart_init_PHJ_first_half
0000279f  cyBot_uart_init_clean         
00002727  cyBot_uart_init_last_half     
0000270f  cyBot_uart_sendBuffer         
000026f5  cyBot_uart_sendStr            
20002370  errno                         
20002314  fallingEdge                   
0000197b  findCenterAngle               
00001a6b  findClosest                   
00001969  findRadialWidth               
000018dd  findSmallest                  
0000419d  free                          
000047a1  frexp                         
000047a1  frexpl                        
20000000  g_pfnRAMVectors               
00000000  g_pfnVectors                  
00001adb  getAverage                    
0000097f  go_charge                     
00001b99  initialize                    
00003e27  ir_enableInterrupt            
00003e09  ir_getDistance                
00003de1  ir_getValue                   
00003d79  ir_init                       
2000232c  isRisingEdge                  
200022c4  isr_char_buffer               
2000236c  isr_counter                   
20002318  isr_int_value                 
00004d47  lcd_clear                     
000022ad  lcd_gotoLine                  
00002115  lcd_init                      
00002313  lcd_printf                    
000021d5  lcd_putc                      
0000220d  lcd_puts                      
000020d9  lcd_reverseNibble             
0000222b  lcd_sendCommand               
00002269  lcd_sendNibble                
000022d5  lcd_setCursorPos              
00003e91  ldexp                         
00003e91  ldexpl                        
2000231c  left_calibration_value        
00001ce5  main                          
00004d91  malloc                        
00003fa1  memalign                      
00004c51  memccpy                       
00004333  memcpy                        
00004579  memset                        
20002330  motor_cal_factor_L            
20002334  motor_cal_factor_R            
00002609  moveBack                      
00002401  moveForward                   
00001aa1  objectDetected                
00001abf  objectLeft                    
0000026d  oi_alloc                      
00000aa9  oi_checkFirmware              
000002c7  oi_close                      
00000279  oi_free                       
00000ded  oi_getMotorCalibrationLeft    
00000e01  oi_getMotorCalibrationRight   
000002b1  oi_init                       
00000289  oi_init_noupdate              
00000915  oi_loadSong                   
00004cb7  oi_parseInt                   
0000032b  oi_parsePacket                
0000096b  oi_play_song                  
0000084b  oi_setLeds                    
00000db1  oi_setMotorCalibration        
0000088f  oi_setWheels                  
00000b51  oi_shutoff_init               
0000098d  oi_uartInit                   
00000a31  oi_uartReceive                
00000a77  oi_uartSendBuff               
00000a15  oi_uartSendChar               
00000a59  oi_uartSendStr                
000002d9  oi_update                     
00003457  ping_getDistance              
00003315  ping_init                     
0000339b  ping_trigger                  
00001993  printObjectData               
00001941  printString                   
20002320  pulseLength                   
20002324  right_calibration_value       
20002328  risingEdge                    
00003e91  scalbn                        
00003e91  scalbnl                       
00003889  servo_init                    
00003919  servo_move                    
00003979  servo_setPWM                  
0000390d  servo_stop                    
000049d9  sprintf                       
00004ce7  strchr                        
00004ccf  strcmp                        
00004cfd  strcpy                        
00004d11  strlen                        
000031eb  timer_getMicros               
00003193  timer_getMillis               
000030cd  timer_init                    
0000316f  timer_pause                   
00003181  timer_resume                  
00003145  timer_stop                    
00003245  timer_waitMicros              
00003277  timer_waitMillis              
000025a3  turnLeft                      
0000253d  turnRight                     
00002c01  uart_interrupt_init           
00002d25  uart_receive                  
00002d35  uart_receive_nonblocking      
00002d09  uart_sendChar                 
00002d49  uart_sendStr                  
00004a19  vsnprintf                     
00004d25  wcslen                        


GLOBAL SYMBOLS: SORTED BY Symbol Address 

address   name                          
-------   ----                          
00000000  __TI_static_base__            
00000000  g_pfnVectors                  
0000026d  oi_alloc                      
00000279  oi_free                       
00000289  oi_init_noupdate              
000002b1  oi_init                       
000002c7  oi_close                      
000002d9  oi_update                     
0000032b  oi_parsePacket                
0000084b  oi_setLeds                    
0000088f  oi_setWheels                  
00000915  oi_loadSong                   
0000096b  oi_play_song                  
0000097f  go_charge                     
0000098d  oi_uartInit                   
00000a15  oi_uartSendChar               
00000a31  oi_uartReceive                
00000a59  oi_uartSendStr                
00000a77  oi_uartSendBuff               
00000aa9  oi_checkFirmware              
00000b51  oi_shutoff_init               
00000bc3  GPIOF_Handler                 
00000db1  oi_setMotorCalibration        
00000ded  oi_getMotorCalibrationLeft    
00000e01  oi_getMotorCalibrationRight   
00000e8d  __TI_printfi                  
00001000  __STACK_SIZE                  
00001000  __SYSMEM_SIZE                 
000018db  _nop                          
000018dd  findSmallest                  
00001941  printString                   
00001969  findRadialWidth               
0000197b  findCenterAngle               
00001993  printObjectData               
00001a6b  findClosest                   
00001aa1  objectDetected                
00001abf  objectLeft                    
00001adb  getAverage                    
00001b37  calculateLinearWidth          
00001b99  initialize                    
00001ce5  main                          
000020d9  lcd_reverseNibble             
00002115  lcd_init                      
000021d5  lcd_putc                      
0000220d  lcd_puts                      
0000222b  lcd_sendCommand               
00002269  lcd_sendNibble                
000022ad  lcd_gotoLine                  
000022d5  lcd_setCursorPos              
00002313  lcd_printf                    
00002401  moveForward                   
0000253d  turnRight                     
000025a3  turnLeft                      
00002609  moveBack                      
00002695  bump                          
000026e9  cyBot_sendByte                
000026f5  cyBot_uart_sendStr            
0000270f  cyBot_uart_sendBuffer         
00002727  cyBot_uart_init_last_half     
0000279f  cyBot_uart_init_clean         
000027f7  cyBot_uart_init_PHJ_first_half
00002857  cyBot_uart_init               
000028ed  cyBot_uart_flush              
00002907  cyBot_getByte_nonblocking     
00002927  cyBot_getByte_blocking        
00002935  cyBot_UART1_Handler           
00002c01  uart_interrupt_init           
00002d09  uart_sendChar                 
00002d25  uart_receive                  
00002d35  uart_receive_nonblocking      
00002d49  uart_sendStr                  
00002d9b  UART1_Handler                 
00002e6d  cyBOT_scan_version            
00002e7b  cyBOT_init_Scan               
00002ed3  cyBOT_Scan                    
00002f45  cyBOT_SERVO_cal               
000030cd  timer_init                    
00003145  timer_stop                    
0000316f  timer_pause                   
00003181  timer_resume                  
00003193  timer_getMillis               
000031eb  timer_getMicros               
00003245  timer_waitMicros              
00003277  timer_waitMillis              
00003315  ping_init                     
0000339b  ping_trigger                  
00003405  TIMER3B_Handler               
00003457  ping_getDistance              
000036d1  __aeabi_dsub                  
000036db  __aeabi_dadd                  
00003887  __aeabi_idiv0                 
00003887  __aeabi_ldiv0                 
00003889  servo_init                    
0000390d  servo_stop                    
00003919  servo_move                    
00003979  servo_setPWM                  
00003b1d  __aeabi_ddiv                  
00003d79  ir_init                       
00003de1  ir_getValue                   
00003e09  ir_getDistance                
00003e11  ADC0SS0_Handler               
00003e27  ir_enableInterrupt            
00003e91  ldexp                         
00003e91  ldexpl                        
00003e91  scalbn                        
00003e91  scalbnl                       
00003fa1  aligned_alloc                 
00003fa1  memalign                      
000040a1  __aeabi_dmul                  
0000419d  free                          
00004333  __aeabi_memcpy                
00004333  __aeabi_memcpy4               
00004333  __aeabi_memcpy8               
00004333  memcpy                        
000043cf  __aeabi_uldivmod              
00004465  __aeabi_cdcmpeq               
00004465  __aeabi_cdcmple               
000044eb  __aeabi_cdrcmple              
00004571  __aeabi_memclr                
00004571  __aeabi_memclr4               
00004571  __aeabi_memclr8               
00004573  __aeabi_memset                
00004573  __aeabi_memset4               
00004573  __aeabi_memset8               
00004579  memset                        
000046cb  __aeabi_d2f                   
00004739  __TI_decompress_lzss          
000047a1  frexp                         
000047a1  frexpl                        
0000485b  __TI_ltoa                     
00004901  atoi                          
0000494d  __aeabi_d2iz                  
00004995  __TI_auto_init_nobinit_nopinit
000049d9  sprintf                       
00004a19  vsnprintf                     
00004a99  calloc                        
00004ad1  __aeabi_f2d                   
00004b09  IntRegister                   
00004b3d  _c_int00_noargs               
00004ba1  __aeabi_i2d                   
00004bf9  __aeabi_ui2d                  
00004c19  __TI_zero_init_nomemset       
00004c51  memccpy                       
00004c6d  copysign                      
00004c6d  copysignl                     
00004cb7  oi_parseInt                   
00004ccf  strcmp                        
00004ce7  strchr                        
00004cfd  strcpy                        
00004d11  strlen                        
00004d25  wcslen                        
00004d37  IntMasterEnable               
00004d47  lcd_clear                     
00004d57  __TI_decompress_none          
00004d65  CPUcpsie                      
00004d71  ResetISR                      
00004d89  __aeabi_errno_addr            
00004d91  malloc                        
00004d99  _system_pre_init              
00004d9d  C$$EXIT                       
00004d9d  abort                         
00004da0  _ctypes_                      
00004ed8  __TI_Handler_Table_Base       
00004ee4  __TI_Handler_Table_Limit      
00004ef8  __TI_CINIT_Base               
00004f10  __TI_CINIT_Limit              
20000000  __start___llvm_prf_cnts       
20000000  __stop___llvm_prf_cnts        
20000000  g_pfnRAMVectors               
20000270  __stack                       
20000470  __STACK_TOP                   
20001270  __STACK_END                   
20001270  _sys_memory                   
200022c4  isr_char_buffer               
20002310  _timeout_ticks                
20002314  fallingEdge                   
20002318  isr_int_value                 
2000231c  left_calibration_value        
20002320  pulseLength                   
20002324  right_calibration_value       
20002328  risingEdge                    
2000232c  isRisingEdge                  
20002330  motor_cal_factor_L            
20002334  motor_cal_factor_R            
20002350  _lock                         
20002354  _unlock                       
20002360  command_byte                  
20002361  command_reset                 
20002364  command_flag                  
20002368  cyBOT_scan_features           
2000236c  isr_counter                   
20002370  errno                         
20002374  _running                      
ffffffff  __TI_pprof_out_hndl           
ffffffff  __TI_prof_data_size           
ffffffff  __TI_prof_data_start          
ffffffff  __binit__                     
ffffffff  __c_args__                    
ffffffff  binit                         
UNDEFED   __mpu_init                    
UNDEFED   _system_post_cinit            

[201 symbols]
