******************************************************************************
                  TI ARM Linker PC v20.2.7                     
******************************************************************************
>> Linked Tue Feb 13 12:39:00 2024

OUTPUT FILE NAME:   <Lab3.out>
ENTRY POINT SYMBOL: "_c_int00_noargs"  address: 000045cd


MEMORY CONFIGURATION

         name            origin    length      used     unused   attr    fill
----------------------  --------  ---------  --------  --------  ----  --------
  FLASH                 00000000   00040000  000049c7  0003b639  R  X
  SRAM                  20000000   00008000  00002a92  0000556e  RW X


SEGMENT ALLOCATION MAP

run origin  load origin   length   init length attrs members
----------  ----------- ---------- ----------- ----- -------
00000000    00000000    000049c8   000049c8    r-x
  00000000    00000000    0000026c   0000026c    r-- .intvecs
  0000026c    0000026c    000045b4   000045b4    r-x .text
  00004820    00004820    0000014f   0000014f    r-- .const
  00004970    00004970    00000058   00000058    r-- .cinit
20000000    20000000    00002a9d   00000000    rw-
  20000000    20000000    0000026c   00000000    rw- .vtable
  20000270    20000270    00001000   00000000    rw- .stack
  20001270    20001270    00001000   00000000    rw- .sysmem
  20002270    20002270    000007e1   00000000    rw- .bss
  20002a58    20002a58    00000045   00000000    rw- .data


SECTION ALLOCATION MAP

 output                                  attributes/
section   page    origin      length       input sections
--------  ----  ----------  ----------   ----------------
.intvecs   0    00000000    0000026c     
                  00000000    0000026c     tm4c123gh6pm_startup_ccs.obj (.intvecs)

.text      0    0000026c    000045b4     
                  0000026c    00000c20     open_interface.obj (.text)
                  00000e8c    00000a4e     rtsv7M4_T_le_v4SPD16_eabi.lib : _printfi.c.obj (.text:__TI_printfi)
                  000018da    00000002                                   : _lock.c.obj (.text:_nop)
                  000018dc    0000092c     movement.obj (.text)
                  00002208    00000328     lcd.obj (.text)
                  00002530    00000270     rtsv7M4_T_le_v4SPD16_eabi.lib : _printfi.c.obj (.text:_pconv_a)
                  000027a0    00000260     libcybotScan.lib : cyBot_Scan.obj (.text)
                  00002a00    00000248     Timer.obj (.text)
                  00002c48    000001ec     libcybotScan.lib : ping.obj (.text)
                  00002e34    000001d0     rtsv7M4_T_le_v4SPD16_eabi.lib : _printfi.c.obj (.text:_pconv_g)
                  00003004    000001b6                                   : fd_add_t2.asm.obj (.text)
                  000031ba    00000002                                   : div0.asm.obj (.text)
                  000031bc    0000015c     libcybotUART.lib : uart.obj (.text)
                  00003318    00000158     libcybotScan.lib : servo.obj (.text)
                  00003470    0000013c     rtsv7M4_T_le_v4SPD16_eabi.lib : _printfi.c.obj (.text:_pconv_e)
                  000035ac    00000136                                   : fd_div_t2.asm.obj (.text)
                  000036e2    00000002     --HOLE-- [fill = 0]
                  000036e4    00000124                                   : _printfi.c.obj (.text:fcvt)
                  00003808    00000118     libcybotScan.lib : ir.obj (.text)
                  00003920    00000110     rtsv7M4_T_le_v4SPD16_eabi.lib : s_scalbn.c.obj (.text:scalbn)
                  00003a30    00000100                                   : memory.c.obj (.text:aligned_alloc)
                  00003b30    000000fc                                   : fd_mul_t2.asm.obj (.text)
                  00003c2c    000000e4                                   : memory.c.obj (.text:free)
                  00003d10    000000b1                                   : _printfi.c.obj (.text:_ltostr)
                  00003dc1    00000001     --HOLE-- [fill = 0]
                  00003dc2    0000009c                                   : memcpy_t2.asm.obj (.text)
                  00003e5e    00000096                                   : ull_div_t2.asm.obj (.text)
                  00003ef4    00000086                                   : fd_cmp_t2.asm.obj (.text:__aeabi_cdcmple)
                  00003f7a    00000086                                   : fd_cmp_t2.asm.obj (.text:__aeabi_cdrcmple)
                  00004000    0000007a                                   : memset_t2.asm.obj (.text)
                  0000407a    00000002     --HOLE-- [fill = 0]
                  0000407c    00000070                                   : memory.c.obj (.text:split)
                  000040ec    0000006e                                   : _printfi.c.obj (.text:_mcpy)
                  0000415a    0000006e                                   : fd_tos_t2.asm.obj (.text)
                  000041c8    00000068                                   : copy_decompress_lzss.c.obj (.text:decompress:lzss:__TI_decompress_lzss)
                  00004230    00000064                                   : s_frexp.c.obj (.text:frexp)
                  00004294    00000056                                   : _printfi.c.obj (.text:_pconv_f)
                  000042ea    00000054                                   : _ltoa.c.obj (.text:__TI_ltoa)
                  0000433e    00000052                                   : _printfi.c.obj (.text:_ecpy)
                  00004390    0000004c                                   : atoi.c.obj (.text:atoi)
                  000043dc    00000048                                   : fd_toi_t2.asm.obj (.text)
                  00004424    00000044                                   : autoinit.c.obj (.text:__TI_auto_init_nobinit_nopinit:__TI_auto_init_nobinit_nopinit)
                  00004468    00000040                                   : sprintf.c.obj (.text:sprintf)
                  000044a8    00000040                                   : vsnprintf.c.obj (.text:vsnprintf)
                  000044e8    0000003e                                   : _printfi.c.obj (.text:_fcpy)
                  00004526    00000002     --HOLE-- [fill = 0]
                  00004528    00000038                                   : memory.c.obj (.text:calloc)
                  00004560    00000038                                   : fs_tod_t2.asm.obj (.text)
                  00004598    00000034     driverlib.lib : interrupt.obj (.text:IntRegister)
                  000045cc    00000034     rtsv7M4_T_le_v4SPD16_eabi.lib : boot_cortex_m.c.obj (.text:_c_int00_noargs:_c_int00_noargs)
                  00004600    00000030                                   : vsnprintf.c.obj (.text:_outs)
                  00004630    0000002e                                   : i_tofd_t2.asm.obj (.text)
                  0000465e    00000002     --HOLE-- [fill = 0]
                  00004660    00000028                                   : memory.c.obj (.text:free_list_insert)
                  00004688    0000001e                                   : strcat.c.obj (.text:strcat)
                  000046a6    00000002     --HOLE-- [fill = 0]
                  000046a8    0000001c                                   : memory.c.obj (.text:free_list_remove)
                  000046c4    0000001c                                   : memccpy.c.obj (.text:memccpy)
                  000046e0    0000001a                                   : s_copysign.c.obj (.text:copysign)
                  000046fa    00000018                                   : vsnprintf.c.obj (.text:_outc)
                  00004712    00000018                                   : sprintf.c.obj (.text:_outs)
                  0000472a    00000018     open_interface.obj (.text:oi_parseInt)
                  00004742    00000018     rtsv7M4_T_le_v4SPD16_eabi.lib : strcmp.c.obj (.text:strcmp)
                  0000475a    00000016                                   : strchr.c.obj (.text:strchr)
                  00004770    00000014                                   : strcpy.c.obj (.text:strcpy)
                  00004784    00000014                                   : strlen.c.obj (.text:strlen)
                  00004798    00000012                                   : wcslen.c.obj (.text:wcslen)
                  000047aa    00000010     driverlib.lib : interrupt.obj (.text:IntMasterEnable)
                  000047ba    00000010     lcd.obj (.text:lcd_clear)
                  000047ca    0000000e     rtsv7M4_T_le_v4SPD16_eabi.lib : copy_decompress_none.c.obj (.text:decompress:none:__TI_decompress_none)
                  000047d8    0000000c     driverlib.lib : cpu.obj (.text:CPUcpsie)
                  000047e4    0000000c     rtsv7M4_T_le_v4SPD16_eabi.lib : copy_zero_init.c.obj (.text:decompress:ZI:__TI_zero_init)
                  000047f0    0000000c     tm4c123gh6pm_startup_ccs.obj (.text)
                  000047fc    0000000a     rtsv7M4_T_le_v4SPD16_eabi.lib : sprintf.c.obj (.text:_outc)
                  00004806    00000002     --HOLE-- [fill = 0]
                  00004808    00000008                                   : errno.c.obj (.text:__aeabi_errno_addr)
                  00004810    00000008                                   : memory.c.obj (.text:malloc)
                  00004818    00000004                                   : pre_init.c.obj (.text:_system_pre_init)
                  0000481c    00000004                                   : exit.c.obj (.text:abort:abort)

.const     0    00004820    0000014f     
                  00004820    00000101     rtsv7M4_T_le_v4SPD16_eabi.lib : ctype.c.obj (.const:.string:_ctypes_)
                  00004921    00000024     movement.obj (.const:.string:$P$T0$1)
                  00004945    00000010     movement.obj (.const:.string:$P$T1$2)
                  00004955    0000000f     open_interface.obj (.const:.string:$P$T0$3)
                  00004964    00000004     lcd.obj (.const:.string:lineAddress$1)
                  00004968    00000004     lcd.obj (.const:.string:lineAddresses$2)
                  0000496c    00000003     movement.obj (.const:.string:$P$T2$3)

.cinit     0    00004970    00000058     
                  00004970    00000020     (.cinit..data.load) [load image, compression = lzss]
                  00004990    0000000c     (__TI_handler_table)
                  0000499c    00000004     --HOLE-- [fill = 0]
                  000049a0    00000008     (.cinit..bss.load) [load image, compression = zero_init]
                  000049a8    00000008     (.cinit..vtable.load) [load image, compression = zero_init]
                  000049b0    00000018     (__TI_cinit_table)

.init_array 
*          0    00000000    00000000     UNINITIALIZED

.vtable    0    20000000    0000026c     UNINITIALIZED
                  20000000    0000026c     driverlib.lib : interrupt.obj (.vtable)

.stack     0    20000270    00001000     UNINITIALIZED
                  20000270    00000004     rtsv7M4_T_le_v4SPD16_eabi.lib : boot_cortex_m.c.obj (.stack)
                  20000274    00000ffc     --HOLE--

.sysmem    0    20001270    00001000     UNINITIALIZED
                  20001270    00000010     rtsv7M4_T_le_v4SPD16_eabi.lib : memory.c.obj (.sysmem)
                  20001280    00000ff0     --HOLE--

.bss       0    20002270    000007e1     UNINITIALIZED
                  20002270    000005b0     (.common:objects)
                  20002820    0000016c     (.common:values)
                  2000298c    00000054     lcd.obj (.bss:lastbuffer$3)
                  200029e0    00000034     (.common:isr_char_buffer)
                  20002a14    00000018     open_interface.obj (.bss:firmware$2)
                  20002a2c    00000004     (.common:_timeout_ticks)
                  20002a30    00000004     (.common:driveInd)
                  20002a34    00000004     (.common:fallingEdge)
                  20002a38    00000004     (.common:isr_int_value)
                  20002a3c    00000004     (.common:left_calibration_value)
                  20002a40    00000004     (.common:pointAngInd)
                  20002a44    00000004     (.common:pulseLength)
                  20002a48    00000004     (.common:right_calibration_value)
                  20002a4c    00000004     (.common:risingEdge)
                  20002a50    00000001     (.common:isRisingEdge)

.data      0    20002a58    00000045     UNINITIALIZED
                  20002a58    00000020     open_interface.obj (.data)
                  20002a78    00000008     rtsv7M4_T_le_v4SPD16_eabi.lib : _lock.c.obj (.data:$O1$$)
                  20002a80    00000008                                   : memory.c.obj (.data:$O1$$)
                  20002a88    00000008     movement.obj (.data)
                  20002a90    00000004     libcybotScan.lib : cyBot_Scan.obj (.data)
                  20002a94    00000004     libcybotUART.lib : uart.obj (.data)
                  20002a98    00000004     rtsv7M4_T_le_v4SPD16_eabi.lib : errno.c.obj (.data)
                  20002a9c    00000001     Timer.obj (.data)

__llvm_prf_cnts 
*          0    20000000    00000000     UNINITIALIZED

MODULE SUMMARY

       Module                         code    ro data   rw data
       ------                         ----    -------   -------
    .\
       movement.obj                   2348    55        1844   
       open_interface.obj             3128    15        56     
       lcd.obj                        824     8         84     
       tm4c123gh6pm_startup_ccs.obj   12      620       0      
       Timer.obj                      584     0         5      
    +--+------------------------------+-------+---------+---------+
       Total:                         6896    698       1989   
                                                               
    ../libcybotScan.lib
       cyBot_Scan.obj                 608     0         4      
       ping.obj                       492     0         13     
       servo.obj                      344     0         0      
       ir.obj                         280     0         4      
    +--+------------------------------+-------+---------+---------+
       Total:                         1724    0         21     
                                                               
    ../libcybotUART.lib
       uart.obj                       348     0         56     
    +--+------------------------------+-------+---------+---------+
       Total:                         348     0         56     
                                                               
    C:/ti/TivaWare_C_Series-2.2.0.295/driverlib/ccs/Debug/driverlib.lib
       interrupt.obj                  68      0         620    
       cpu.obj                        12      0         0      
    +--+------------------------------+-------+---------+---------+
       Total:                         80      0         620    
                                                               
    C:\ti\ccs1230\ccs\tools\compiler\ti-cgt-arm_20.2.7.LTS\lib\rtsv7M4_T_le_v4SPD16_eabi.lib
       _printfi.c.obj                 4851    0         0      
       memory.c.obj                   728     0         8      
       fd_add_t2.asm.obj              438     0         0      
       fd_div_t2.asm.obj              310     0         0      
       s_scalbn.c.obj                 272     0         0      
       fd_cmp_t2.asm.obj              268     0         0      
       ctype.c.obj                    0       257       0      
       fd_mul_t2.asm.obj              252     0         0      
       memcpy_t2.asm.obj              156     0         0      
       ull_div_t2.asm.obj             150     0         0      
       vsnprintf.c.obj                136     0         0      
       memset_t2.asm.obj              122     0         0      
       fd_tos_t2.asm.obj              110     0         0      
       copy_decompress_lzss.c.obj     104     0         0      
       s_frexp.c.obj                  100     0         0      
       sprintf.c.obj                  98      0         0      
       _ltoa.c.obj                    84      0         0      
       atoi.c.obj                     76      0         0      
       fd_toi_t2.asm.obj              72      0         0      
       autoinit.c.obj                 68      0         0      
       fs_tod_t2.asm.obj              56      0         0      
       boot_cortex_m.c.obj            52      0         0      
       i_tofd_t2.asm.obj              46      0         0      
       strcat.c.obj                   30      0         0      
       memccpy.c.obj                  28      0         0      
       s_copysign.c.obj               26      0         0      
       strcmp.c.obj                   24      0         0      
       strchr.c.obj                   22      0         0      
       strcpy.c.obj                   20      0         0      
       strlen.c.obj                   20      0         0      
       wcslen.c.obj                   18      0         0      
       copy_decompress_none.c.obj     14      0         0      
       copy_zero_init.c.obj           12      0         0      
       errno.c.obj                    8       0         4      
       _lock.c.obj                    2       0         8      
       exit.c.obj                     4       0         0      
       pre_init.c.obj                 4       0         0      
       div0.asm.obj                   2       0         0      
    +--+------------------------------+-------+---------+---------+
       Total:                         8783    257       20     
                                                               
       Heap:                          0       0         4096   
       Stack:                         0       0         4096   
       Linker Generated:              0       84        0      
    +--+------------------------------+-------+---------+---------+
       Grand Total:                   17831   1039      10898  


LINKER GENERATED COPY TABLES

__TI_cinit_table @ 000049b0 records: 3, size/record: 8, table size: 24
	.data: load addr=00004970, load size=00000020 bytes, run addr=20002a58, run size=00000045 bytes, compression=lzss
	.bss: load addr=000049a0, load size=00000008 bytes, run addr=20002270, run size=000007e1 bytes, compression=zero_init
	.vtable: load addr=000049a8, load size=00000008 bytes, run addr=20000000, run size=0000026c bytes, compression=zero_init


LINKER GENERATED HANDLER TABLE

__TI_handler_table @ 00004990 records: 3, size/record: 4, table size: 12
	index: 0, handler: __TI_zero_init
	index: 1, handler: __TI_decompress_lzss
	index: 2, handler: __TI_decompress_none


GLOBAL SYMBOLS: SORTED ALPHABETICALLY BY Name 

address   name                          
-------   ----                          
000038a1  ADC0SS0_Handler               
0000481d  C$$EXIT                       
000047d9  CPUcpsie                      
00000bc3  GPIOF_Handler                 
000047ab  IntMasterEnable               
00004599  IntRegister                   
000047f1  ResetISR                      
00002d39  TIMER3B_Handler               
20001270  __STACK_END                   
00001000  __STACK_SIZE                  
20000470  __STACK_TOP                   
00001000  __SYSMEM_SIZE                 
000049b0  __TI_CINIT_Base               
000049c8  __TI_CINIT_Limit              
00004990  __TI_Handler_Table_Base       
0000499c  __TI_Handler_Table_Limit      
00004425  __TI_auto_init_nobinit_nopinit
000041c9  __TI_decompress_lzss          
000047cb  __TI_decompress_none          
000042eb  __TI_ltoa                     
ffffffff  __TI_pprof_out_hndl           
00000e8d  __TI_printfi                  
ffffffff  __TI_prof_data_size           
ffffffff  __TI_prof_data_start          
00000000  __TI_static_base__            
000047e5  __TI_zero_init                
00003ef5  __aeabi_cdcmpeq               
00003ef5  __aeabi_cdcmple               
00003f7b  __aeabi_cdrcmple              
0000415b  __aeabi_d2f                   
000043dd  __aeabi_d2iz                  
0000300f  __aeabi_dadd                  
000035ad  __aeabi_ddiv                  
00003b31  __aeabi_dmul                  
00003005  __aeabi_dsub                  
00004809  __aeabi_errno_addr            
00004561  __aeabi_f2d                   
00004631  __aeabi_i2d                   
000031bb  __aeabi_idiv0                 
000031bb  __aeabi_ldiv0                 
00004001  __aeabi_memclr                
00004001  __aeabi_memclr4               
00004001  __aeabi_memclr8               
00003dc3  __aeabi_memcpy                
00003dc3  __aeabi_memcpy4               
00003dc3  __aeabi_memcpy8               
00004003  __aeabi_memset                
00004003  __aeabi_memset4               
00004003  __aeabi_memset8               
00003e5f  __aeabi_uldivmod              
ffffffff  __binit__                     
ffffffff  __c_args__                    
UNDEFED   __mpu_init                    
20000270  __stack                       
20000000  __start___llvm_prf_cnts       
20000000  __stop___llvm_prf_cnts        
000045cd  _c_int00_noargs               
00004820  _ctypes_                      
20002a78  _lock                         
000018db  _nop                          
20002a9c  _running                      
20001270  _sys_memory                   
UNDEFED   _system_post_cinit            
00004819  _system_pre_init              
20002a2c  _timeout_ticks                
20002a7c  _unlock                       
0000481d  abort                         
00003a31  aligned_alloc                 
00004391  atoi                          
ffffffff  binit                         
00004529  calloc                        
000046e1  copysign                      
000046e1  copysignl                     
00002879  cyBOT_SERVO_cal               
00002807  cyBOT_Scan                    
000027af  cyBOT_init_Scan               
20002a90  cyBOT_scan_features           
000027a1  cyBOT_scan_version            
000032c5  cyBot_UART1_Handler           
000032ab  cyBot_getByte                 
000031bd  cyBot_sendByte                
0000328d  cyBot_uart_flush              
000031fb  cyBot_uart_init               
000031e3  cyBot_uart_sendBuffer         
000031c9  cyBot_uart_sendStr            
20002a30  driveInd                      
00001f9d  driveToSmallest               
20002a98  errno                         
20002a34  fallingEdge                   
000019d9  findObjects                   
00003c2d  free                          
00004231  frexp                         
00004231  frexpl                        
20000000  g_pfnRAMVectors               
00000000  g_pfnVectors                  
00001d53  getMessage                    
0000097f  go_charge                     
000038b7  ir_enableInterrupt            
00003899  ir_getDistance                
00003871  ir_getValue                   
00003809  ir_init                       
20002a50  isRisingEdge                  
200029e0  isr_char_buffer               
20002a94  isr_counter                   
20002a38  isr_int_value                 
000047bb  lcd_clear                     
000023dd  lcd_gotoLine                  
00002245  lcd_init                      
00002443  lcd_printf                    
00002305  lcd_putc                      
0000233d  lcd_puts                      
00002209  lcd_reverseNibble             
0000235b  lcd_sendCommand               
00002399  lcd_sendNibble                
00002405  lcd_setCursorPos              
00003921  ldexp                         
00003921  ldexpl                        
20002a3c  left_calibration_value        
000018dd  main                          
00004811  malloc                        
00003a31  memalign                      
000046c5  memccpy                       
00003dc3  memcpy                        
00004009  memset                        
20002a58  motor_cal_factor_L            
20002a5c  motor_cal_factor_R            
00002051  move_backward                 
00001e3d  move_forward                  
20002270  objects                       
0000026d  oi_alloc                      
00000aa9  oi_checkFirmware              
000002c7  oi_close                      
00000279  oi_free                       
00000ded  oi_getMotorCalibrationLeft    
00000e01  oi_getMotorCalibrationRight   
000002b1  oi_init                       
00000289  oi_init_noupdate              
00000915  oi_loadSong                   
0000472b  oi_parseInt                   
0000032b  oi_parsePacket                
0000096b  oi_play_song                  
0000084b  oi_setLeds                    
00000db1  oi_setMotorCalibration        
0000088f  oi_setWheels                  
00000b51  oi_shutoff_init               
0000098d  oi_uartInit                   
00000a31  oi_uartReceive                
00000a77  oi_uartSendBuff               
00000a15  oi_uartSendChar               
00000a59  oi_uartSendStr                
000002d9  oi_update                     
00002d8b  ping_getDistance              
00002c49  ping_init                     
00002ccf  ping_trigger                  
20002a40  pointAngInd                   
20002a88  pointDist                     
00001d19  printToPutty                  
20002a44  pulseLength                   
20002a48  right_calibration_value       
20002a4c  risingEdge                    
00003921  scalbn                        
00003921  scalbnl                       
00001c71  scanStuff                     
00003319  servo_init                    
000033a9  servo_move                    
00003409  servo_setPWM                  
0000339d  servo_stop                    
00004469  sprintf                       
00004689  strcat                        
0000475b  strchr                        
00004743  strcmp                        
00004771  strcpy                        
00004785  strlen                        
00002b1f  timer_getMicros               
00002ac7  timer_getMillis               
00002a01  timer_init                    
00002aa3  timer_pause                   
00002ab5  timer_resume                  
00002a79  timer_stop                    
00002b79  timer_waitMicros              
00002bab  timer_waitMillis              
00002161  turn_left                     
000020c5  turn_right                    
20002820  values                        
000044a9  vsnprintf                     
00004799  wcslen                        


GLOBAL SYMBOLS: SORTED BY Symbol Address 

address   name                          
-------   ----                          
00000000  __TI_static_base__            
00000000  g_pfnVectors                  
0000026d  oi_alloc                      
00000279  oi_free                       
00000289  oi_init_noupdate              
000002b1  oi_init                       
000002c7  oi_close                      
000002d9  oi_update                     
0000032b  oi_parsePacket                
0000084b  oi_setLeds                    
0000088f  oi_setWheels                  
00000915  oi_loadSong                   
0000096b  oi_play_song                  
0000097f  go_charge                     
0000098d  oi_uartInit                   
00000a15  oi_uartSendChar               
00000a31  oi_uartReceive                
00000a59  oi_uartSendStr                
00000a77  oi_uartSendBuff               
00000aa9  oi_checkFirmware              
00000b51  oi_shutoff_init               
00000bc3  GPIOF_Handler                 
00000db1  oi_setMotorCalibration        
00000ded  oi_getMotorCalibrationLeft    
00000e01  oi_getMotorCalibrationRight   
00000e8d  __TI_printfi                  
00001000  __STACK_SIZE                  
00001000  __SYSMEM_SIZE                 
000018db  _nop                          
000018dd  main                          
000019d9  findObjects                   
00001c71  scanStuff                     
00001d19  printToPutty                  
00001d53  getMessage                    
00001e3d  move_forward                  
00001f9d  driveToSmallest               
00002051  move_backward                 
000020c5  turn_right                    
00002161  turn_left                     
00002209  lcd_reverseNibble             
00002245  lcd_init                      
00002305  lcd_putc                      
0000233d  lcd_puts                      
0000235b  lcd_sendCommand               
00002399  lcd_sendNibble                
000023dd  lcd_gotoLine                  
00002405  lcd_setCursorPos              
00002443  lcd_printf                    
000027a1  cyBOT_scan_version            
000027af  cyBOT_init_Scan               
00002807  cyBOT_Scan                    
00002879  cyBOT_SERVO_cal               
00002a01  timer_init                    
00002a79  timer_stop                    
00002aa3  timer_pause                   
00002ab5  timer_resume                  
00002ac7  timer_getMillis               
00002b1f  timer_getMicros               
00002b79  timer_waitMicros              
00002bab  timer_waitMillis              
00002c49  ping_init                     
00002ccf  ping_trigger                  
00002d39  TIMER3B_Handler               
00002d8b  ping_getDistance              
00003005  __aeabi_dsub                  
0000300f  __aeabi_dadd                  
000031bb  __aeabi_idiv0                 
000031bb  __aeabi_ldiv0                 
000031bd  cyBot_sendByte                
000031c9  cyBot_uart_sendStr            
000031e3  cyBot_uart_sendBuffer         
000031fb  cyBot_uart_init               
0000328d  cyBot_uart_flush              
000032ab  cyBot_getByte                 
000032c5  cyBot_UART1_Handler           
00003319  servo_init                    
0000339d  servo_stop                    
000033a9  servo_move                    
00003409  servo_setPWM                  
000035ad  __aeabi_ddiv                  
00003809  ir_init                       
00003871  ir_getValue                   
00003899  ir_getDistance                
000038a1  ADC0SS0_Handler               
000038b7  ir_enableInterrupt            
00003921  ldexp                         
00003921  ldexpl                        
00003921  scalbn                        
00003921  scalbnl                       
00003a31  aligned_alloc                 
00003a31  memalign                      
00003b31  __aeabi_dmul                  
00003c2d  free                          
00003dc3  __aeabi_memcpy                
00003dc3  __aeabi_memcpy4               
00003dc3  __aeabi_memcpy8               
00003dc3  memcpy                        
00003e5f  __aeabi_uldivmod              
00003ef5  __aeabi_cdcmpeq               
00003ef5  __aeabi_cdcmple               
00003f7b  __aeabi_cdrcmple              
00004001  __aeabi_memclr                
00004001  __aeabi_memclr4               
00004001  __aeabi_memclr8               
00004003  __aeabi_memset                
00004003  __aeabi_memset4               
00004003  __aeabi_memset8               
00004009  memset                        
0000415b  __aeabi_d2f                   
000041c9  __TI_decompress_lzss          
00004231  frexp                         
00004231  frexpl                        
000042eb  __TI_ltoa                     
00004391  atoi                          
000043dd  __aeabi_d2iz                  
00004425  __TI_auto_init_nobinit_nopinit
00004469  sprintf                       
000044a9  vsnprintf                     
00004529  calloc                        
00004561  __aeabi_f2d                   
00004599  IntRegister                   
000045cd  _c_int00_noargs               
00004631  __aeabi_i2d                   
00004689  strcat                        
000046c5  memccpy                       
000046e1  copysign                      
000046e1  copysignl                     
0000472b  oi_parseInt                   
00004743  strcmp                        
0000475b  strchr                        
00004771  strcpy                        
00004785  strlen                        
00004799  wcslen                        
000047ab  IntMasterEnable               
000047bb  lcd_clear                     
000047cb  __TI_decompress_none          
000047d9  CPUcpsie                      
000047e5  __TI_zero_init                
000047f1  ResetISR                      
00004809  __aeabi_errno_addr            
00004811  malloc                        
00004819  _system_pre_init              
0000481d  C$$EXIT                       
0000481d  abort                         
00004820  _ctypes_                      
00004990  __TI_Handler_Table_Base       
0000499c  __TI_Handler_Table_Limit      
000049b0  __TI_CINIT_Base               
000049c8  __TI_CINIT_Limit              
20000000  __start___llvm_prf_cnts       
20000000  __stop___llvm_prf_cnts        
20000000  g_pfnRAMVectors               
20000270  __stack                       
20000470  __STACK_TOP                   
20001270  __STACK_END                   
20001270  _sys_memory                   
20002270  objects                       
20002820  values                        
200029e0  isr_char_buffer               
20002a2c  _timeout_ticks                
20002a30  driveInd                      
20002a34  fallingEdge                   
20002a38  isr_int_value                 
20002a3c  left_calibration_value        
20002a40  pointAngInd                   
20002a44  pulseLength                   
20002a48  right_calibration_value       
20002a4c  risingEdge                    
20002a50  isRisingEdge                  
20002a58  motor_cal_factor_L            
20002a5c  motor_cal_factor_R            
20002a78  _lock                         
20002a7c  _unlock                       
20002a88  pointDist                     
20002a90  cyBOT_scan_features           
20002a94  isr_counter                   
20002a98  errno                         
20002a9c  _running                      
ffffffff  __TI_pprof_out_hndl           
ffffffff  __TI_prof_data_size           
ffffffff  __TI_prof_data_start          
ffffffff  __binit__                     
ffffffff  __c_args__                    
ffffffff  binit                         
UNDEFED   __mpu_init                    
UNDEFED   _system_post_cinit            

[186 symbols]
