******************************************************************************
                  TI ARM Linker PC v20.2.7                     
******************************************************************************
>> Linked Tue Mar  5 10:47:37 2024

OUTPUT FILE NAME:   <Lab4.out>
ENTRY POINT SYMBOL: "_c_int00_noargs"  address: 000037bd


MEMORY CONFIGURATION

         name            origin    length      used     unused   attr    fill
----------------------  --------  ---------  --------  --------  ----  --------
  FLASH                 00000000   00040000  00003b70  0003c490  R  X
  SRAM                  20000000   00008000  00002351  00005caf  RW X


SEGMENT ALLOCATION MAP

run origin  load origin   length   init length attrs members
----------  ----------- ---------- ----------- ----- -------
00000000    00000000    00003b70   00003b70    r-x
  00000000    00000000    0000026c   0000026c    r-- .intvecs
  0000026c    0000026c    00003794   00003794    r-x .text
  00003a00    00003a00    00000118   00000118    r-- .const
  00003b18    00003b18    00000058   00000058    r-- .cinit
20000000    20000000    00002355   00000000    rw-
  20000000    20000000    0000026c   00000000    rw- .vtable
  20000270    20000270    00001000   00000000    rw- .stack
  20001270    20001270    00001000   00000000    rw- .sysmem
  20002270    20002270    000000a4   00000000    rw- .bss
  20002314    20002314    00000041   00000000    rw- .data


SECTION ALLOCATION MAP

 output                                  attributes/
section   page    origin      length       input sections
--------  ----  ----------  ----------   ----------------
.intvecs   0    00000000    0000026c     
                  00000000    0000026c     tm4c123gh6pm_startup_ccs.obj (.intvecs)

.text      0    0000026c    00003794     
                  0000026c    00000c20     open_interface.obj (.text)
                  00000e8c    00000a4e     rtsv7M4_T_le_v4SPD16_eabi.lib : _printfi.c.obj (.text:__TI_printfi)
                  000018da    00000002                                   : _lock.c.obj (.text:_nop)
                  000018dc    00000328     lcd.obj (.text)
                  00001c04    00000270     rtsv7M4_T_le_v4SPD16_eabi.lib : _printfi.c.obj (.text:_pconv_a)
                  00001e74    00000248     Timer.obj (.text)
                  000020bc    000001d0     rtsv7M4_T_le_v4SPD16_eabi.lib : _printfi.c.obj (.text:_pconv_g)
                  0000228c    000001b6                                   : fd_add_t2.asm.obj (.text)
                  00002442    00000002                                   : div0.asm.obj (.text)
                  00002444    0000015c     libcybotUART.lib : uart.obj (.text)
                  000025a0    00000150     lab4_template.obj (.text)
                  000026f0    0000013c     rtsv7M4_T_le_v4SPD16_eabi.lib : _printfi.c.obj (.text:_pconv_e)
                  0000282c    00000136                                   : fd_div_t2.asm.obj (.text)
                  00002962    00000002     --HOLE-- [fill = 0]
                  00002964    00000124                                   : _printfi.c.obj (.text:fcvt)
                  00002a88    00000110                                   : s_scalbn.c.obj (.text:scalbn)
                  00002b98    00000100                                   : memory.c.obj (.text:aligned_alloc)
                  00002c98    000000fc                                   : fd_mul_t2.asm.obj (.text)
                  00002d94    000000e4                                   : memory.c.obj (.text:free)
                  00002e78    000000b1                                   : _printfi.c.obj (.text:_ltostr)
                  00002f29    00000001     --HOLE-- [fill = 0]
                  00002f2a    0000009c                                   : memcpy_t2.asm.obj (.text)
                  00002fc6    00000096                                   : ull_div_t2.asm.obj (.text)
                  0000305c    00000088     button.obj (.text)
                  000030e4    00000086     rtsv7M4_T_le_v4SPD16_eabi.lib : fd_cmp_t2.asm.obj (.text:__aeabi_cdcmple)
                  0000316a    00000086                                   : fd_cmp_t2.asm.obj (.text:__aeabi_cdrcmple)
                  000031f0    0000007a                                   : memset_t2.asm.obj (.text)
                  0000326a    00000002     --HOLE-- [fill = 0]
                  0000326c    00000070                                   : memory.c.obj (.text:split)
                  000032dc    0000006e                                   : _printfi.c.obj (.text:_mcpy)
                  0000334a    0000006e                                   : fd_tos_t2.asm.obj (.text)
                  000033b8    00000068                                   : copy_decompress_lzss.c.obj (.text:decompress:lzss:__TI_decompress_lzss)
                  00003420    00000064                                   : s_frexp.c.obj (.text:frexp)
                  00003484    00000056                                   : _printfi.c.obj (.text:_pconv_f)
                  000034da    00000054                                   : _ltoa.c.obj (.text:__TI_ltoa)
                  0000352e    00000052                                   : _printfi.c.obj (.text:_ecpy)
                  00003580    0000004c                                   : atoi.c.obj (.text:atoi)
                  000035cc    00000048                                   : fd_toi_t2.asm.obj (.text)
                  00003614    00000044                                   : autoinit.c.obj (.text:__TI_auto_init_nobinit_nopinit:__TI_auto_init_nobinit_nopinit)
                  00003658    00000040                                   : sprintf.c.obj (.text:sprintf)
                  00003698    00000040                                   : vsnprintf.c.obj (.text:vsnprintf)
                  000036d8    0000003e                                   : _printfi.c.obj (.text:_fcpy)
                  00003716    00000002     --HOLE-- [fill = 0]
                  00003718    00000038                                   : memory.c.obj (.text:calloc)
                  00003750    00000038                                   : fs_tod_t2.asm.obj (.text)
                  00003788    00000034     driverlib.lib : interrupt.obj (.text:IntRegister)
                  000037bc    00000034     rtsv7M4_T_le_v4SPD16_eabi.lib : boot_cortex_m.c.obj (.text:_c_int00_noargs:_c_int00_noargs)
                  000037f0    00000030                                   : vsnprintf.c.obj (.text:_outs)
                  00003820    0000002e                                   : i_tofd_t2.asm.obj (.text)
                  0000384e    00000002     --HOLE-- [fill = 0]
                  00003850    00000028                                   : memory.c.obj (.text:free_list_insert)
                  00003878    0000001c                                   : copy_zero_init.c.obj (.text:decompress:ZI:__TI_zero_init_nomemset:__TI_zero_init_nomemset)
                  00003894    0000001c                                   : memory.c.obj (.text:free_list_remove)
                  000038b0    0000001c                                   : memccpy.c.obj (.text:memccpy)
                  000038cc    0000001a                                   : s_copysign.c.obj (.text:copysign)
                  000038e6    00000018                                   : vsnprintf.c.obj (.text:_outc)
                  000038fe    00000018                                   : sprintf.c.obj (.text:_outs)
                  00003916    00000018     open_interface.obj (.text:oi_parseInt)
                  0000392e    00000018     rtsv7M4_T_le_v4SPD16_eabi.lib : strcmp.c.obj (.text:strcmp)
                  00003946    00000016                                   : strchr.c.obj (.text:strchr)
                  0000395c    00000014                                   : strcpy.c.obj (.text:strcpy)
                  00003970    00000014                                   : strlen.c.obj (.text:strlen)
                  00003984    00000012                                   : wcslen.c.obj (.text:wcslen)
                  00003996    00000010     driverlib.lib : interrupt.obj (.text:IntMasterEnable)
                  000039a6    00000010     lcd.obj (.text:lcd_clear)
                  000039b6    0000000e     rtsv7M4_T_le_v4SPD16_eabi.lib : copy_decompress_none.c.obj (.text:decompress:none:__TI_decompress_none)
                  000039c4    0000000c     driverlib.lib : cpu.obj (.text:CPUcpsie)
                  000039d0    0000000c     tm4c123gh6pm_startup_ccs.obj (.text)
                  000039dc    0000000a     rtsv7M4_T_le_v4SPD16_eabi.lib : sprintf.c.obj (.text:_outc)
                  000039e6    00000002     --HOLE-- [fill = 0]
                  000039e8    00000008                                   : errno.c.obj (.text:__aeabi_errno_addr)
                  000039f0    00000008                                   : memory.c.obj (.text:malloc)
                  000039f8    00000004                                   : pre_init.c.obj (.text:_system_pre_init)
                  000039fc    00000004                                   : exit.c.obj (.text:abort:abort)

.const     0    00003a00    00000118     
                  00003a00    00000101     rtsv7M4_T_le_v4SPD16_eabi.lib : ctype.c.obj (.const:.string:_ctypes_)
                  00003b01    0000000f     open_interface.obj (.const:.string:$P$T0$3)
                  00003b10    00000004     lcd.obj (.const:.string:lineAddress$1)
                  00003b14    00000004     lcd.obj (.const:.string:lineAddresses$2)

.cinit     0    00003b18    00000058     
                  00003b18    00000021     (.cinit..data.load) [load image, compression = lzss]
                  00003b39    00000003     --HOLE-- [fill = 0]
                  00003b3c    0000000c     (__TI_handler_table)
                  00003b48    00000008     (.cinit..bss.load) [load image, compression = zero_init]
                  00003b50    00000008     (.cinit..vtable.load) [load image, compression = zero_init]
                  00003b58    00000018     (__TI_cinit_table)

.init_array 
*          0    00000000    00000000     UNINITIALIZED

.vtable    0    20000000    0000026c     UNINITIALIZED
                  20000000    0000026c     driverlib.lib : interrupt.obj (.vtable)

.stack     0    20000270    00001000     UNINITIALIZED
                  20000270    00000004     rtsv7M4_T_le_v4SPD16_eabi.lib : boot_cortex_m.c.obj (.stack)
                  20000274    00000ffc     --HOLE--

.sysmem    0    20001270    00001000     UNINITIALIZED
                  20001270    00000010     rtsv7M4_T_le_v4SPD16_eabi.lib : memory.c.obj (.sysmem)
                  20001280    00000ff0     --HOLE--

.bss       0    20002270    000000a4     UNINITIALIZED
                  20002270    00000054     lcd.obj (.bss:lastbuffer$3)
                  200022c4    00000034     (.common:isr_char_buffer)
                  200022f8    00000018     open_interface.obj (.bss:firmware$2)
                  20002310    00000004     (.common:_timeout_ticks)

.data      0    20002314    00000041     UNINITIALIZED
                  20002314    00000020     open_interface.obj (.data)
                  20002334    00000008     rtsv7M4_T_le_v4SPD16_eabi.lib : _lock.c.obj (.data:$O1$$)
                  2000233c    00000008                                   : memory.c.obj (.data:$O1$$)
                  20002344    00000007     lab4_template.obj (.data:button)
                  2000234b    00000001     Timer.obj (.data)
                  2000234c    00000004     libcybotUART.lib : uart.obj (.data)
                  20002350    00000004     rtsv7M4_T_le_v4SPD16_eabi.lib : errno.c.obj (.data)
                  20002354    00000001     button.obj (.data)

__llvm_prf_cnts 
*          0    20000000    00000000     UNINITIALIZED

MODULE SUMMARY

       Module                         code    ro data   rw data
       ------                         ----    -------   -------
    .\
       open_interface.obj             3128    15        56     
       lcd.obj                        824     8         84     
       tm4c123gh6pm_startup_ccs.obj   12      620       0      
       Timer.obj                      584     0         5      
       lab4_template.obj              336     0         7      
       button.obj                     136     0         1      
    +--+------------------------------+-------+---------+---------+
       Total:                         5020    643       153    
                                                               
    ../libcybotUART.lib
       uart.obj                       348     0         56     
    +--+------------------------------+-------+---------+---------+
       Total:                         348     0         56     
                                                               
    C:/ti/TivaWare_C_Series-2.2.0.295/driverlib/ccs/Debug/driverlib.lib
       interrupt.obj                  68      0         620    
       cpu.obj                        12      0         0      
    +--+------------------------------+-------+---------+---------+
       Total:                         80      0         620    
                                                               
    C:\ti\ccs1230\ccs\tools\compiler\ti-cgt-arm_20.2.7.LTS\lib\rtsv7M4_T_le_v4SPD16_eabi.lib
       _printfi.c.obj                 4851    0         0      
       memory.c.obj                   728     0         8      
       fd_add_t2.asm.obj              438     0         0      
       fd_div_t2.asm.obj              310     0         0      
       s_scalbn.c.obj                 272     0         0      
       fd_cmp_t2.asm.obj              268     0         0      
       ctype.c.obj                    0       257       0      
       fd_mul_t2.asm.obj              252     0         0      
       memcpy_t2.asm.obj              156     0         0      
       ull_div_t2.asm.obj             150     0         0      
       vsnprintf.c.obj                136     0         0      
       memset_t2.asm.obj              122     0         0      
       fd_tos_t2.asm.obj              110     0         0      
       copy_decompress_lzss.c.obj     104     0         0      
       s_frexp.c.obj                  100     0         0      
       sprintf.c.obj                  98      0         0      
       _ltoa.c.obj                    84      0         0      
       atoi.c.obj                     76      0         0      
       fd_toi_t2.asm.obj              72      0         0      
       autoinit.c.obj                 68      0         0      
       fs_tod_t2.asm.obj              56      0         0      
       boot_cortex_m.c.obj            52      0         0      
       i_tofd_t2.asm.obj              46      0         0      
       copy_zero_init.c.obj           28      0         0      
       memccpy.c.obj                  28      0         0      
       s_copysign.c.obj               26      0         0      
       strcmp.c.obj                   24      0         0      
       strchr.c.obj                   22      0         0      
       strcpy.c.obj                   20      0         0      
       strlen.c.obj                   20      0         0      
       wcslen.c.obj                   18      0         0      
       copy_decompress_none.c.obj     14      0         0      
       errno.c.obj                    8       0         4      
       _lock.c.obj                    2       0         8      
       exit.c.obj                     4       0         0      
       pre_init.c.obj                 4       0         0      
       div0.asm.obj                   2       0         0      
    +--+------------------------------+-------+---------+---------+
       Total:                         8769    257       20     
                                                               
       Heap:                          0       0         4096   
       Stack:                         0       0         4096   
       Linker Generated:              0       85        0      
    +--+------------------------------+-------+---------+---------+
       Grand Total:                   14217   985       9041   


LINKER GENERATED COPY TABLES

__TI_cinit_table @ 00003b58 records: 3, size/record: 8, table size: 24
	.data: load addr=00003b18, load size=00000021 bytes, run addr=20002314, run size=00000041 bytes, compression=lzss
	.bss: load addr=00003b48, load size=00000008 bytes, run addr=20002270, run size=000000a4 bytes, compression=zero_init
	.vtable: load addr=00003b50, load size=00000008 bytes, run addr=20000000, run size=0000026c bytes, compression=zero_init


LINKER GENERATED HANDLER TABLE

__TI_handler_table @ 00003b3c records: 3, size/record: 4, table size: 12
	index: 0, handler: __TI_zero_init
	index: 1, handler: __TI_decompress_lzss
	index: 2, handler: __TI_decompress_none


GLOBAL SYMBOLS: SORTED ALPHABETICALLY BY Name 

address   name                          
-------   ----                          
000039fd  C$$EXIT                       
000039c5  CPUcpsie                      
00000bc3  GPIOF_Handler                 
00003997  IntMasterEnable               
00003789  IntRegister                   
000039d1  ResetISR                      
20001270  __STACK_END                   
00001000  __STACK_SIZE                  
20000470  __STACK_TOP                   
00001000  __SYSMEM_SIZE                 
00003b58  __TI_CINIT_Base               
00003b70  __TI_CINIT_Limit              
00003b3c  __TI_Handler_Table_Base       
00003b48  __TI_Handler_Table_Limit      
00003615  __TI_auto_init_nobinit_nopinit
000033b9  __TI_decompress_lzss          
000039b7  __TI_decompress_none          
000034db  __TI_ltoa                     
ffffffff  __TI_pprof_out_hndl           
00000e8d  __TI_printfi                  
ffffffff  __TI_prof_data_size           
ffffffff  __TI_prof_data_start          
00000000  __TI_static_base__            
00003879  __TI_zero_init_nomemset       
000030e5  __aeabi_cdcmpeq               
000030e5  __aeabi_cdcmple               
0000316b  __aeabi_cdrcmple              
0000334b  __aeabi_d2f                   
000035cd  __aeabi_d2iz                  
00002297  __aeabi_dadd                  
0000282d  __aeabi_ddiv                  
00002c99  __aeabi_dmul                  
0000228d  __aeabi_dsub                  
000039e9  __aeabi_errno_addr            
00003751  __aeabi_f2d                   
00003821  __aeabi_i2d                   
00002443  __aeabi_idiv0                 
00002443  __aeabi_ldiv0                 
000031f1  __aeabi_memclr                
000031f1  __aeabi_memclr4               
000031f1  __aeabi_memclr8               
00002f2b  __aeabi_memcpy                
00002f2b  __aeabi_memcpy4               
00002f2b  __aeabi_memcpy8               
000031f3  __aeabi_memset                
000031f3  __aeabi_memset4               
000031f3  __aeabi_memset8               
00002fc7  __aeabi_uldivmod              
ffffffff  __binit__                     
ffffffff  __c_args__                    
UNDEFED   __mpu_init                    
20000270  __stack                       
20000000  __start___llvm_prf_cnts       
20000000  __stop___llvm_prf_cnts        
000037bd  _c_int00_noargs               
00003a00  _ctypes_                      
20002334  _lock                         
000018db  _nop                          
2000234b  _running                      
20001270  _sys_memory                   
UNDEFED   _system_post_cinit            
000039f9  _system_pre_init              
20002310  _timeout_ticks                
20002338  _unlock                       
000039fd  abort                         
00002b99  aligned_alloc                 
00003581  atoi                          
ffffffff  binit                         
20002344  button                        
00003095  button_getButton              
0000305d  button_init                   
00003719  calloc                        
000038cd  copysign                      
000038cd  copysignl                     
0000254d  cyBot_UART1_Handler           
00002533  cyBot_getByte                 
00002445  cyBot_sendByte                
00002515  cyBot_uart_flush              
00002483  cyBot_uart_init               
0000246b  cyBot_uart_sendBuffer         
00002451  cyBot_uart_sendStr            
20002350  errno                         
00002d95  free                          
00003421  frexp                         
00003421  frexpl                        
20000000  g_pfnRAMVectors               
00000000  g_pfnVectors                  
0000097f  go_charge                     
200022c4  isr_char_buffer               
2000234c  isr_counter                   
000039a7  lcd_clear                     
00001ab1  lcd_gotoLine                  
00001919  lcd_init                      
00001b17  lcd_printf                    
000019d9  lcd_putc                      
00001a11  lcd_puts                      
000018dd  lcd_reverseNibble             
00001a2f  lcd_sendCommand               
00001a6d  lcd_sendNibble                
00001ad9  lcd_setCursorPos              
00002a89  ldexp                         
00002a89  ldexpl                        
000025a1  main                          
000039f1  malloc                        
00002b99  memalign                      
000038b1  memccpy                       
00002f2b  memcpy                        
000031f9  memset                        
20002314  motor_cal_factor_L            
20002318  motor_cal_factor_R            
0000026d  oi_alloc                      
00000aa9  oi_checkFirmware              
000002c7  oi_close                      
00000279  oi_free                       
00000ded  oi_getMotorCalibrationLeft    
00000e01  oi_getMotorCalibrationRight   
000002b1  oi_init                       
00000289  oi_init_noupdate              
00000915  oi_loadSong                   
00003917  oi_parseInt                   
0000032b  oi_parsePacket                
0000096b  oi_play_song                  
0000084b  oi_setLeds                    
00000db1  oi_setMotorCalibration        
0000088f  oi_setWheels                  
00000b51  oi_shutoff_init               
0000098d  oi_uartInit                   
00000a31  oi_uartReceive                
00000a77  oi_uartSendBuff               
00000a15  oi_uartSendChar               
00000a59  oi_uartSendStr                
000002d9  oi_update                     
00002a89  scalbn                        
00002a89  scalbnl                       
00003659  sprintf                       
00003947  strchr                        
0000392f  strcmp                        
0000395d  strcpy                        
00003971  strlen                        
00001f93  timer_getMicros               
00001f3b  timer_getMillis               
00001e75  timer_init                    
00001f17  timer_pause                   
00001f29  timer_resume                  
00001eed  timer_stop                    
00001fed  timer_waitMicros              
0000201f  timer_waitMillis              
00003699  vsnprintf                     
00003985  wcslen                        


GLOBAL SYMBOLS: SORTED BY Symbol Address 

address   name                          
-------   ----                          
00000000  __TI_static_base__            
00000000  g_pfnVectors                  
0000026d  oi_alloc                      
00000279  oi_free                       
00000289  oi_init_noupdate              
000002b1  oi_init                       
000002c7  oi_close                      
000002d9  oi_update                     
0000032b  oi_parsePacket                
0000084b  oi_setLeds                    
0000088f  oi_setWheels                  
00000915  oi_loadSong                   
0000096b  oi_play_song                  
0000097f  go_charge                     
0000098d  oi_uartInit                   
00000a15  oi_uartSendChar               
00000a31  oi_uartReceive                
00000a59  oi_uartSendStr                
00000a77  oi_uartSendBuff               
00000aa9  oi_checkFirmware              
00000b51  oi_shutoff_init               
00000bc3  GPIOF_Handler                 
00000db1  oi_setMotorCalibration        
00000ded  oi_getMotorCalibrationLeft    
00000e01  oi_getMotorCalibrationRight   
00000e8d  __TI_printfi                  
00001000  __STACK_SIZE                  
00001000  __SYSMEM_SIZE                 
000018db  _nop                          
000018dd  lcd_reverseNibble             
00001919  lcd_init                      
000019d9  lcd_putc                      
00001a11  lcd_puts                      
00001a2f  lcd_sendCommand               
00001a6d  lcd_sendNibble                
00001ab1  lcd_gotoLine                  
00001ad9  lcd_setCursorPos              
00001b17  lcd_printf                    
00001e75  timer_init                    
00001eed  timer_stop                    
00001f17  timer_pause                   
00001f29  timer_resume                  
00001f3b  timer_getMillis               
00001f93  timer_getMicros               
00001fed  timer_waitMicros              
0000201f  timer_waitMillis              
0000228d  __aeabi_dsub                  
00002297  __aeabi_dadd                  
00002443  __aeabi_idiv0                 
00002443  __aeabi_ldiv0                 
00002445  cyBot_sendByte                
00002451  cyBot_uart_sendStr            
0000246b  cyBot_uart_sendBuffer         
00002483  cyBot_uart_init               
00002515  cyBot_uart_flush              
00002533  cyBot_getByte                 
0000254d  cyBot_UART1_Handler           
000025a1  main                          
0000282d  __aeabi_ddiv                  
00002a89  ldexp                         
00002a89  ldexpl                        
00002a89  scalbn                        
00002a89  scalbnl                       
00002b99  aligned_alloc                 
00002b99  memalign                      
00002c99  __aeabi_dmul                  
00002d95  free                          
00002f2b  __aeabi_memcpy                
00002f2b  __aeabi_memcpy4               
00002f2b  __aeabi_memcpy8               
00002f2b  memcpy                        
00002fc7  __aeabi_uldivmod              
0000305d  button_init                   
00003095  button_getButton              
000030e5  __aeabi_cdcmpeq               
000030e5  __aeabi_cdcmple               
0000316b  __aeabi_cdrcmple              
000031f1  __aeabi_memclr                
000031f1  __aeabi_memclr4               
000031f1  __aeabi_memclr8               
000031f3  __aeabi_memset                
000031f3  __aeabi_memset4               
000031f3  __aeabi_memset8               
000031f9  memset                        
0000334b  __aeabi_d2f                   
000033b9  __TI_decompress_lzss          
00003421  frexp                         
00003421  frexpl                        
000034db  __TI_ltoa                     
00003581  atoi                          
000035cd  __aeabi_d2iz                  
00003615  __TI_auto_init_nobinit_nopinit
00003659  sprintf                       
00003699  vsnprintf                     
00003719  calloc                        
00003751  __aeabi_f2d                   
00003789  IntRegister                   
000037bd  _c_int00_noargs               
00003821  __aeabi_i2d                   
00003879  __TI_zero_init_nomemset       
000038b1  memccpy                       
000038cd  copysign                      
000038cd  copysignl                     
00003917  oi_parseInt                   
0000392f  strcmp                        
00003947  strchr                        
0000395d  strcpy                        
00003971  strlen                        
00003985  wcslen                        
00003997  IntMasterEnable               
000039a7  lcd_clear                     
000039b7  __TI_decompress_none          
000039c5  CPUcpsie                      
000039d1  ResetISR                      
000039e9  __aeabi_errno_addr            
000039f1  malloc                        
000039f9  _system_pre_init              
000039fd  C$$EXIT                       
000039fd  abort                         
00003a00  _ctypes_                      
00003b3c  __TI_Handler_Table_Base       
00003b48  __TI_Handler_Table_Limit      
00003b58  __TI_CINIT_Base               
00003b70  __TI_CINIT_Limit              
20000000  __start___llvm_prf_cnts       
20000000  __stop___llvm_prf_cnts        
20000000  g_pfnRAMVectors               
20000270  __stack                       
20000470  __STACK_TOP                   
20001270  __STACK_END                   
20001270  _sys_memory                   
200022c4  isr_char_buffer               
20002310  _timeout_ticks                
20002314  motor_cal_factor_L            
20002318  motor_cal_factor_R            
20002334  _lock                         
20002338  _unlock                       
20002344  button                        
2000234b  _running                      
2000234c  isr_counter                   
20002350  errno                         
ffffffff  __TI_pprof_out_hndl           
ffffffff  __TI_prof_data_size           
ffffffff  __TI_prof_data_start          
ffffffff  __binit__                     
ffffffff  __c_args__                    
ffffffff  binit                         
UNDEFED   __mpu_init                    
UNDEFED   _system_post_cinit            

[149 symbols]
