******************************************************************************
                  TI ARM Linker PC v20.2.7                     
******************************************************************************
>> Linked Tue Mar 26 17:06:17 2024

OUTPUT FILE NAME:   <Lab7.out>
ENTRY POINT SYMBOL: "_c_int00_noargs"  address: 00004781


MEMORY CONFIGURATION

         name            origin    length      used     unused   attr    fill
----------------------  --------  ---------  --------  --------  ----  --------
  FLASH                 00000000   00040000  00004b71  0003b48f  R  X
  SRAM                  20000000   00008000  00002d22  000052de  RW X


SEGMENT ALLOCATION MAP

run origin  load origin   length   init length attrs members
----------  ----------- ---------- ----------- ----- -------
00000000    00000000    00004b78   00004b78    r-x
  00000000    00000000    0000026c   0000026c    r-- .intvecs
  0000026c    0000026c    00004768   00004768    r-x .text
  000049d4    000049d4    00000145   00000145    r-- .const
  00004b20    00004b20    00000058   00000058    r-- .cinit
20000000    20000000    00002d2d   00000000    rw-
  20000000    20000000    0000026c   00000000    rw- .vtable
  20000270    20000270    00001000   00000000    rw- .stack
  20001270    20001270    00001000   00000000    rw- .sysmem
  20002270    20002270    00000a69   00000000    rw- .bss
  20002ce0    20002ce0    0000004d   00000000    rw- .data


SECTION ALLOCATION MAP

 output                                  attributes/
section   page    origin      length       input sections
--------  ----  ----------  ----------   ----------------
.intvecs   0    00000000    0000026c     
                  00000000    0000026c     tm4c123gh6pm_startup_ccs.obj (.intvecs)

.text      0    0000026c    00004768     
                  0000026c    00000c20     open_interface.obj (.text)
                  00000e8c    00000af4     movement.obj (.text)
                  00001980    00000a4e     rtsv7M4_T_le_v4SPD16_eabi.lib : _printfi.c.obj (.text:__TI_printfi)
                  000023ce    00000002                                   : _lock.c.obj (.text:_nop)
                  000023d0    00000328     lcd.obj (.text)
                  000026f8    00000270     rtsv7M4_T_le_v4SPD16_eabi.lib : _printfi.c.obj (.text:_pconv_a)
                  00002968    00000260     libcybotScan.lib : cyBot_Scan.obj (.text)
                  00002bc8    00000248     Timer.obj (.text)
                  00002e10    000001ec     libcybotScan.lib : ping.obj (.text)
                  00002ffc    000001d0     rtsv7M4_T_le_v4SPD16_eabi.lib : _printfi.c.obj (.text:_pconv_g)
                  000031cc    000001b6                                   : fd_add_t2.asm.obj (.text)
                  00003382    00000002                                   : div0.asm.obj (.text)
                  00003384    00000158     libcybotScan.lib : servo.obj (.text)
                  000034dc    00000148     uart.obj (.text)
                  00003624    0000013c     rtsv7M4_T_le_v4SPD16_eabi.lib : _printfi.c.obj (.text:_pconv_e)
                  00003760    00000136                                   : fd_div_t2.asm.obj (.text)
                  00003896    00000002     --HOLE-- [fill = 0]
                  00003898    00000124                                   : _printfi.c.obj (.text:fcvt)
                  000039bc    00000118     libcybotScan.lib : ir.obj (.text)
                  00003ad4    00000110     rtsv7M4_T_le_v4SPD16_eabi.lib : s_scalbn.c.obj (.text:scalbn)
                  00003be4    00000100                                   : memory.c.obj (.text:aligned_alloc)
                  00003ce4    000000fc                                   : fd_mul_t2.asm.obj (.text)
                  00003de0    000000e4                                   : memory.c.obj (.text:free)
                  00003ec4    000000b1                                   : _printfi.c.obj (.text:_ltostr)
                  00003f75    00000001     --HOLE-- [fill = 0]
                  00003f76    0000009c                                   : memcpy_t2.asm.obj (.text)
                  00004012    00000096                                   : ull_div_t2.asm.obj (.text)
                  000040a8    00000086                                   : fd_cmp_t2.asm.obj (.text:__aeabi_cdcmple)
                  0000412e    00000086                                   : fd_cmp_t2.asm.obj (.text:__aeabi_cdrcmple)
                  000041b4    0000007a                                   : memset_t2.asm.obj (.text)
                  0000422e    00000002     --HOLE-- [fill = 0]
                  00004230    00000070                                   : memory.c.obj (.text:split)
                  000042a0    0000006e                                   : _printfi.c.obj (.text:_mcpy)
                  0000430e    0000006e                                   : fd_tos_t2.asm.obj (.text)
                  0000437c    00000068                                   : copy_decompress_lzss.c.obj (.text:decompress:lzss:__TI_decompress_lzss)
                  000043e4    00000064                                   : s_frexp.c.obj (.text:frexp)
                  00004448    00000056                                   : _printfi.c.obj (.text:_pconv_f)
                  0000449e    00000054                                   : _ltoa.c.obj (.text:__TI_ltoa)
                  000044f2    00000052                                   : _printfi.c.obj (.text:_ecpy)
                  00004544    0000004c                                   : atoi.c.obj (.text:atoi)
                  00004590    00000048                                   : fd_toi_t2.asm.obj (.text)
                  000045d8    00000044                                   : autoinit.c.obj (.text:__TI_auto_init_nobinit_nopinit:__TI_auto_init_nobinit_nopinit)
                  0000461c    00000040                                   : sprintf.c.obj (.text:sprintf)
                  0000465c    00000040                                   : vsnprintf.c.obj (.text:vsnprintf)
                  0000469c    0000003e                                   : _printfi.c.obj (.text:_fcpy)
                  000046da    00000002     --HOLE-- [fill = 0]
                  000046dc    00000038                                   : memory.c.obj (.text:calloc)
                  00004714    00000038                                   : fs_tod_t2.asm.obj (.text)
                  0000474c    00000034     driverlib.lib : interrupt.obj (.text:IntRegister)
                  00004780    00000034     rtsv7M4_T_le_v4SPD16_eabi.lib : boot_cortex_m.c.obj (.text:_c_int00_noargs:_c_int00_noargs)
                  000047b4    00000030                                   : vsnprintf.c.obj (.text:_outs)
                  000047e4    0000002e                                   : i_tofd_t2.asm.obj (.text)
                  00004812    00000002     --HOLE-- [fill = 0]
                  00004814    00000028                                   : memory.c.obj (.text:free_list_insert)
                  0000483c    0000001e                                   : strcat.c.obj (.text:strcat)
                  0000485a    00000002     --HOLE-- [fill = 0]
                  0000485c    0000001c                                   : memory.c.obj (.text:free_list_remove)
                  00004878    0000001c                                   : memccpy.c.obj (.text:memccpy)
                  00004894    0000001a                                   : s_copysign.c.obj (.text:copysign)
                  000048ae    00000018                                   : vsnprintf.c.obj (.text:_outc)
                  000048c6    00000018                                   : sprintf.c.obj (.text:_outs)
                  000048de    00000018     open_interface.obj (.text:oi_parseInt)
                  000048f6    00000018     rtsv7M4_T_le_v4SPD16_eabi.lib : strcmp.c.obj (.text:strcmp)
                  0000490e    00000016                                   : strchr.c.obj (.text:strchr)
                  00004924    00000014                                   : strcpy.c.obj (.text:strcpy)
                  00004938    00000014                                   : strlen.c.obj (.text:strlen)
                  0000494c    00000012                                   : wcslen.c.obj (.text:wcslen)
                  0000495e    00000010     driverlib.lib : interrupt.obj (.text:IntMasterEnable)
                  0000496e    00000010     lcd.obj (.text:lcd_clear)
                  0000497e    0000000e     rtsv7M4_T_le_v4SPD16_eabi.lib : copy_decompress_none.c.obj (.text:decompress:none:__TI_decompress_none)
                  0000498c    0000000c     driverlib.lib : cpu.obj (.text:CPUcpsie)
                  00004998    0000000c     rtsv7M4_T_le_v4SPD16_eabi.lib : copy_zero_init.c.obj (.text:decompress:ZI:__TI_zero_init)
                  000049a4    0000000c     tm4c123gh6pm_startup_ccs.obj (.text)
                  000049b0    0000000a     rtsv7M4_T_le_v4SPD16_eabi.lib : sprintf.c.obj (.text:_outc)
                  000049ba    00000002     --HOLE-- [fill = 0]
                  000049bc    00000008                                   : errno.c.obj (.text:__aeabi_errno_addr)
                  000049c4    00000008                                   : memory.c.obj (.text:malloc)
                  000049cc    00000004                                   : pre_init.c.obj (.text:_system_pre_init)
                  000049d0    00000004                                   : exit.c.obj (.text:abort:abort)

.const     0    000049d4    00000145     
                  000049d4    00000101     rtsv7M4_T_le_v4SPD16_eabi.lib : ctype.c.obj (.const:.string:_ctypes_)
                  00004ad5    0000001a     movement.obj (.const:.string:$P$T0$1)
                  00004aef    00000010     movement.obj (.const:.string:$P$T1$2)
                  00004aff    0000000f     open_interface.obj (.const:.string:$P$T0$3)
                  00004b0e    00000004     lcd.obj (.const:.string:lineAddress$1)
                  00004b12    00000004     lcd.obj (.const:.string:lineAddresses$2)
                  00004b16    00000003     movement.obj (.const:.string:$P$T2$3)

.cinit     0    00004b20    00000058     
                  00004b20    00000023     (.cinit..data.load) [load image, compression = lzss]
                  00004b43    00000001     --HOLE-- [fill = 0]
                  00004b44    0000000c     (__TI_handler_table)
                  00004b50    00000008     (.cinit..bss.load) [load image, compression = zero_init]
                  00004b58    00000008     (.cinit..vtable.load) [load image, compression = zero_init]
                  00004b60    00000018     (__TI_cinit_table)

.init_array 
*          0    00000000    00000000     UNINITIALIZED

.vtable    0    20000000    0000026c     UNINITIALIZED
                  20000000    0000026c     driverlib.lib : interrupt.obj (.vtable)

.stack     0    20000270    00001000     UNINITIALIZED
                  20000270    00000004     rtsv7M4_T_le_v4SPD16_eabi.lib : boot_cortex_m.c.obj (.stack)
                  20000274    00000ffc     --HOLE--

.sysmem    0    20001270    00001000     UNINITIALIZED
                  20001270    00000010     rtsv7M4_T_le_v4SPD16_eabi.lib : memory.c.obj (.sysmem)
                  20001280    00000ff0     --HOLE--

.bss       0    20002270    00000a69     UNINITIALIZED
                  20002270    00000870     (.common:objects)
                  20002ae0    00000168     (.common:values)
                  20002c48    00000054     lcd.obj (.bss:lastbuffer$3)
                  20002c9c    00000018     open_interface.obj (.bss:firmware$2)
                  20002cb4    00000004     (.common:_timeout_ticks)
                  20002cb8    00000004     (.common:fallingEdge)
                  20002cbc    00000004     (.common:isr_int_value)
                  20002cc0    00000004     (.common:left_calibration_value)
                  20002cc4    00000004     (.common:pulseLength)
                  20002cc8    00000004     (.common:right_calibration_value)
                  20002ccc    00000004     (.common:risingEdge)
                  20002cd0    00000004     (.common:smallestObjectAngle)
                  20002cd4    00000004     (.common:smallestObjectDistance)
                  20002cd8    00000001     (.common:isRisingEdge)

.data      0    20002ce0    0000004d     UNINITIALIZED
                  20002ce0    00000020     open_interface.obj (.data)
                  20002d00    00000014     movement.obj (.data)
                  20002d14    00000008     rtsv7M4_T_le_v4SPD16_eabi.lib : _lock.c.obj (.data:$O1$$)
                  20002d1c    00000008                                   : memory.c.obj (.data:$O1$$)
                  20002d24    00000004     libcybotScan.lib : cyBot_Scan.obj (.data)
                  20002d28    00000004     rtsv7M4_T_le_v4SPD16_eabi.lib : errno.c.obj (.data)
                  20002d2c    00000001     Timer.obj (.data)

__llvm_prf_cnts 
*          0    20000000    00000000     UNINITIALIZED

MODULE SUMMARY

       Module                         code    ro data   rw data
       ------                         ----    -------   -------
    .\
       movement.obj                   2804    45        2556   
       open_interface.obj             3128    15        56     
       lcd.obj                        824     8         84     
       tm4c123gh6pm_startup_ccs.obj   12      620       0      
       Timer.obj                      584     0         5      
       uart.obj                       328     0         0      
    +--+------------------------------+-------+---------+---------+
       Total:                         7680    688       2701   
                                                               
    ../libcybotScan.lib
       cyBot_Scan.obj                 608     0         4      
       ping.obj                       492     0         13     
       servo.obj                      344     0         0      
       ir.obj                         280     0         4      
    +--+------------------------------+-------+---------+---------+
       Total:                         1724    0         21     
                                                               
    C:/ti/TivaWare_C_Series-2.2.0.295/driverlib/ccs/Debug/driverlib.lib
       interrupt.obj                  68      0         620    
       cpu.obj                        12      0         0      
    +--+------------------------------+-------+---------+---------+
       Total:                         80      0         620    
                                                               
    C:\ti\ccs1230\ccs\tools\compiler\ti-cgt-arm_20.2.7.LTS\lib\rtsv7M4_T_le_v4SPD16_eabi.lib
       _printfi.c.obj                 4851    0         0      
       memory.c.obj                   728     0         8      
       fd_add_t2.asm.obj              438     0         0      
       fd_div_t2.asm.obj              310     0         0      
       s_scalbn.c.obj                 272     0         0      
       fd_cmp_t2.asm.obj              268     0         0      
       ctype.c.obj                    0       257       0      
       fd_mul_t2.asm.obj              252     0         0      
       memcpy_t2.asm.obj              156     0         0      
       ull_div_t2.asm.obj             150     0         0      
       vsnprintf.c.obj                136     0         0      
       memset_t2.asm.obj              122     0         0      
       fd_tos_t2.asm.obj              110     0         0      
       copy_decompress_lzss.c.obj     104     0         0      
       s_frexp.c.obj                  100     0         0      
       sprintf.c.obj                  98      0         0      
       _ltoa.c.obj                    84      0         0      
       atoi.c.obj                     76      0         0      
       fd_toi_t2.asm.obj              72      0         0      
       autoinit.c.obj                 68      0         0      
       fs_tod_t2.asm.obj              56      0         0      
       boot_cortex_m.c.obj            52      0         0      
       i_tofd_t2.asm.obj              46      0         0      
       strcat.c.obj                   30      0         0      
       memccpy.c.obj                  28      0         0      
       s_copysign.c.obj               26      0         0      
       strcmp.c.obj                   24      0         0      
       strchr.c.obj                   22      0         0      
       strcpy.c.obj                   20      0         0      
       strlen.c.obj                   20      0         0      
       wcslen.c.obj                   18      0         0      
       copy_decompress_none.c.obj     14      0         0      
       copy_zero_init.c.obj           12      0         0      
       errno.c.obj                    8       0         4      
       _lock.c.obj                    2       0         8      
       exit.c.obj                     4       0         0      
       pre_init.c.obj                 4       0         0      
       div0.asm.obj                   2       0         0      
    +--+------------------------------+-------+---------+---------+
       Total:                         8783    257       20     
                                                               
       Heap:                          0       0         4096   
       Stack:                         0       0         4096   
       Linker Generated:              0       87        0      
    +--+------------------------------+-------+---------+---------+
       Grand Total:                   18267   1032      11554  


LINKER GENERATED COPY TABLES

__TI_cinit_table @ 00004b60 records: 3, size/record: 8, table size: 24
	.data: load addr=00004b20, load size=00000023 bytes, run addr=20002ce0, run size=0000004d bytes, compression=lzss
	.bss: load addr=00004b50, load size=00000008 bytes, run addr=20002270, run size=00000a69 bytes, compression=zero_init
	.vtable: load addr=00004b58, load size=00000008 bytes, run addr=20000000, run size=0000026c bytes, compression=zero_init


LINKER GENERATED HANDLER TABLE

__TI_handler_table @ 00004b44 records: 3, size/record: 4, table size: 12
	index: 0, handler: __TI_zero_init
	index: 1, handler: __TI_decompress_lzss
	index: 2, handler: __TI_decompress_none


GLOBAL SYMBOLS: SORTED ALPHABETICALLY BY Name 

address   name                          
-------   ----                          
00003a55  ADC0SS0_Handler               
000049d1  C$$EXIT                       
0000498d  CPUcpsie                      
00000bc3  GPIOF_Handler                 
0000495f  IntMasterEnable               
0000474d  IntRegister                   
000049a5  ResetISR                      
00002f01  TIMER3B_Handler               
20001270  __STACK_END                   
00001000  __STACK_SIZE                  
20000470  __STACK_TOP                   
00001000  __SYSMEM_SIZE                 
00004b60  __TI_CINIT_Base               
00004b78  __TI_CINIT_Limit              
00004b44  __TI_Handler_Table_Base       
00004b50  __TI_Handler_Table_Limit      
000045d9  __TI_auto_init_nobinit_nopinit
0000437d  __TI_decompress_lzss          
0000497f  __TI_decompress_none          
0000449f  __TI_ltoa                     
ffffffff  __TI_pprof_out_hndl           
00001981  __TI_printfi                  
ffffffff  __TI_prof_data_size           
ffffffff  __TI_prof_data_start          
00000000  __TI_static_base__            
00004999  __TI_zero_init                
000040a9  __aeabi_cdcmpeq               
000040a9  __aeabi_cdcmple               
0000412f  __aeabi_cdrcmple              
0000430f  __aeabi_d2f                   
00004591  __aeabi_d2iz                  
000031d7  __aeabi_dadd                  
00003761  __aeabi_ddiv                  
00003ce5  __aeabi_dmul                  
000031cd  __aeabi_dsub                  
000049bd  __aeabi_errno_addr            
00004715  __aeabi_f2d                   
000047e5  __aeabi_i2d                   
00003383  __aeabi_idiv0                 
00003383  __aeabi_ldiv0                 
000041b5  __aeabi_memclr                
000041b5  __aeabi_memclr4               
000041b5  __aeabi_memclr8               
00003f77  __aeabi_memcpy                
00003f77  __aeabi_memcpy4               
00003f77  __aeabi_memcpy8               
000041b7  __aeabi_memset                
000041b7  __aeabi_memset4               
000041b7  __aeabi_memset8               
00004013  __aeabi_uldivmod              
ffffffff  __binit__                     
ffffffff  __c_args__                    
UNDEFED   __mpu_init                    
20000270  __stack                       
20000000  __start___llvm_prf_cnts       
20000000  __stop___llvm_prf_cnts        
00004781  _c_int00_noargs               
000049d4  _ctypes_                      
20002d14  _lock                         
000023cf  _nop                          
20002d2c  _running                      
20001270  _sys_memory                   
UNDEFED   _system_post_cinit            
000049cd  _system_pre_init              
20002cb4  _timeout_ticks                
20002d18  _unlock                       
000049d1  abort                         
00003be5  aligned_alloc                 
00004545  atoi                          
ffffffff  binit                         
0000151d  bump_left                     
00001565  bump_right                    
000046dd  calloc                        
00004895  copysign                      
00004895  copysignl                     
00002a41  cyBOT_SERVO_cal               
000029cf  cyBOT_Scan                    
00002977  cyBOT_init_Scan               
20002d24  cyBOT_scan_features           
00002969  cyBOT_scan_version            
00001709  driveToSmallest               
20002d28  errno                         
20002cb8  fallingEdge                   
00000fb9  findObjects                   
00003de1  free                          
000043e5  frexp                         
000043e5  frexpl                        
20000000  g_pfnRAMVectors               
00000000  g_pfnVectors                  
00001403  getMessage                    
0000097f  go_charge                     
20002d08  hasBumped                     
00003a6b  ir_enableInterrupt            
00003a4d  ir_getDistance                
00003a25  ir_getValue                   
000039bd  ir_init                       
20002cd8  isRisingEdge                  
20002cbc  isr_int_value                 
0000496f  lcd_clear                     
000025a5  lcd_gotoLine                  
0000240d  lcd_init                      
0000260b  lcd_printf                    
000024cd  lcd_putc                      
00002505  lcd_puts                      
000023d1  lcd_reverseNibble             
00002523  lcd_sendCommand               
00002561  lcd_sendNibble                
000025cd  lcd_setCursorPos              
00003ad5  ldexp                         
00003ad5  ldexpl                        
20002cc0  left_calibration_value        
00000e8d  main                          
000049c5  malloc                        
00003be5  memalign                      
00004879  memccpy                       
00003f77  memcpy                        
000041bd  memset                        
20002ce0  motor_cal_factor_L            
20002ce4  motor_cal_factor_R            
000017f1  move_backward                 
000015cd  move_forward                  
0000143b  move_forward_no_bump          
20002d0c  objectDirection               
20002270  objects                       
0000026d  oi_alloc                      
00000aa9  oi_checkFirmware              
000002c7  oi_close                      
00000279  oi_free                       
00000ded  oi_getMotorCalibrationLeft    
00000e01  oi_getMotorCalibrationRight   
000002b1  oi_init                       
00000289  oi_init_noupdate              
00000915  oi_loadSong                   
000048df  oi_parseInt                   
0000032b  oi_parsePacket                
0000096b  oi_play_song                  
0000084b  oi_setLeds                    
00000db1  oi_setMotorCalibration        
0000088f  oi_setWheels                  
00000b51  oi_shutoff_init               
0000098d  oi_uartInit                   
00000a31  oi_uartReceive                
00000a77  oi_uartSendBuff               
00000a15  oi_uartSendChar               
00000a59  oi_uartSendStr                
000002d9  oi_update                     
00002f53  ping_getDistance              
00002e11  ping_init                     
00002e97  ping_trigger                  
20002d00  pointDist                     
20002cc4  pulseLength                   
20002cc8  right_calibration_value       
20002ccc  risingEdge                    
00003ad5  scalbn                        
00003ad5  scalbnl                       
00001379  scanMedianDist                
000012a1  scanStuff                     
00003385  servo_init                    
00003415  servo_move                    
00003475  servo_setPWM                  
00003409  servo_stop                    
20002cd0  smallestObjectAngle           
20002cd4  smallestObjectDistance        
0000461d  sprintf                       
0000483d  strcat                        
0000490f  strchr                        
000048f7  strcmp                        
00004925  strcpy                        
00004939  strlen                        
00002ce7  timer_getMicros               
00002c8f  timer_getMillis               
00002bc9  timer_init                    
00002c6b  timer_pause                   
00002c7d  timer_resume                  
00002c41  timer_stop                    
00002d41  timer_waitMicros              
00002d73  timer_waitMillis              
20002d10  timesBumped                   
000018ed  turn_left                     
00001865  turn_right                    
000034dd  uart_init                     
00003583  uart_receive                  
000035b1  uart_receive_nonblocking      
0000355f  uart_sendChar                 
000035cf  uart_sendStr                  
20002ae0  values                        
0000465d  vsnprintf                     
0000494d  wcslen                        


GLOBAL SYMBOLS: SORTED BY Symbol Address 

address   name                          
-------   ----                          
00000000  __TI_static_base__            
00000000  g_pfnVectors                  
0000026d  oi_alloc                      
00000279  oi_free                       
00000289  oi_init_noupdate              
000002b1  oi_init                       
000002c7  oi_close                      
000002d9  oi_update                     
0000032b  oi_parsePacket                
0000084b  oi_setLeds                    
0000088f  oi_setWheels                  
00000915  oi_loadSong                   
0000096b  oi_play_song                  
0000097f  go_charge                     
0000098d  oi_uartInit                   
00000a15  oi_uartSendChar               
00000a31  oi_uartReceive                
00000a59  oi_uartSendStr                
00000a77  oi_uartSendBuff               
00000aa9  oi_checkFirmware              
00000b51  oi_shutoff_init               
00000bc3  GPIOF_Handler                 
00000db1  oi_setMotorCalibration        
00000ded  oi_getMotorCalibrationLeft    
00000e01  oi_getMotorCalibrationRight   
00000e8d  main                          
00000fb9  findObjects                   
00001000  __STACK_SIZE                  
00001000  __SYSMEM_SIZE                 
000012a1  scanStuff                     
00001379  scanMedianDist                
00001403  getMessage                    
0000143b  move_forward_no_bump          
0000151d  bump_left                     
00001565  bump_right                    
000015cd  move_forward                  
00001709  driveToSmallest               
000017f1  move_backward                 
00001865  turn_right                    
000018ed  turn_left                     
00001981  __TI_printfi                  
000023cf  _nop                          
000023d1  lcd_reverseNibble             
0000240d  lcd_init                      
000024cd  lcd_putc                      
00002505  lcd_puts                      
00002523  lcd_sendCommand               
00002561  lcd_sendNibble                
000025a5  lcd_gotoLine                  
000025cd  lcd_setCursorPos              
0000260b  lcd_printf                    
00002969  cyBOT_scan_version            
00002977  cyBOT_init_Scan               
000029cf  cyBOT_Scan                    
00002a41  cyBOT_SERVO_cal               
00002bc9  timer_init                    
00002c41  timer_stop                    
00002c6b  timer_pause                   
00002c7d  timer_resume                  
00002c8f  timer_getMillis               
00002ce7  timer_getMicros               
00002d41  timer_waitMicros              
00002d73  timer_waitMillis              
00002e11  ping_init                     
00002e97  ping_trigger                  
00002f01  TIMER3B_Handler               
00002f53  ping_getDistance              
000031cd  __aeabi_dsub                  
000031d7  __aeabi_dadd                  
00003383  __aeabi_idiv0                 
00003383  __aeabi_ldiv0                 
00003385  servo_init                    
00003409  servo_stop                    
00003415  servo_move                    
00003475  servo_setPWM                  
000034dd  uart_init                     
0000355f  uart_sendChar                 
00003583  uart_receive                  
000035b1  uart_receive_nonblocking      
000035cf  uart_sendStr                  
00003761  __aeabi_ddiv                  
000039bd  ir_init                       
00003a25  ir_getValue                   
00003a4d  ir_getDistance                
00003a55  ADC0SS0_Handler               
00003a6b  ir_enableInterrupt            
00003ad5  ldexp                         
00003ad5  ldexpl                        
00003ad5  scalbn                        
00003ad5  scalbnl                       
00003be5  aligned_alloc                 
00003be5  memalign                      
00003ce5  __aeabi_dmul                  
00003de1  free                          
00003f77  __aeabi_memcpy                
00003f77  __aeabi_memcpy4               
00003f77  __aeabi_memcpy8               
00003f77  memcpy                        
00004013  __aeabi_uldivmod              
000040a9  __aeabi_cdcmpeq               
000040a9  __aeabi_cdcmple               
0000412f  __aeabi_cdrcmple              
000041b5  __aeabi_memclr                
000041b5  __aeabi_memclr4               
000041b5  __aeabi_memclr8               
000041b7  __aeabi_memset                
000041b7  __aeabi_memset4               
000041b7  __aeabi_memset8               
000041bd  memset                        
0000430f  __aeabi_d2f                   
0000437d  __TI_decompress_lzss          
000043e5  frexp                         
000043e5  frexpl                        
0000449f  __TI_ltoa                     
00004545  atoi                          
00004591  __aeabi_d2iz                  
000045d9  __TI_auto_init_nobinit_nopinit
0000461d  sprintf                       
0000465d  vsnprintf                     
000046dd  calloc                        
00004715  __aeabi_f2d                   
0000474d  IntRegister                   
00004781  _c_int00_noargs               
000047e5  __aeabi_i2d                   
0000483d  strcat                        
00004879  memccpy                       
00004895  copysign                      
00004895  copysignl                     
000048df  oi_parseInt                   
000048f7  strcmp                        
0000490f  strchr                        
00004925  strcpy                        
00004939  strlen                        
0000494d  wcslen                        
0000495f  IntMasterEnable               
0000496f  lcd_clear                     
0000497f  __TI_decompress_none          
0000498d  CPUcpsie                      
00004999  __TI_zero_init                
000049a5  ResetISR                      
000049bd  __aeabi_errno_addr            
000049c5  malloc                        
000049cd  _system_pre_init              
000049d1  C$$EXIT                       
000049d1  abort                         
000049d4  _ctypes_                      
00004b44  __TI_Handler_Table_Base       
00004b50  __TI_Handler_Table_Limit      
00004b60  __TI_CINIT_Base               
00004b78  __TI_CINIT_Limit              
20000000  __start___llvm_prf_cnts       
20000000  __stop___llvm_prf_cnts        
20000000  g_pfnRAMVectors               
20000270  __stack                       
20000470  __STACK_TOP                   
20001270  __STACK_END                   
20001270  _sys_memory                   
20002270  objects                       
20002ae0  values                        
20002cb4  _timeout_ticks                
20002cb8  fallingEdge                   
20002cbc  isr_int_value                 
20002cc0  left_calibration_value        
20002cc4  pulseLength                   
20002cc8  right_calibration_value       
20002ccc  risingEdge                    
20002cd0  smallestObjectAngle           
20002cd4  smallestObjectDistance        
20002cd8  isRisingEdge                  
20002ce0  motor_cal_factor_L            
20002ce4  motor_cal_factor_R            
20002d00  pointDist                     
20002d08  hasBumped                     
20002d0c  objectDirection               
20002d10  timesBumped                   
20002d14  _lock                         
20002d18  _unlock                       
20002d24  cyBOT_scan_features           
20002d28  errno                         
20002d2c  _running                      
ffffffff  __TI_pprof_out_hndl           
ffffffff  __TI_prof_data_size           
ffffffff  __TI_prof_data_start          
ffffffff  __binit__                     
ffffffff  __c_args__                    
ffffffff  binit                         
UNDEFED   __mpu_init                    
UNDEFED   _system_post_cinit            

[188 symbols]
