******************************************************************************
                  TI ARM Linker PC v20.2.7                     
******************************************************************************
>> Linked Mon Mar 18 19:09:31 2024

OUTPUT FILE NAME:   <Lab5.out>
ENTRY POINT SYMBOL: "_c_int00_noargs"  address: 00002b31


MEMORY CONFIGURATION

         name            origin    length      used     unused   attr    fill
----------------------  --------  ---------  --------  --------  ----  --------
  FLASH                 00000000   00040000  00002e39  0003d1c7  R  X
  SRAM                  20000000   00008000  0000131a  00006ce6  RW X


SEGMENT ALLOCATION MAP

run origin  load origin   length   init length attrs members
----------  ----------- ---------- ----------- ----- -------
00000000    00000000    00002e40   00002e40    r-x
  00000000    00000000    0000026c   0000026c    r-- .intvecs
  0000026c    0000026c    00002a84   00002a84    r-x .text
  00002cf0    00002cf0    00000109   00000109    r-- .const
  00002e00    00002e00    00000040   00000040    r-- .cinit
20000000    20000000    0000131e   00000000    rw-
  20000000    20000000    0000026c   00000000    rw- .vtable
  20000270    20000270    00001000   00000000    rw- .stack
  20001270    20001270    000000a0   00000000    rw- .bss
  20001310    20001310    0000000e   00000000    rw- .data


SECTION ALLOCATION MAP

 output                                  attributes/
section   page    origin      length       input sections
--------  ----  ----------  ----------   ----------------
.intvecs   0    00000000    0000026c     
                  00000000    0000026c     tm4c123gh6pm_startup_ccs.obj (.intvecs)

.text      0    0000026c    00002a84     
                  0000026c    00000a4e     rtsv7M4_T_le_v4SPD16_eabi.lib : _printfi.c.obj (.text:__TI_printfi)
                  00000cba    00000002                                   : div0.asm.obj (.text)
                  00000cbc    00000328     lcd.obj (.text)
                  00000fe4    000002a8     libcybotUART.lib : uart.obj (.text)
                  0000128c    00000270     rtsv7M4_T_le_v4SPD16_eabi.lib : _printfi.c.obj (.text:_pconv_a)
                  000014fc    00000248     Timer.obj (.text)
                  00001744    000001d0     rtsv7M4_T_le_v4SPD16_eabi.lib : _printfi.c.obj (.text:_pconv_g)
                  00001914    000001b6                                   : fd_add_t2.asm.obj (.text)
                  00001aca    00000002     --HOLE-- [fill = 0]
                  00001acc    00000198     lab5_template.obj (.text)
                  00001c64    0000013c     rtsv7M4_T_le_v4SPD16_eabi.lib : _printfi.c.obj (.text:_pconv_e)
                  00001da0    00000136                                   : fd_div_t2.asm.obj (.text)
                  00001ed6    00000002     --HOLE-- [fill = 0]
                  00001ed8    00000134     uart.obj (.text)
                  0000200c    00000124     rtsv7M4_T_le_v4SPD16_eabi.lib : _printfi.c.obj (.text:fcvt)
                  00002130    00000110                                   : s_scalbn.c.obj (.text:scalbn)
                  00002240    000000fc                                   : fd_mul_t2.asm.obj (.text)
                  0000233c    000000b1                                   : _printfi.c.obj (.text:_ltostr)
                  000023ed    00000001     --HOLE-- [fill = 0]
                  000023ee    0000009c                                   : memcpy_t2.asm.obj (.text)
                  0000248a    00000096                                   : ull_div_t2.asm.obj (.text)
                  00002520    00000088     button.obj (.text)
                  000025a8    00000086     rtsv7M4_T_le_v4SPD16_eabi.lib : fd_cmp_t2.asm.obj (.text:__aeabi_cdcmple)
                  0000262e    00000086                                   : fd_cmp_t2.asm.obj (.text:__aeabi_cdrcmple)
                  000026b4    0000007a                                   : memset_t2.asm.obj (.text)
                  0000272e    0000006e                                   : _printfi.c.obj (.text:_mcpy)
                  0000279c    00000068                                   : copy_decompress_lzss.c.obj (.text:decompress:lzss:__TI_decompress_lzss)
                  00002804    00000064                                   : s_frexp.c.obj (.text:frexp)
                  00002868    00000056                                   : _printfi.c.obj (.text:_pconv_f)
                  000028be    00000054                                   : _ltoa.c.obj (.text:__TI_ltoa)
                  00002912    00000052                                   : _printfi.c.obj (.text:_ecpy)
                  00002964    0000004c                                   : atoi.c.obj (.text:atoi)
                  000029b0    00000048                                   : fd_toi_t2.asm.obj (.text)
                  000029f8    00000044                                   : autoinit.c.obj (.text:__TI_auto_init_nobinit_nopinit:__TI_auto_init_nobinit_nopinit)
                  00002a3c    00000040                                   : sprintf.c.obj (.text:sprintf)
                  00002a7c    00000040                                   : vsnprintf.c.obj (.text:vsnprintf)
                  00002abc    0000003e                                   : _printfi.c.obj (.text:_fcpy)
                  00002afa    00000002     --HOLE-- [fill = 0]
                  00002afc    00000034     driverlib.lib : interrupt.obj (.text:IntRegister)
                  00002b30    00000034     rtsv7M4_T_le_v4SPD16_eabi.lib : boot_cortex_m.c.obj (.text:_c_int00_noargs:_c_int00_noargs)
                  00002b64    00000030                                   : vsnprintf.c.obj (.text:_outs)
                  00002b94    0000002e                                   : i_tofd_t2.asm.obj (.text)
                  00002bc2    0000001c                                   : copy_zero_init.c.obj (.text:decompress:ZI:__TI_zero_init_nomemset:__TI_zero_init_nomemset)
                  00002bde    0000001c                                   : memccpy.c.obj (.text:memccpy)
                  00002bfa    0000001a                                   : s_copysign.c.obj (.text:copysign)
                  00002c14    00000018                                   : vsnprintf.c.obj (.text:_outc)
                  00002c2c    00000018                                   : sprintf.c.obj (.text:_outs)
                  00002c44    00000018                                   : strcmp.c.obj (.text:strcmp)
                  00002c5c    00000016                                   : strchr.c.obj (.text:strchr)
                  00002c72    00000014                                   : strcpy.c.obj (.text:strcpy)
                  00002c86    00000014                                   : strlen.c.obj (.text:strlen)
                  00002c9a    00000012                                   : wcslen.c.obj (.text:wcslen)
                  00002cac    00000010     lcd.obj (.text:lcd_clear)
                  00002cbc    0000000e     rtsv7M4_T_le_v4SPD16_eabi.lib : copy_decompress_none.c.obj (.text:decompress:none:__TI_decompress_none)
                  00002cca    0000000c     tm4c123gh6pm_startup_ccs.obj (.text)
                  00002cd6    0000000a     rtsv7M4_T_le_v4SPD16_eabi.lib : sprintf.c.obj (.text:_outc)
                  00002ce0    00000008                                   : errno.c.obj (.text:__aeabi_errno_addr)
                  00002ce8    00000004                                   : pre_init.c.obj (.text:_system_pre_init)
                  00002cec    00000004                                   : exit.c.obj (.text:abort:abort)

.const     0    00002cf0    00000109     
                  00002cf0    00000101     rtsv7M4_T_le_v4SPD16_eabi.lib : ctype.c.obj (.const:.string:_ctypes_)
                  00002df1    00000004     lcd.obj (.const:.string:lineAddress$1)
                  00002df5    00000004     lcd.obj (.const:.string:lineAddresses$2)

.cinit     0    00002e00    00000040     
                  00002e00    0000000c     (__TI_handler_table)
                  00002e0c    00000004     --HOLE-- [fill = 0]
                  00002e10    00000008     (.cinit..bss.load) [load image, compression = zero_init]
                  00002e18    00000008     (.cinit..vtable.load) [load image, compression = zero_init]
                  00002e20    00000007     (.cinit..data.load) [load image, compression = lzss]
                  00002e27    00000001     --HOLE-- [fill = 0]
                  00002e28    00000018     (__TI_cinit_table)

.init_array 
*          0    00000000    00000000     UNINITIALIZED

.vtable    0    20000000    0000026c     UNINITIALIZED
                  20000000    0000026c     driverlib.lib : interrupt.obj (.vtable)

.bss       0    20001270    000000a0     UNINITIALIZED
                  20001270    00000054     lcd.obj (.bss:lastbuffer$3)
                  200012c4    00000034     (.common:isr_char_buffer)
                  200012f8    00000014     (.common:buffer)
                  2000130c    00000004     (.common:_timeout_ticks)

.data      0    20001310    0000000e     UNINITIALIZED
                  20001310    00000004     lab5_template.obj (.data)
                  20001314    00000004     libcybotUART.lib : uart.obj (.data)
                  20001318    00000004     rtsv7M4_T_le_v4SPD16_eabi.lib : errno.c.obj (.data)
                  2000131c    00000001     Timer.obj (.data)
                  2000131d    00000001     button.obj (.data)

.stack     0    20000270    00001000     UNINITIALIZED
                  20000270    00000004     rtsv7M4_T_le_v4SPD16_eabi.lib : boot_cortex_m.c.obj (.stack)
                  20000274    00000ffc     --HOLE--

__llvm_prf_cnts 
*          0    20000000    00000000     UNINITIALIZED

MODULE SUMMARY

       Module                         code    ro data   rw data
       ------                         ----    -------   -------
    .\
       lcd.obj                        824     8         84     
       tm4c123gh6pm_startup_ccs.obj   12      620       0      
       Timer.obj                      584     0         5      
       lab5_template.obj              408     0         24     
       uart.obj                       308     0         0      
       button.obj                     136     0         1      
    +--+------------------------------+-------+---------+---------+
       Total:                         2272    628       114    
                                                               
    ../libcybotUART.lib
       uart.obj                       680     0         56     
    +--+------------------------------+-------+---------+---------+
       Total:                         680     0         56     
                                                               
    C:/ti/TivaWare_C_Series-2.2.0.295/driverlib/ccs/Debug/driverlib.lib
       interrupt.obj                  52      0         620    
    +--+------------------------------+-------+---------+---------+
       Total:                         52      0         620    
                                                               
    C:\ti\ccs1230\ccs\tools\compiler\ti-cgt-arm_20.2.7.LTS\lib\rtsv7M4_T_le_v4SPD16_eabi.lib
       _printfi.c.obj                 4851    0         0      
       fd_add_t2.asm.obj              438     0         0      
       fd_div_t2.asm.obj              310     0         0      
       s_scalbn.c.obj                 272     0         0      
       fd_cmp_t2.asm.obj              268     0         0      
       ctype.c.obj                    0       257       0      
       fd_mul_t2.asm.obj              252     0         0      
       memcpy_t2.asm.obj              156     0         0      
       ull_div_t2.asm.obj             150     0         0      
       vsnprintf.c.obj                136     0         0      
       memset_t2.asm.obj              122     0         0      
       copy_decompress_lzss.c.obj     104     0         0      
       s_frexp.c.obj                  100     0         0      
       sprintf.c.obj                  98      0         0      
       _ltoa.c.obj                    84      0         0      
       atoi.c.obj                     76      0         0      
       fd_toi_t2.asm.obj              72      0         0      
       autoinit.c.obj                 68      0         0      
       boot_cortex_m.c.obj            52      0         0      
       i_tofd_t2.asm.obj              46      0         0      
       copy_zero_init.c.obj           28      0         0      
       memccpy.c.obj                  28      0         0      
       s_copysign.c.obj               26      0         0      
       strcmp.c.obj                   24      0         0      
       strchr.c.obj                   22      0         0      
       strcpy.c.obj                   20      0         0      
       strlen.c.obj                   20      0         0      
       wcslen.c.obj                   18      0         0      
       copy_decompress_none.c.obj     14      0         0      
       errno.c.obj                    8       0         4      
       exit.c.obj                     4       0         0      
       pre_init.c.obj                 4       0         0      
       div0.asm.obj                   2       0         0      
    +--+------------------------------+-------+---------+---------+
       Total:                         7873    257       4      
                                                               
       Stack:                         0       0         4096   
       Linker Generated:              0       59        0      
    +--+------------------------------+-------+---------+---------+
       Grand Total:                   10877   944       4890   


LINKER GENERATED COPY TABLES

__TI_cinit_table @ 00002e28 records: 3, size/record: 8, table size: 24
	.bss: load addr=00002e10, load size=00000008 bytes, run addr=20001270, run size=000000a0 bytes, compression=zero_init
	.vtable: load addr=00002e18, load size=00000008 bytes, run addr=20000000, run size=0000026c bytes, compression=zero_init
	.data: load addr=00002e20, load size=00000007 bytes, run addr=20001310, run size=0000000e bytes, compression=lzss


LINKER GENERATED HANDLER TABLE

__TI_handler_table @ 00002e00 records: 3, size/record: 4, table size: 12
	index: 0, handler: __TI_zero_init
	index: 1, handler: __TI_decompress_lzss
	index: 2, handler: __TI_decompress_none


GLOBAL SYMBOLS: SORTED ALPHABETICALLY BY Name 

address   name                          
-------   ----                          
00002ced  C$$EXIT                       
00002afd  IntRegister                   
00002ccb  ResetISR                      
20001270  __STACK_END                   
00001000  __STACK_SIZE                  
20000470  __STACK_TOP                   
00002e28  __TI_CINIT_Base               
00002e40  __TI_CINIT_Limit              
00002e00  __TI_Handler_Table_Base       
00002e0c  __TI_Handler_Table_Limit      
000029f9  __TI_auto_init_nobinit_nopinit
0000279d  __TI_decompress_lzss          
00002cbd  __TI_decompress_none          
000028bf  __TI_ltoa                     
ffffffff  __TI_pprof_out_hndl           
0000026d  __TI_printfi                  
ffffffff  __TI_prof_data_size           
ffffffff  __TI_prof_data_start          
00000000  __TI_static_base__            
00002bc3  __TI_zero_init_nomemset       
000025a9  __aeabi_cdcmpeq               
000025a9  __aeabi_cdcmple               
0000262f  __aeabi_cdrcmple              
000029b1  __aeabi_d2iz                  
0000191f  __aeabi_dadd                  
00001da1  __aeabi_ddiv                  
00002241  __aeabi_dmul                  
00001915  __aeabi_dsub                  
00002ce1  __aeabi_errno_addr            
00002b95  __aeabi_i2d                   
00000cbb  __aeabi_idiv0                 
00000cbb  __aeabi_ldiv0                 
000026b5  __aeabi_memclr                
000026b5  __aeabi_memclr4               
000026b5  __aeabi_memclr8               
000023ef  __aeabi_memcpy                
000023ef  __aeabi_memcpy4               
000023ef  __aeabi_memcpy8               
000026b7  __aeabi_memset                
000026b7  __aeabi_memset4               
000026b7  __aeabi_memset8               
0000248b  __aeabi_uldivmod              
ffffffff  __binit__                     
ffffffff  __c_args__                    
UNDEFED   __mpu_init                    
20000270  __stack                       
20000000  __start___llvm_prf_cnts       
20000000  __stop___llvm_prf_cnts        
00002b31  _c_int00_noargs               
00002cf0  _ctypes_                      
2000131c  _running                      
UNDEFED   _system_post_cinit            
00002ce9  _system_pre_init              
2000130c  _timeout_ticks                
00002ced  abort                         
00002965  atoi                          
ffffffff  binit                         
200012f8  buffer                        
00002559  button_getButton              
00002521  button_init                   
00002bfb  copysign                      
00002bfb  copysignl                     
00001231  cyBot_UART1_Handler           
00001223  cyBot_getByte_blocking        
00001203  cyBot_getByte_nonblocking     
00000fe5  cyBot_sendByte                
000011e9  cyBot_uart_flush              
00001153  cyBot_uart_init               
000010f3  cyBot_uart_init_PHJ_first_half
0000109b  cyBot_uart_init_clean         
00001023  cyBot_uart_init_last_half     
0000100b  cyBot_uart_sendBuffer         
00000ff1  cyBot_uart_sendStr            
20001318  errno                         
00002805  frexp                         
00002805  frexpl                        
20000000  g_pfnRAMVectors               
00000000  g_pfnVectors                  
00001b3d  getMessage                    
20001310  index                         
200012c4  isr_char_buffer               
20001314  isr_counter                   
00001b5d  lcdBuffer                     
00002cad  lcd_clear                     
00000e91  lcd_gotoLine                  
00000cf9  lcd_init                      
00000ef7  lcd_printf                    
00000db9  lcd_putc                      
00000df1  lcd_puts                      
00000cbd  lcd_reverseNibble             
00000e0f  lcd_sendCommand               
00000e4d  lcd_sendNibble                
00000eb9  lcd_setCursorPos              
00002131  ldexp                         
00002131  ldexpl                        
00001acd  main                          
00002bdf  memccpy                       
000023ef  memcpy                        
000026bd  memset                        
00002131  scalbn                        
00002131  scalbnl                       
00002a3d  sprintf                       
00002c5d  strchr                        
00002c45  strcmp                        
00002c73  strcpy                        
00002c87  strlen                        
0000161b  timer_getMicros               
000015c3  timer_getMillis               
000014fd  timer_init                    
0000159f  timer_pause                   
000015b1  timer_resume                  
00001575  timer_stop                    
00001675  timer_waitMicros              
000016a7  timer_waitMillis              
00001ed9  uart_init                     
00001f7f  uart_receive                  
00001f5b  uart_sendChar                 
00001fad  uart_sendStr                  
00002a7d  vsnprintf                     
00002c9b  wcslen                        


GLOBAL SYMBOLS: SORTED BY Symbol Address 

address   name                          
-------   ----                          
00000000  __TI_static_base__            
00000000  g_pfnVectors                  
0000026d  __TI_printfi                  
00000cbb  __aeabi_idiv0                 
00000cbb  __aeabi_ldiv0                 
00000cbd  lcd_reverseNibble             
00000cf9  lcd_init                      
00000db9  lcd_putc                      
00000df1  lcd_puts                      
00000e0f  lcd_sendCommand               
00000e4d  lcd_sendNibble                
00000e91  lcd_gotoLine                  
00000eb9  lcd_setCursorPos              
00000ef7  lcd_printf                    
00000fe5  cyBot_sendByte                
00000ff1  cyBot_uart_sendStr            
00001000  __STACK_SIZE                  
0000100b  cyBot_uart_sendBuffer         
00001023  cyBot_uart_init_last_half     
0000109b  cyBot_uart_init_clean         
000010f3  cyBot_uart_init_PHJ_first_half
00001153  cyBot_uart_init               
000011e9  cyBot_uart_flush              
00001203  cyBot_getByte_nonblocking     
00001223  cyBot_getByte_blocking        
00001231  cyBot_UART1_Handler           
000014fd  timer_init                    
00001575  timer_stop                    
0000159f  timer_pause                   
000015b1  timer_resume                  
000015c3  timer_getMillis               
0000161b  timer_getMicros               
00001675  timer_waitMicros              
000016a7  timer_waitMillis              
00001915  __aeabi_dsub                  
0000191f  __aeabi_dadd                  
00001acd  main                          
00001b3d  getMessage                    
00001b5d  lcdBuffer                     
00001da1  __aeabi_ddiv                  
00001ed9  uart_init                     
00001f5b  uart_sendChar                 
00001f7f  uart_receive                  
00001fad  uart_sendStr                  
00002131  ldexp                         
00002131  ldexpl                        
00002131  scalbn                        
00002131  scalbnl                       
00002241  __aeabi_dmul                  
000023ef  __aeabi_memcpy                
000023ef  __aeabi_memcpy4               
000023ef  __aeabi_memcpy8               
000023ef  memcpy                        
0000248b  __aeabi_uldivmod              
00002521  button_init                   
00002559  button_getButton              
000025a9  __aeabi_cdcmpeq               
000025a9  __aeabi_cdcmple               
0000262f  __aeabi_cdrcmple              
000026b5  __aeabi_memclr                
000026b5  __aeabi_memclr4               
000026b5  __aeabi_memclr8               
000026b7  __aeabi_memset                
000026b7  __aeabi_memset4               
000026b7  __aeabi_memset8               
000026bd  memset                        
0000279d  __TI_decompress_lzss          
00002805  frexp                         
00002805  frexpl                        
000028bf  __TI_ltoa                     
00002965  atoi                          
000029b1  __aeabi_d2iz                  
000029f9  __TI_auto_init_nobinit_nopinit
00002a3d  sprintf                       
00002a7d  vsnprintf                     
00002afd  IntRegister                   
00002b31  _c_int00_noargs               
00002b95  __aeabi_i2d                   
00002bc3  __TI_zero_init_nomemset       
00002bdf  memccpy                       
00002bfb  copysign                      
00002bfb  copysignl                     
00002c45  strcmp                        
00002c5d  strchr                        
00002c73  strcpy                        
00002c87  strlen                        
00002c9b  wcslen                        
00002cad  lcd_clear                     
00002cbd  __TI_decompress_none          
00002ccb  ResetISR                      
00002ce1  __aeabi_errno_addr            
00002ce9  _system_pre_init              
00002ced  C$$EXIT                       
00002ced  abort                         
00002cf0  _ctypes_                      
00002e00  __TI_Handler_Table_Base       
00002e0c  __TI_Handler_Table_Limit      
00002e28  __TI_CINIT_Base               
00002e40  __TI_CINIT_Limit              
20000000  __start___llvm_prf_cnts       
20000000  __stop___llvm_prf_cnts        
20000000  g_pfnRAMVectors               
20000270  __stack                       
20000470  __STACK_TOP                   
20001270  __STACK_END                   
200012c4  isr_char_buffer               
200012f8  buffer                        
2000130c  _timeout_ticks                
20001310  index                         
20001314  isr_counter                   
20001318  errno                         
2000131c  _running                      
ffffffff  __TI_pprof_out_hndl           
ffffffff  __TI_prof_data_size           
ffffffff  __TI_prof_data_start          
ffffffff  __binit__                     
ffffffff  __c_args__                    
ffffffff  binit                         
UNDEFED   __mpu_init                    
UNDEFED   _system_post_cinit            

[120 symbols]
