******************************************************************************
                  TI ARM Linker PC v20.2.7                     
******************************************************************************
>> Linked Mon Mar 25 19:15:13 2024

OUTPUT FILE NAME:   <Lab8.out>
ENTRY POINT SYMBOL: "_c_int00_noargs"  address: 00003295


MEMORY CONFIGURATION

         name            origin    length      used     unused   attr    fill
----------------------  --------  ---------  --------  --------  ----  --------
  FLASH                 00000000   00040000  000035f0  0003ca10  R  X
  SRAM                  20000000   00008000  000012c9  00006d37  RW X


SEGMENT ALLOCATION MAP

run origin  load origin   length   init length attrs members
----------  ----------- ---------- ----------- ----- -------
00000000    00000000    000035f8   000035f8    r-x
  00000000    00000000    0000026c   0000026c    r-- .intvecs
  0000026c    0000026c    00003208   00003208    r-x .text
  00003478    00003478    0000013c   0000013c    r-- .const
  000035b8    000035b8    00000040   00000040    r-- .cinit
20000000    20000000    000012cd   00000000    rw-
  20000000    20000000    0000026c   00000000    rw- .vtable
  20000270    20000270    00001000   00000000    rw- .stack
  20001270    20001270    00000058   00000000    rw- .bss
  200012c8    200012c8    00000005   00000000    rw- .data


SECTION ALLOCATION MAP

 output                                  attributes/
section   page    origin      length       input sections
--------  ----  ----------  ----------   ----------------
.intvecs   0    00000000    0000026c     
                  00000000    0000026c     tm4c123gh6pm_startup_ccs.obj (.intvecs)

.text      0    0000026c    00003208     
                  0000026c    00000a4e     rtsv7M4_T_le_v4SPD16_eabi.lib : _printfi.c.obj (.text:__TI_printfi)
                  00000cba    00000002                                   : div0.asm.obj (.text)
                  00000cbc    000009d0                                   : e_pow.c.obj (.text:pow)
                  0000168c    00000328     lcd.obj (.text)
                  000019b4    00000270     rtsv7M4_T_le_v4SPD16_eabi.lib : _printfi.c.obj (.text:_pconv_a)
                  00001c24    00000248     Timer.obj (.text)
                  00001e6c    000001d0     rtsv7M4_T_le_v4SPD16_eabi.lib : _printfi.c.obj (.text:_pconv_g)
                  0000203c    000001b6                                   : fd_add_t2.asm.obj (.text)
                  000021f2    00000002     --HOLE-- [fill = 0]
                  000021f4    00000158                                   : e_sqrt.c.obj (.text:sqrt)
                  0000234c    0000013c                                   : _printfi.c.obj (.text:_pconv_e)
                  00002488    00000136                                   : fd_div_t2.asm.obj (.text)
                  000025be    00000002     --HOLE-- [fill = 0]
                  000025c0    00000124                                   : _printfi.c.obj (.text:fcvt)
                  000026e4    00000110                                   : s_scalbn.c.obj (.text:scalbn)
                  000027f4    000000fc                                   : fd_mul_t2.asm.obj (.text)
                  000028f0    000000e4     adc.obj (.text)
                  000029d4    000000b1     rtsv7M4_T_le_v4SPD16_eabi.lib : _printfi.c.obj (.text:_ltostr)
                  00002a85    00000003     --HOLE-- [fill = 0]
                  00002a88    000000ac     main.obj (.text)
                  00002b34    0000009c     rtsv7M4_T_le_v4SPD16_eabi.lib : memcpy_t2.asm.obj (.text)
                  00002bd0    00000096                                   : ull_div_t2.asm.obj (.text)
                  00002c66    00000086                                   : fd_cmp_t2.asm.obj (.text:__aeabi_cdcmple)
                  00002cec    00000086                                   : fd_cmp_t2.asm.obj (.text:__aeabi_cdrcmple)
                  00002d72    0000007a                                   : memset_t2.asm.obj (.text)
                  00002dec    0000006e                                   : _printfi.c.obj (.text:_mcpy)
                  00002e5a    0000006e                                   : fd_tos_t2.asm.obj (.text)
                  00002ec8    00000068                                   : copy_decompress_lzss.c.obj (.text:decompress:lzss:__TI_decompress_lzss)
                  00002f30    00000064                                   : s_frexp.c.obj (.text:frexp)
                  00002f94    00000056                                   : _printfi.c.obj (.text:_pconv_f)
                  00002fea    00000054                                   : _ltoa.c.obj (.text:__TI_ltoa)
                  0000303e    00000052                                   : _printfi.c.obj (.text:_ecpy)
                  00003090    0000004c                                   : atoi.c.obj (.text:atoi)
                  000030dc    00000048                                   : fd_toi_t2.asm.obj (.text)
                  00003124    00000044                                   : autoinit.c.obj (.text:__TI_auto_init_nobinit_nopinit:__TI_auto_init_nobinit_nopinit)
                  00003168    00000040                                   : sprintf.c.obj (.text:sprintf)
                  000031a8    00000040                                   : vsnprintf.c.obj (.text:vsnprintf)
                  000031e8    0000003e                                   : _printfi.c.obj (.text:_fcpy)
                  00003226    00000038                                   : fs_tod_t2.asm.obj (.text)
                  0000325e    00000002     --HOLE-- [fill = 0]
                  00003260    00000034     driverlib.lib : interrupt.obj (.text:IntRegister)
                  00003294    00000034     rtsv7M4_T_le_v4SPD16_eabi.lib : boot_cortex_m.c.obj (.text:_c_int00_noargs:_c_int00_noargs)
                  000032c8    00000030                                   : vsnprintf.c.obj (.text:_outs)
                  000032f8    0000002e                                   : i_tofd_t2.asm.obj (.text)
                  00003326    00000020                                   : u_tofd_t2.asm.obj (.text)
                  00003346    0000001c                                   : copy_zero_init.c.obj (.text:decompress:ZI:__TI_zero_init_nomemset:__TI_zero_init_nomemset)
                  00003362    0000001c                                   : memccpy.c.obj (.text:memccpy)
                  0000337e    0000001a                                   : s_copysign.c.obj (.text:copysign)
                  00003398    00000018                                   : vsnprintf.c.obj (.text:_outc)
                  000033b0    00000018                                   : sprintf.c.obj (.text:_outs)
                  000033c8    00000018                                   : strcmp.c.obj (.text:strcmp)
                  000033e0    00000016                                   : strchr.c.obj (.text:strchr)
                  000033f6    00000014                                   : strcpy.c.obj (.text:strcpy)
                  0000340a    00000014                                   : strlen.c.obj (.text:strlen)
                  0000341e    00000012                                   : wcslen.c.obj (.text:wcslen)
                  00003430    00000010     lcd.obj (.text:lcd_clear)
                  00003440    0000000e     rtsv7M4_T_le_v4SPD16_eabi.lib : copy_decompress_none.c.obj (.text:decompress:none:__TI_decompress_none)
                  0000344e    0000000c     tm4c123gh6pm_startup_ccs.obj (.text)
                  0000345a    0000000a     rtsv7M4_T_le_v4SPD16_eabi.lib : sprintf.c.obj (.text:_outc)
                  00003464    00000008                                   : errno.c.obj (.text:__aeabi_errno_addr)
                  0000346c    00000004                                   : pre_init.c.obj (.text:_system_pre_init)
                  00003470    00000004                                   : exit.c.obj (.text:abort:abort)

.const     0    00003478    0000013c     
                  00003478    00000101     rtsv7M4_T_le_v4SPD16_eabi.lib : ctype.c.obj (.const:.string:_ctypes_)
                  00003579    00000004     lcd.obj (.const:.string:lineAddress$1)
                  0000357d    00000003     --HOLE-- [fill = 0]
                  00003580    00000030     rtsv7M4_T_le_v4SPD16_eabi.lib : e_pow.c.obj (.const:$O1$$)
                  000035b0    00000004     lcd.obj (.const:.string:lineAddresses$2)

.cinit     0    000035b8    00000040     
                  000035b8    0000000c     (__TI_handler_table)
                  000035c4    00000004     --HOLE-- [fill = 0]
                  000035c8    00000008     (.cinit..bss.load) [load image, compression = zero_init]
                  000035d0    00000008     (.cinit..vtable.load) [load image, compression = zero_init]
                  000035d8    00000007     (.cinit..data.load) [load image, compression = lzss]
                  000035df    00000001     --HOLE-- [fill = 0]
                  000035e0    00000018     (__TI_cinit_table)

.init_array 
*          0    00000000    00000000     UNINITIALIZED

.vtable    0    20000000    0000026c     UNINITIALIZED
                  20000000    0000026c     driverlib.lib : interrupt.obj (.vtable)

.bss       0    20001270    00000058     UNINITIALIZED
                  20001270    00000054     lcd.obj (.bss:lastbuffer$3)
                  200012c4    00000004     (.common:_timeout_ticks)

.data      0    200012c8    00000005     UNINITIALIZED
                  200012c8    00000004     rtsv7M4_T_le_v4SPD16_eabi.lib : errno.c.obj (.data)
                  200012cc    00000001     Timer.obj (.data)

.stack     0    20000270    00001000     UNINITIALIZED
                  20000270    00000004     rtsv7M4_T_le_v4SPD16_eabi.lib : boot_cortex_m.c.obj (.stack)
                  20000274    00000ffc     --HOLE--

__llvm_prf_cnts 
*          0    20000000    00000000     UNINITIALIZED

MODULE SUMMARY

       Module                         code    ro data   rw data
       ------                         ----    -------   -------
    .\
       lcd.obj                        824     8         84     
       tm4c123gh6pm_startup_ccs.obj   12      620       0      
       Timer.obj                      584     0         5      
       adc.obj                        228     0         0      
       main.obj                       172     0         0      
    +--+------------------------------+-------+---------+---------+
       Total:                         1820    628       89     
                                                               
    C:/ti/TivaWare_C_Series-2.2.0.295/driverlib/ccs/Debug/driverlib.lib
       interrupt.obj                  52      0         620    
    +--+------------------------------+-------+---------+---------+
       Total:                         52      0         620    
                                                               
    C:\ti\ccs1230\ccs\tools\compiler\ti-cgt-arm_20.2.7.LTS\lib\rtsv7M4_T_le_v4SPD16_eabi.lib
       _printfi.c.obj                 4851    0         0      
       e_pow.c.obj                    2512    48        0      
       fd_add_t2.asm.obj              438     0         0      
       e_sqrt.c.obj                   344     0         0      
       fd_div_t2.asm.obj              310     0         0      
       s_scalbn.c.obj                 272     0         0      
       fd_cmp_t2.asm.obj              268     0         0      
       ctype.c.obj                    0       257       0      
       fd_mul_t2.asm.obj              252     0         0      
       memcpy_t2.asm.obj              156     0         0      
       ull_div_t2.asm.obj             150     0         0      
       vsnprintf.c.obj                136     0         0      
       memset_t2.asm.obj              122     0         0      
       fd_tos_t2.asm.obj              110     0         0      
       copy_decompress_lzss.c.obj     104     0         0      
       s_frexp.c.obj                  100     0         0      
       sprintf.c.obj                  98      0         0      
       _ltoa.c.obj                    84      0         0      
       atoi.c.obj                     76      0         0      
       fd_toi_t2.asm.obj              72      0         0      
       autoinit.c.obj                 68      0         0      
       fs_tod_t2.asm.obj              56      0         0      
       boot_cortex_m.c.obj            52      0         0      
       i_tofd_t2.asm.obj              46      0         0      
       u_tofd_t2.asm.obj              32      0         0      
       copy_zero_init.c.obj           28      0         0      
       memccpy.c.obj                  28      0         0      
       s_copysign.c.obj               26      0         0      
       strcmp.c.obj                   24      0         0      
       strchr.c.obj                   22      0         0      
       strcpy.c.obj                   20      0         0      
       strlen.c.obj                   20      0         0      
       wcslen.c.obj                   18      0         0      
       copy_decompress_none.c.obj     14      0         0      
       errno.c.obj                    8       0         4      
       exit.c.obj                     4       0         0      
       pre_init.c.obj                 4       0         0      
       div0.asm.obj                   2       0         0      
    +--+------------------------------+-------+---------+---------+
       Total:                         10927   305       4      
                                                               
       Stack:                         0       0         4096   
       Linker Generated:              0       59        0      
    +--+------------------------------+-------+---------+---------+
       Grand Total:                   12799   992       4809   


LINKER GENERATED COPY TABLES

__TI_cinit_table @ 000035e0 records: 3, size/record: 8, table size: 24
	.bss: load addr=000035c8, load size=00000008 bytes, run addr=20001270, run size=00000058 bytes, compression=zero_init
	.vtable: load addr=000035d0, load size=00000008 bytes, run addr=20000000, run size=0000026c bytes, compression=zero_init
	.data: load addr=000035d8, load size=00000007 bytes, run addr=200012c8, run size=00000005 bytes, compression=lzss


LINKER GENERATED HANDLER TABLE

__TI_handler_table @ 000035b8 records: 3, size/record: 4, table size: 12
	index: 0, handler: __TI_zero_init
	index: 1, handler: __TI_decompress_lzss
	index: 2, handler: __TI_decompress_none


GLOBAL SYMBOLS: SORTED ALPHABETICALLY BY Name 

address   name                          
-------   ----                          
00003471  C$$EXIT                       
00003261  IntRegister                   
0000344f  ResetISR                      
20001270  __STACK_END                   
00001000  __STACK_SIZE                  
20000470  __STACK_TOP                   
000035e0  __TI_CINIT_Base               
000035f8  __TI_CINIT_Limit              
000035b8  __TI_Handler_Table_Base       
000035c4  __TI_Handler_Table_Limit      
00003125  __TI_auto_init_nobinit_nopinit
00002ec9  __TI_decompress_lzss          
00003441  __TI_decompress_none          
00002feb  __TI_ltoa                     
ffffffff  __TI_pprof_out_hndl           
0000026d  __TI_printfi                  
ffffffff  __TI_prof_data_size           
ffffffff  __TI_prof_data_start          
00000000  __TI_static_base__            
00003347  __TI_zero_init_nomemset       
00002c67  __aeabi_cdcmpeq               
00002c67  __aeabi_cdcmple               
00002ced  __aeabi_cdrcmple              
00002e5b  __aeabi_d2f                   
000030dd  __aeabi_d2iz                  
00002047  __aeabi_dadd                  
00002489  __aeabi_ddiv                  
000027f5  __aeabi_dmul                  
0000203d  __aeabi_dsub                  
00003465  __aeabi_errno_addr            
00003227  __aeabi_f2d                   
000032f9  __aeabi_i2d                   
00000cbb  __aeabi_idiv0                 
00000cbb  __aeabi_ldiv0                 
00002d73  __aeabi_memclr                
00002d73  __aeabi_memclr4               
00002d73  __aeabi_memclr8               
00002b35  __aeabi_memcpy                
00002b35  __aeabi_memcpy4               
00002b35  __aeabi_memcpy8               
00002d75  __aeabi_memset                
00002d75  __aeabi_memset4               
00002d75  __aeabi_memset8               
00003327  __aeabi_ui2d                  
00002bd1  __aeabi_uldivmod              
ffffffff  __binit__                     
ffffffff  __c_args__                    
UNDEFED   __mpu_init                    
20000270  __stack                       
20000000  __start___llvm_prf_cnts       
20000000  __stop___llvm_prf_cnts        
00003295  _c_int00_noargs               
00003478  _ctypes_                      
200012cc  _running                      
UNDEFED   _system_post_cinit            
0000346d  _system_pre_init              
200012c4  _timeout_ticks                
00003471  abort                         
000028f1  adc_init                      
0000296f  adc_read                      
00003091  atoi                          
ffffffff  binit                         
0000337f  copysign                      
0000337f  copysignl                     
200012c8  errno                         
00002f31  frexp                         
00002f31  frexpl                        
20000000  g_pfnRAMVectors               
00000000  g_pfnVectors                  
00003431  lcd_clear                     
00001861  lcd_gotoLine                  
000016c9  lcd_init                      
000018c7  lcd_printf                    
00001789  lcd_putc                      
000017c1  lcd_puts                      
0000168d  lcd_reverseNibble             
000017df  lcd_sendCommand               
0000181d  lcd_sendNibble                
00001889  lcd_setCursorPos              
000026e5  ldexp                         
000026e5  ldexpl                        
00002a89  main                          
00003363  memccpy                       
00002b35  memcpy                        
00002d7b  memset                        
00000cbd  pow                           
00000cbd  powl                          
000026e5  scalbn                        
000026e5  scalbnl                       
00003169  sprintf                       
000021f5  sqrt                          
000021f5  sqrtl                         
000033e1  strchr                        
000033c9  strcmp                        
000033f7  strcpy                        
0000340b  strlen                        
00001d43  timer_getMicros               
00001ceb  timer_getMillis               
00001c25  timer_init                    
00001cc7  timer_pause                   
00001cd9  timer_resume                  
00001c9d  timer_stop                    
00001d9d  timer_waitMicros              
00001dcf  timer_waitMillis              
000031a9  vsnprintf                     
0000341f  wcslen                        


GLOBAL SYMBOLS: SORTED BY Symbol Address 

address   name                          
-------   ----                          
00000000  __TI_static_base__            
00000000  g_pfnVectors                  
0000026d  __TI_printfi                  
00000cbb  __aeabi_idiv0                 
00000cbb  __aeabi_ldiv0                 
00000cbd  pow                           
00000cbd  powl                          
00001000  __STACK_SIZE                  
0000168d  lcd_reverseNibble             
000016c9  lcd_init                      
00001789  lcd_putc                      
000017c1  lcd_puts                      
000017df  lcd_sendCommand               
0000181d  lcd_sendNibble                
00001861  lcd_gotoLine                  
00001889  lcd_setCursorPos              
000018c7  lcd_printf                    
00001c25  timer_init                    
00001c9d  timer_stop                    
00001cc7  timer_pause                   
00001cd9  timer_resume                  
00001ceb  timer_getMillis               
00001d43  timer_getMicros               
00001d9d  timer_waitMicros              
00001dcf  timer_waitMillis              
0000203d  __aeabi_dsub                  
00002047  __aeabi_dadd                  
000021f5  sqrt                          
000021f5  sqrtl                         
00002489  __aeabi_ddiv                  
000026e5  ldexp                         
000026e5  ldexpl                        
000026e5  scalbn                        
000026e5  scalbnl                       
000027f5  __aeabi_dmul                  
000028f1  adc_init                      
0000296f  adc_read                      
00002a89  main                          
00002b35  __aeabi_memcpy                
00002b35  __aeabi_memcpy4               
00002b35  __aeabi_memcpy8               
00002b35  memcpy                        
00002bd1  __aeabi_uldivmod              
00002c67  __aeabi_cdcmpeq               
00002c67  __aeabi_cdcmple               
00002ced  __aeabi_cdrcmple              
00002d73  __aeabi_memclr                
00002d73  __aeabi_memclr4               
00002d73  __aeabi_memclr8               
00002d75  __aeabi_memset                
00002d75  __aeabi_memset4               
00002d75  __aeabi_memset8               
00002d7b  memset                        
00002e5b  __aeabi_d2f                   
00002ec9  __TI_decompress_lzss          
00002f31  frexp                         
00002f31  frexpl                        
00002feb  __TI_ltoa                     
00003091  atoi                          
000030dd  __aeabi_d2iz                  
00003125  __TI_auto_init_nobinit_nopinit
00003169  sprintf                       
000031a9  vsnprintf                     
00003227  __aeabi_f2d                   
00003261  IntRegister                   
00003295  _c_int00_noargs               
000032f9  __aeabi_i2d                   
00003327  __aeabi_ui2d                  
00003347  __TI_zero_init_nomemset       
00003363  memccpy                       
0000337f  copysign                      
0000337f  copysignl                     
000033c9  strcmp                        
000033e1  strchr                        
000033f7  strcpy                        
0000340b  strlen                        
0000341f  wcslen                        
00003431  lcd_clear                     
00003441  __TI_decompress_none          
0000344f  ResetISR                      
00003465  __aeabi_errno_addr            
0000346d  _system_pre_init              
00003471  C$$EXIT                       
00003471  abort                         
00003478  _ctypes_                      
000035b8  __TI_Handler_Table_Base       
000035c4  __TI_Handler_Table_Limit      
000035e0  __TI_CINIT_Base               
000035f8  __TI_CINIT_Limit              
20000000  __start___llvm_prf_cnts       
20000000  __stop___llvm_prf_cnts        
20000000  g_pfnRAMVectors               
20000270  __stack                       
20000470  __STACK_TOP                   
20001270  __STACK_END                   
200012c4  _timeout_ticks                
200012c8  errno                         
200012cc  _running                      
ffffffff  __TI_pprof_out_hndl           
ffffffff  __TI_prof_data_size           
ffffffff  __TI_prof_data_start          
ffffffff  __binit__                     
ffffffff  __c_args__                    
ffffffff  binit                         
UNDEFED   __mpu_init                    
UNDEFED   _system_post_cinit            

[106 symbols]
