******************************************************************************
                  TI ARM Linker PC v20.2.7                     
******************************************************************************
>> Linked Mon Mar 18 17:27:32 2024

OUTPUT FILE NAME:   <Lab6_2.out>
ENTRY POINT SYMBOL: "_c_int00_noargs"  address: 00002d81


MEMORY CONFIGURATION

         name            origin    length      used     unused   attr    fill
----------------------  --------  ---------  --------  --------  ----  --------
  FLASH                 00000000   00040000  00003085  0003cf7b  R  X
  SRAM                  20000000   00008000  000012ee  00006d12  RW X


SEGMENT ALLOCATION MAP

run origin  load origin   length   init length attrs members
----------  ----------- ---------- ----------- ----- -------
00000000    00000000    00003088   00003088    r-x
  00000000    00000000    0000026c   0000026c    r-- .intvecs
  0000026c    0000026c    00002cd0   00002cd0    r-x .text
  00002f3c    00002f3c    00000109   00000109    r-- .const
  00003048    00003048    00000040   00000040    r-- .cinit
20000000    20000000    000012f5   00000000    rw-
  20000000    20000000    0000026c   00000000    rw- .vtable
  20000270    20000270    00001000   00000000    rw- .stack
  20001270    20001270    00000071   00000000    rw- .bss
  200012e4    200012e4    00000011   00000000    rw- .data


SECTION ALLOCATION MAP

 output                                  attributes/
section   page    origin      length       input sections
--------  ----  ----------  ----------   ----------------
.intvecs   0    00000000    0000026c     
                  00000000    0000026c     tm4c123gh6pm_startup_ccs.obj (.intvecs)

.text      0    0000026c    00002cd0     
                  0000026c    00000a4e     rtsv7M4_T_le_v4SPD16_eabi.lib : _printfi.c.obj (.text:__TI_printfi)
                  00000cba    00000002                                   : div0.asm.obj (.text)
                  00000cbc    00000328     lcd.obj (.text)
                  00000fe4    00000270     rtsv7M4_T_le_v4SPD16_eabi.lib : _printfi.c.obj (.text:_pconv_a)
                  00001254    00000260     libcybotScan.lib : cyBot_Scan.obj (.text)
                  000014b4    00000248     Timer.obj (.text)
                  000016fc    000001ec     libcybotScan.lib : ping.obj (.text)
                  000018e8    000001d0     rtsv7M4_T_le_v4SPD16_eabi.lib : _printfi.c.obj (.text:_pconv_g)
                  00001ab8    000001b6                                   : fd_add_t2.asm.obj (.text)
                  00001c6e    00000002     --HOLE-- [fill = 0]
                  00001c70    00000190     uart-interrupt.obj (.text)
                  00001e00    00000158     libcybotScan.lib : servo.obj (.text)
                  00001f58    0000013c     rtsv7M4_T_le_v4SPD16_eabi.lib : _printfi.c.obj (.text:_pconv_e)
                  00002094    00000136                                   : fd_div_t2.asm.obj (.text)
                  000021ca    00000002     --HOLE-- [fill = 0]
                  000021cc    00000124                                   : _printfi.c.obj (.text:fcvt)
                  000022f0    00000118     libcybotScan.lib : ir.obj (.text)
                  00002408    00000110     rtsv7M4_T_le_v4SPD16_eabi.lib : s_scalbn.c.obj (.text:scalbn)
                  00002518    000000fc                                   : fd_mul_t2.asm.obj (.text)
                  00002614    000000b1                                   : _printfi.c.obj (.text:_ltostr)
                  000026c5    00000001     --HOLE-- [fill = 0]
                  000026c6    0000009c                                   : memcpy_t2.asm.obj (.text)
                  00002762    00000096                                   : ull_div_t2.asm.obj (.text)
                  000027f8    00000086                                   : fd_cmp_t2.asm.obj (.text:__aeabi_cdcmple)
                  0000287e    00000086                                   : fd_cmp_t2.asm.obj (.text:__aeabi_cdrcmple)
                  00002904    0000007a                                   : memset_t2.asm.obj (.text)
                  0000297e    0000006e                                   : _printfi.c.obj (.text:_mcpy)
                  000029ec    00000068                                   : copy_decompress_lzss.c.obj (.text:decompress:lzss:__TI_decompress_lzss)
                  00002a54    00000064                                   : s_frexp.c.obj (.text:frexp)
                  00002ab8    00000056                                   : _printfi.c.obj (.text:_pconv_f)
                  00002b0e    00000054                                   : _ltoa.c.obj (.text:__TI_ltoa)
                  00002b62    00000052                                   : _printfi.c.obj (.text:_ecpy)
                  00002bb4    0000004c                                   : atoi.c.obj (.text:atoi)
                  00002c00    00000048                                   : fd_toi_t2.asm.obj (.text)
                  00002c48    00000044                                   : autoinit.c.obj (.text:__TI_auto_init_nobinit_nopinit:__TI_auto_init_nobinit_nopinit)
                  00002c8c    00000040     lab6-interrupt_template.obj (.text)
                  00002ccc    00000040     rtsv7M4_T_le_v4SPD16_eabi.lib : vsnprintf.c.obj (.text:vsnprintf)
                  00002d0c    0000003e                                   : _printfi.c.obj (.text:_fcpy)
                  00002d4a    00000002     --HOLE-- [fill = 0]
                  00002d4c    00000034     driverlib.lib : interrupt.obj (.text:IntRegister)
                  00002d80    00000034     rtsv7M4_T_le_v4SPD16_eabi.lib : boot_cortex_m.c.obj (.text:_c_int00_noargs:_c_int00_noargs)
                  00002db4    00000030                                   : vsnprintf.c.obj (.text:_outs)
                  00002de4    0000002e                                   : i_tofd_t2.asm.obj (.text)
                  00002e12    0000001c                                   : copy_zero_init.c.obj (.text:decompress:ZI:__TI_zero_init_nomemset:__TI_zero_init_nomemset)
                  00002e2e    0000001c                                   : memccpy.c.obj (.text:memccpy)
                  00002e4a    0000001a                                   : s_copysign.c.obj (.text:copysign)
                  00002e64    00000018                                   : vsnprintf.c.obj (.text:_outc)
                  00002e7c    00000018                                   : strcmp.c.obj (.text:strcmp)
                  00002e94    00000016                                   : strchr.c.obj (.text:strchr)
                  00002eaa    00000014                                   : strcpy.c.obj (.text:strcpy)
                  00002ebe    00000014                                   : strlen.c.obj (.text:strlen)
                  00002ed2    00000012                                   : wcslen.c.obj (.text:wcslen)
                  00002ee4    00000010     driverlib.lib : interrupt.obj (.text:IntMasterEnable)
                  00002ef4    00000010     lcd.obj (.text:lcd_clear)
                  00002f04    0000000e     rtsv7M4_T_le_v4SPD16_eabi.lib : copy_decompress_none.c.obj (.text:decompress:none:__TI_decompress_none)
                  00002f12    0000000c     driverlib.lib : cpu.obj (.text:CPUcpsie)
                  00002f1e    0000000c     tm4c123gh6pm_startup_ccs.obj (.text)
                  00002f2a    00000002     --HOLE-- [fill = 0]
                  00002f2c    00000008     rtsv7M4_T_le_v4SPD16_eabi.lib : errno.c.obj (.text:__aeabi_errno_addr)
                  00002f34    00000004                                   : pre_init.c.obj (.text:_system_pre_init)
                  00002f38    00000004                                   : exit.c.obj (.text:abort:abort)

.const     0    00002f3c    00000109     
                  00002f3c    00000101     rtsv7M4_T_le_v4SPD16_eabi.lib : ctype.c.obj (.const:.string:_ctypes_)
                  0000303d    00000004     lcd.obj (.const:.string:lineAddress$1)
                  00003041    00000004     lcd.obj (.const:.string:lineAddresses$2)

.cinit     0    00003048    00000040     
                  00003048    0000000c     (__TI_handler_table)
                  00003054    0000000b     (.cinit..data.load) [load image, compression = lzss]
                  0000305f    00000001     --HOLE-- [fill = 0]
                  00003060    00000008     (.cinit..bss.load) [load image, compression = zero_init]
                  00003068    00000008     (.cinit..vtable.load) [load image, compression = zero_init]
                  00003070    00000018     (__TI_cinit_table)

.init_array 
*          0    00000000    00000000     UNINITIALIZED

.vtable    0    20000000    0000026c     UNINITIALIZED
                  20000000    0000026c     driverlib.lib : interrupt.obj (.vtable)

.bss       0    20001270    00000071     UNINITIALIZED
                  20001270    00000054     lcd.obj (.bss:lastbuffer$3)
                  200012c4    00000004     (.common:_timeout_ticks)
                  200012c8    00000004     (.common:fallingEdge)
                  200012cc    00000004     (.common:isr_int_value)
                  200012d0    00000004     (.common:left_calibration_value)
                  200012d4    00000004     (.common:pulseLength)
                  200012d8    00000004     (.common:right_calibration_value)
                  200012dc    00000004     (.common:risingEdge)
                  200012e0    00000001     (.common:isRisingEdge)

.data      0    200012e4    00000011     UNINITIALIZED
                  200012e4    00000008     uart-interrupt.obj (.data)
                  200012ec    00000004     libcybotScan.lib : cyBot_Scan.obj (.data)
                  200012f0    00000004     rtsv7M4_T_le_v4SPD16_eabi.lib : errno.c.obj (.data)
                  200012f4    00000001     Timer.obj (.data)

.stack     0    20000270    00001000     UNINITIALIZED
                  20000270    00000004     rtsv7M4_T_le_v4SPD16_eabi.lib : boot_cortex_m.c.obj (.stack)
                  20000274    00000ffc     --HOLE--

__llvm_prf_cnts 
*          0    20000000    00000000     UNINITIALIZED

MODULE SUMMARY

       Module                         code    ro data   rw data
       ------                         ----    -------   -------
    .\
       lcd.obj                        824     8         84     
       tm4c123gh6pm_startup_ccs.obj   12      620       0      
       Timer.obj                      584     0         5      
       uart-interrupt.obj             400     0         8      
       lab6-interrupt_template.obj    64      0         8      
    +--+------------------------------+-------+---------+---------+
       Total:                         1884    628       105    
                                                               
    ../libcybotScan.lib
       cyBot_Scan.obj                 608     0         4      
       ping.obj                       492     0         13     
       servo.obj                      344     0         0      
       ir.obj                         280     0         4      
    +--+------------------------------+-------+---------+---------+
       Total:                         1724    0         21     
                                                               
    C:/ti/TivaWare_C_Series-2.2.0.295/driverlib/ccs/Debug/driverlib.lib
       interrupt.obj                  68      0         620    
       cpu.obj                        12      0         0      
    +--+------------------------------+-------+---------+---------+
       Total:                         80      0         620    
                                                               
    C:\ti\ccs1230\ccs\tools\compiler\ti-cgt-arm_20.2.7.LTS\lib\rtsv7M4_T_le_v4SPD16_eabi.lib
       _printfi.c.obj                 4851    0         0      
       fd_add_t2.asm.obj              438     0         0      
       fd_div_t2.asm.obj              310     0         0      
       s_scalbn.c.obj                 272     0         0      
       fd_cmp_t2.asm.obj              268     0         0      
       ctype.c.obj                    0       257       0      
       fd_mul_t2.asm.obj              252     0         0      
       memcpy_t2.asm.obj              156     0         0      
       ull_div_t2.asm.obj             150     0         0      
       vsnprintf.c.obj                136     0         0      
       memset_t2.asm.obj              122     0         0      
       copy_decompress_lzss.c.obj     104     0         0      
       s_frexp.c.obj                  100     0         0      
       _ltoa.c.obj                    84      0         0      
       atoi.c.obj                     76      0         0      
       fd_toi_t2.asm.obj              72      0         0      
       autoinit.c.obj                 68      0         0      
       boot_cortex_m.c.obj            52      0         0      
       i_tofd_t2.asm.obj              46      0         0      
       copy_zero_init.c.obj           28      0         0      
       memccpy.c.obj                  28      0         0      
       s_copysign.c.obj               26      0         0      
       strcmp.c.obj                   24      0         0      
       strchr.c.obj                   22      0         0      
       strcpy.c.obj                   20      0         0      
       strlen.c.obj                   20      0         0      
       wcslen.c.obj                   18      0         0      
       copy_decompress_none.c.obj     14      0         0      
       errno.c.obj                    8       0         4      
       exit.c.obj                     4       0         0      
       pre_init.c.obj                 4       0         0      
       div0.asm.obj                   2       0         0      
    +--+------------------------------+-------+---------+---------+
       Total:                         7775    257       4      
                                                               
       Stack:                         0       0         4096   
       Linker Generated:              0       63        0      
    +--+------------------------------+-------+---------+---------+
       Grand Total:                   11463   948       4846   


LINKER GENERATED COPY TABLES

__TI_cinit_table @ 00003070 records: 3, size/record: 8, table size: 24
	.data: load addr=00003054, load size=0000000b bytes, run addr=200012e4, run size=00000011 bytes, compression=lzss
	.bss: load addr=00003060, load size=00000008 bytes, run addr=20001270, run size=00000071 bytes, compression=zero_init
	.vtable: load addr=00003068, load size=00000008 bytes, run addr=20000000, run size=0000026c bytes, compression=zero_init


LINKER GENERATED HANDLER TABLE

__TI_handler_table @ 00003048 records: 3, size/record: 4, table size: 12
	index: 0, handler: __TI_zero_init
	index: 1, handler: __TI_decompress_lzss
	index: 2, handler: __TI_decompress_none


GLOBAL SYMBOLS: SORTED ALPHABETICALLY BY Name 

address   name                          
-------   ----                          
00002389  ADC0SS0_Handler               
00002f39  C$$EXIT                       
00002f13  CPUcpsie                      
00002ee5  IntMasterEnable               
00002d4d  IntRegister                   
00002f1f  ResetISR                      
000017ed  TIMER3B_Handler               
00001d5d  UART1_Handler                 
20001270  __STACK_END                   
00001000  __STACK_SIZE                  
20000470  __STACK_TOP                   
00003070  __TI_CINIT_Base               
00003088  __TI_CINIT_Limit              
00003048  __TI_Handler_Table_Base       
00003054  __TI_Handler_Table_Limit      
00002c49  __TI_auto_init_nobinit_nopinit
000029ed  __TI_decompress_lzss          
00002f05  __TI_decompress_none          
00002b0f  __TI_ltoa                     
ffffffff  __TI_pprof_out_hndl           
0000026d  __TI_printfi                  
ffffffff  __TI_prof_data_size           
ffffffff  __TI_prof_data_start          
00000000  __TI_static_base__            
00002e13  __TI_zero_init_nomemset       
000027f9  __aeabi_cdcmpeq               
000027f9  __aeabi_cdcmple               
0000287f  __aeabi_cdrcmple              
00002c01  __aeabi_d2iz                  
00001ac3  __aeabi_dadd                  
00002095  __aeabi_ddiv                  
00002519  __aeabi_dmul                  
00001ab9  __aeabi_dsub                  
00002f2d  __aeabi_errno_addr            
00002de5  __aeabi_i2d                   
00000cbb  __aeabi_idiv0                 
00000cbb  __aeabi_ldiv0                 
00002905  __aeabi_memclr                
00002905  __aeabi_memclr4               
00002905  __aeabi_memclr8               
000026c7  __aeabi_memcpy                
000026c7  __aeabi_memcpy4               
000026c7  __aeabi_memcpy8               
00002907  __aeabi_memset                
00002907  __aeabi_memset4               
00002907  __aeabi_memset8               
00002763  __aeabi_uldivmod              
ffffffff  __binit__                     
ffffffff  __c_args__                    
UNDEFED   __mpu_init                    
20000270  __stack                       
20000000  __start___llvm_prf_cnts       
20000000  __stop___llvm_prf_cnts        
00002d81  _c_int00_noargs               
00002f3c  _ctypes_                      
200012f4  _running                      
UNDEFED   _system_post_cinit            
00002f35  _system_pre_init              
200012c4  _timeout_ticks                
00002f39  abort                         
00002bb5  atoi                          
ffffffff  binit                         
200012e4  command_byte                  
200012e8  command_flag                  
00002e4b  copysign                      
00002e4b  copysignl                     
0000132d  cyBOT_SERVO_cal               
000012bb  cyBOT_Scan                    
00001263  cyBOT_init_Scan               
200012ec  cyBOT_scan_features           
00001255  cyBOT_scan_version            
200012f0  errno                         
200012c8  fallingEdge                   
00002a55  frexp                         
00002a55  frexpl                        
20000000  g_pfnRAMVectors               
00000000  g_pfnVectors                  
0000239f  ir_enableInterrupt            
00002381  ir_getDistance                
00002359  ir_getValue                   
000022f1  ir_init                       
200012e0  isRisingEdge                  
200012cc  isr_int_value                 
00002ef5  lcd_clear                     
00000e91  lcd_gotoLine                  
00000cf9  lcd_init                      
00000ef7  lcd_printf                    
00000db9  lcd_putc                      
00000df1  lcd_puts                      
00000cbd  lcd_reverseNibble             
00000e0f  lcd_sendCommand               
00000e4d  lcd_sendNibble                
00000eb9  lcd_setCursorPos              
00002409  ldexp                         
00002409  ldexpl                        
200012d0  left_calibration_value        
00002c8d  main                          
00002e2f  memccpy                       
000026c7  memcpy                        
0000290d  memset                        
0000183f  ping_getDistance              
000016fd  ping_init                     
00001783  ping_trigger                  
200012d4  pulseLength                   
200012d8  right_calibration_value       
200012dc  risingEdge                    
00002409  scalbn                        
00002409  scalbnl                       
00001e01  servo_init                    
00001e91  servo_move                    
00001ef1  servo_setPWM                  
00001e85  servo_stop                    
00002e95  strchr                        
00002e7d  strcmp                        
00002eab  strcpy                        
00002ebf  strlen                        
000015d3  timer_getMicros               
0000157b  timer_getMillis               
000014b5  timer_init                    
00001557  timer_pause                   
00001569  timer_resume                  
0000152d  timer_stop                    
0000162d  timer_waitMicros              
0000165f  timer_waitMillis              
00001c71  uart_interrupt_init           
00001d51  uart_receive                  
00001d2d  uart_sendChar                 
00001d53  uart_sendStr                  
00002ccd  vsnprintf                     
00002ed3  wcslen                        


GLOBAL SYMBOLS: SORTED BY Symbol Address 

address   name                          
-------   ----                          
00000000  __TI_static_base__            
00000000  g_pfnVectors                  
0000026d  __TI_printfi                  
00000cbb  __aeabi_idiv0                 
00000cbb  __aeabi_ldiv0                 
00000cbd  lcd_reverseNibble             
00000cf9  lcd_init                      
00000db9  lcd_putc                      
00000df1  lcd_puts                      
00000e0f  lcd_sendCommand               
00000e4d  lcd_sendNibble                
00000e91  lcd_gotoLine                  
00000eb9  lcd_setCursorPos              
00000ef7  lcd_printf                    
00001000  __STACK_SIZE                  
00001255  cyBOT_scan_version            
00001263  cyBOT_init_Scan               
000012bb  cyBOT_Scan                    
0000132d  cyBOT_SERVO_cal               
000014b5  timer_init                    
0000152d  timer_stop                    
00001557  timer_pause                   
00001569  timer_resume                  
0000157b  timer_getMillis               
000015d3  timer_getMicros               
0000162d  timer_waitMicros              
0000165f  timer_waitMillis              
000016fd  ping_init                     
00001783  ping_trigger                  
000017ed  TIMER3B_Handler               
0000183f  ping_getDistance              
00001ab9  __aeabi_dsub                  
00001ac3  __aeabi_dadd                  
00001c71  uart_interrupt_init           
00001d2d  uart_sendChar                 
00001d51  uart_receive                  
00001d53  uart_sendStr                  
00001d5d  UART1_Handler                 
00001e01  servo_init                    
00001e85  servo_stop                    
00001e91  servo_move                    
00001ef1  servo_setPWM                  
00002095  __aeabi_ddiv                  
000022f1  ir_init                       
00002359  ir_getValue                   
00002381  ir_getDistance                
00002389  ADC0SS0_Handler               
0000239f  ir_enableInterrupt            
00002409  ldexp                         
00002409  ldexpl                        
00002409  scalbn                        
00002409  scalbnl                       
00002519  __aeabi_dmul                  
000026c7  __aeabi_memcpy                
000026c7  __aeabi_memcpy4               
000026c7  __aeabi_memcpy8               
000026c7  memcpy                        
00002763  __aeabi_uldivmod              
000027f9  __aeabi_cdcmpeq               
000027f9  __aeabi_cdcmple               
0000287f  __aeabi_cdrcmple              
00002905  __aeabi_memclr                
00002905  __aeabi_memclr4               
00002905  __aeabi_memclr8               
00002907  __aeabi_memset                
00002907  __aeabi_memset4               
00002907  __aeabi_memset8               
0000290d  memset                        
000029ed  __TI_decompress_lzss          
00002a55  frexp                         
00002a55  frexpl                        
00002b0f  __TI_ltoa                     
00002bb5  atoi                          
00002c01  __aeabi_d2iz                  
00002c49  __TI_auto_init_nobinit_nopinit
00002c8d  main                          
00002ccd  vsnprintf                     
00002d4d  IntRegister                   
00002d81  _c_int00_noargs               
00002de5  __aeabi_i2d                   
00002e13  __TI_zero_init_nomemset       
00002e2f  memccpy                       
00002e4b  copysign                      
00002e4b  copysignl                     
00002e7d  strcmp                        
00002e95  strchr                        
00002eab  strcpy                        
00002ebf  strlen                        
00002ed3  wcslen                        
00002ee5  IntMasterEnable               
00002ef5  lcd_clear                     
00002f05  __TI_decompress_none          
00002f13  CPUcpsie                      
00002f1f  ResetISR                      
00002f2d  __aeabi_errno_addr            
00002f35  _system_pre_init              
00002f39  C$$EXIT                       
00002f39  abort                         
00002f3c  _ctypes_                      
00003048  __TI_Handler_Table_Base       
00003054  __TI_Handler_Table_Limit      
00003070  __TI_CINIT_Base               
00003088  __TI_CINIT_Limit              
20000000  __start___llvm_prf_cnts       
20000000  __stop___llvm_prf_cnts        
20000000  g_pfnRAMVectors               
20000270  __stack                       
20000470  __STACK_TOP                   
20001270  __STACK_END                   
200012c4  _timeout_ticks                
200012c8  fallingEdge                   
200012cc  isr_int_value                 
200012d0  left_calibration_value        
200012d4  pulseLength                   
200012d8  right_calibration_value       
200012dc  risingEdge                    
200012e0  isRisingEdge                  
200012e4  command_byte                  
200012e8  command_flag                  
200012ec  cyBOT_scan_features           
200012f0  errno                         
200012f4  _running                      
ffffffff  __TI_pprof_out_hndl           
ffffffff  __TI_prof_data_size           
ffffffff  __TI_prof_data_start          
ffffffff  __binit__                     
ffffffff  __c_args__                    
ffffffff  binit                         
UNDEFED   __mpu_init                    
UNDEFED   _system_post_cinit            

[130 symbols]
