******************************************************************************
                  TI ARM Linker PC v20.2.7                     
******************************************************************************
>> Linked Thu Mar  7 18:30:50 2024

OUTPUT FILE NAME:   <Lab7.out>
ENTRY POINT SYMBOL: "_c_int00_noargs"  address: 00004809


MEMORY CONFIGURATION

         name            origin    length      used     unused   attr    fill
----------------------  --------  ---------  --------  --------  ----  --------
  FLASH                 00000000   00040000  00004bf9  0003b407  R  X
  SRAM                  20000000   00008000  00002d36  000052ca  RW X


SEGMENT ALLOCATION MAP

run origin  load origin   length   init length attrs members
----------  ----------- ---------- ----------- ----- -------
00000000    00000000    00004c00   00004c00    r-x
  00000000    00000000    0000026c   0000026c    r-- .intvecs
  0000026c    0000026c    000047f0   000047f0    r-x .text
  00004a5c    00004a5c    00000145   00000145    r-- .const
  00004ba8    00004ba8    00000058   00000058    r-- .cinit
20000000    20000000    00002d3d   00000000    rw-
  20000000    20000000    0000026c   00000000    rw- .vtable
  20000270    20000270    00001000   00000000    rw- .stack
  20001270    20001270    00001000   00000000    rw- .sysmem
  20002270    20002270    00000a85   00000000    rw- .bss
  20002cf8    20002cf8    00000045   00000000    rw- .data


SECTION ALLOCATION MAP

 output                                  attributes/
section   page    origin      length       input sections
--------  ----  ----------  ----------   ----------------
.intvecs   0    00000000    0000026c     
                  00000000    0000026c     tm4c123gh6pm_startup_ccs.obj (.intvecs)

.text      0    0000026c    000047f0     
                  0000026c    00000c20     open_interface.obj (.text)
                  00000e8c    00000b7c     movement.obj (.text)
                  00001a08    00000a4e     rtsv7M4_T_le_v4SPD16_eabi.lib : _printfi.c.obj (.text:__TI_printfi)
                  00002456    00000002                                   : _lock.c.obj (.text:_nop)
                  00002458    00000328     lcd.obj (.text)
                  00002780    00000270     rtsv7M4_T_le_v4SPD16_eabi.lib : _printfi.c.obj (.text:_pconv_a)
                  000029f0    00000260     libcybotScan.lib : cyBot_Scan.obj (.text)
                  00002c50    00000248     Timer.obj (.text)
                  00002e98    000001ec     libcybotScan.lib : ping.obj (.text)
                  00003084    000001d0     rtsv7M4_T_le_v4SPD16_eabi.lib : _printfi.c.obj (.text:_pconv_g)
                  00003254    000001b6                                   : fd_add_t2.asm.obj (.text)
                  0000340a    00000002                                   : div0.asm.obj (.text)
                  0000340c    00000158     libcybotScan.lib : servo.obj (.text)
                  00003564    00000148     uart.obj (.text)
                  000036ac    0000013c     rtsv7M4_T_le_v4SPD16_eabi.lib : _printfi.c.obj (.text:_pconv_e)
                  000037e8    00000136                                   : fd_div_t2.asm.obj (.text)
                  0000391e    00000002     --HOLE-- [fill = 0]
                  00003920    00000124                                   : _printfi.c.obj (.text:fcvt)
                  00003a44    00000118     libcybotScan.lib : ir.obj (.text)
                  00003b5c    00000110     rtsv7M4_T_le_v4SPD16_eabi.lib : s_scalbn.c.obj (.text:scalbn)
                  00003c6c    00000100                                   : memory.c.obj (.text:aligned_alloc)
                  00003d6c    000000fc                                   : fd_mul_t2.asm.obj (.text)
                  00003e68    000000e4                                   : memory.c.obj (.text:free)
                  00003f4c    000000b1                                   : _printfi.c.obj (.text:_ltostr)
                  00003ffd    00000001     --HOLE-- [fill = 0]
                  00003ffe    0000009c                                   : memcpy_t2.asm.obj (.text)
                  0000409a    00000096                                   : ull_div_t2.asm.obj (.text)
                  00004130    00000086                                   : fd_cmp_t2.asm.obj (.text:__aeabi_cdcmple)
                  000041b6    00000086                                   : fd_cmp_t2.asm.obj (.text:__aeabi_cdrcmple)
                  0000423c    0000007a                                   : memset_t2.asm.obj (.text)
                  000042b6    00000002     --HOLE-- [fill = 0]
                  000042b8    00000070                                   : memory.c.obj (.text:split)
                  00004328    0000006e                                   : _printfi.c.obj (.text:_mcpy)
                  00004396    0000006e                                   : fd_tos_t2.asm.obj (.text)
                  00004404    00000068                                   : copy_decompress_lzss.c.obj (.text:decompress:lzss:__TI_decompress_lzss)
                  0000446c    00000064                                   : s_frexp.c.obj (.text:frexp)
                  000044d0    00000056                                   : _printfi.c.obj (.text:_pconv_f)
                  00004526    00000054                                   : _ltoa.c.obj (.text:__TI_ltoa)
                  0000457a    00000052                                   : _printfi.c.obj (.text:_ecpy)
                  000045cc    0000004c                                   : atoi.c.obj (.text:atoi)
                  00004618    00000048                                   : fd_toi_t2.asm.obj (.text)
                  00004660    00000044                                   : autoinit.c.obj (.text:__TI_auto_init_nobinit_nopinit:__TI_auto_init_nobinit_nopinit)
                  000046a4    00000040                                   : sprintf.c.obj (.text:sprintf)
                  000046e4    00000040                                   : vsnprintf.c.obj (.text:vsnprintf)
                  00004724    0000003e                                   : _printfi.c.obj (.text:_fcpy)
                  00004762    00000002     --HOLE-- [fill = 0]
                  00004764    00000038                                   : memory.c.obj (.text:calloc)
                  0000479c    00000038                                   : fs_tod_t2.asm.obj (.text)
                  000047d4    00000034     driverlib.lib : interrupt.obj (.text:IntRegister)
                  00004808    00000034     rtsv7M4_T_le_v4SPD16_eabi.lib : boot_cortex_m.c.obj (.text:_c_int00_noargs:_c_int00_noargs)
                  0000483c    00000030                                   : vsnprintf.c.obj (.text:_outs)
                  0000486c    0000002e                                   : i_tofd_t2.asm.obj (.text)
                  0000489a    00000002     --HOLE-- [fill = 0]
                  0000489c    00000028                                   : memory.c.obj (.text:free_list_insert)
                  000048c4    0000001e                                   : strcat.c.obj (.text:strcat)
                  000048e2    00000002     --HOLE-- [fill = 0]
                  000048e4    0000001c                                   : memory.c.obj (.text:free_list_remove)
                  00004900    0000001c                                   : memccpy.c.obj (.text:memccpy)
                  0000491c    0000001a                                   : s_copysign.c.obj (.text:copysign)
                  00004936    00000018                                   : vsnprintf.c.obj (.text:_outc)
                  0000494e    00000018                                   : sprintf.c.obj (.text:_outs)
                  00004966    00000018     open_interface.obj (.text:oi_parseInt)
                  0000497e    00000018     rtsv7M4_T_le_v4SPD16_eabi.lib : strcmp.c.obj (.text:strcmp)
                  00004996    00000016                                   : strchr.c.obj (.text:strchr)
                  000049ac    00000014                                   : strcpy.c.obj (.text:strcpy)
                  000049c0    00000014                                   : strlen.c.obj (.text:strlen)
                  000049d4    00000012                                   : wcslen.c.obj (.text:wcslen)
                  000049e6    00000010     driverlib.lib : interrupt.obj (.text:IntMasterEnable)
                  000049f6    00000010     lcd.obj (.text:lcd_clear)
                  00004a06    0000000e     rtsv7M4_T_le_v4SPD16_eabi.lib : copy_decompress_none.c.obj (.text:decompress:none:__TI_decompress_none)
                  00004a14    0000000c     driverlib.lib : cpu.obj (.text:CPUcpsie)
                  00004a20    0000000c     rtsv7M4_T_le_v4SPD16_eabi.lib : copy_zero_init.c.obj (.text:decompress:ZI:__TI_zero_init)
                  00004a2c    0000000c     tm4c123gh6pm_startup_ccs.obj (.text)
                  00004a38    0000000a     rtsv7M4_T_le_v4SPD16_eabi.lib : sprintf.c.obj (.text:_outc)
                  00004a42    00000002     --HOLE-- [fill = 0]
                  00004a44    00000008                                   : errno.c.obj (.text:__aeabi_errno_addr)
                  00004a4c    00000008                                   : memory.c.obj (.text:malloc)
                  00004a54    00000004                                   : pre_init.c.obj (.text:_system_pre_init)
                  00004a58    00000004                                   : exit.c.obj (.text:abort:abort)

.const     0    00004a5c    00000145     
                  00004a5c    00000101     rtsv7M4_T_le_v4SPD16_eabi.lib : ctype.c.obj (.const:.string:_ctypes_)
                  00004b5d    0000001a     movement.obj (.const:.string:$P$T0$1)
                  00004b77    00000010     movement.obj (.const:.string:$P$T1$2)
                  00004b87    0000000f     open_interface.obj (.const:.string:$P$T0$3)
                  00004b96    00000004     lcd.obj (.const:.string:lineAddress$1)
                  00004b9a    00000004     lcd.obj (.const:.string:lineAddresses$2)
                  00004b9e    00000003     movement.obj (.const:.string:$P$T2$3)

.cinit     0    00004ba8    00000058     
                  00004ba8    00000020     (.cinit..data.load) [load image, compression = lzss]
                  00004bc8    0000000c     (__TI_handler_table)
                  00004bd4    00000004     --HOLE-- [fill = 0]
                  00004bd8    00000008     (.cinit..bss.load) [load image, compression = zero_init]
                  00004be0    00000008     (.cinit..vtable.load) [load image, compression = zero_init]
                  00004be8    00000018     (__TI_cinit_table)

.init_array 
*          0    00000000    00000000     UNINITIALIZED

.vtable    0    20000000    0000026c     UNINITIALIZED
                  20000000    0000026c     driverlib.lib : interrupt.obj (.vtable)

.stack     0    20000270    00001000     UNINITIALIZED
                  20000270    00000004     rtsv7M4_T_le_v4SPD16_eabi.lib : boot_cortex_m.c.obj (.stack)
                  20000274    00000ffc     --HOLE--

.sysmem    0    20001270    00001000     UNINITIALIZED
                  20001270    00000010     rtsv7M4_T_le_v4SPD16_eabi.lib : memory.c.obj (.sysmem)
                  20001280    00000ff0     --HOLE--

.bss       0    20002270    00000a85     UNINITIALIZED
                  20002270    00000888     (.common:objects)
                  20002af8    0000016c     (.common:values)
                  20002c64    00000054     lcd.obj (.bss:lastbuffer$3)
                  20002cb8    00000018     open_interface.obj (.bss:firmware$2)
                  20002cd0    00000004     (.common:_timeout_ticks)
                  20002cd4    00000004     (.common:driveInd)
                  20002cd8    00000004     (.common:fallingEdge)
                  20002cdc    00000004     (.common:isr_int_value)
                  20002ce0    00000004     (.common:left_calibration_value)
                  20002ce4    00000004     (.common:pointAngInd)
                  20002ce8    00000004     (.common:pulseLength)
                  20002cec    00000004     (.common:right_calibration_value)
                  20002cf0    00000004     (.common:risingEdge)
                  20002cf4    00000001     (.common:isRisingEdge)

.data      0    20002cf8    00000045     UNINITIALIZED
                  20002cf8    00000020     open_interface.obj (.data)
                  20002d18    0000000c     movement.obj (.data)
                  20002d24    00000008     rtsv7M4_T_le_v4SPD16_eabi.lib : _lock.c.obj (.data:$O1$$)
                  20002d2c    00000008                                   : memory.c.obj (.data:$O1$$)
                  20002d34    00000004     libcybotScan.lib : cyBot_Scan.obj (.data)
                  20002d38    00000004     rtsv7M4_T_le_v4SPD16_eabi.lib : errno.c.obj (.data)
                  20002d3c    00000001     Timer.obj (.data)

__llvm_prf_cnts 
*          0    20000000    00000000     UNINITIALIZED

MODULE SUMMARY

       Module                         code    ro data   rw data
       ------                         ----    -------   -------
    .\
       movement.obj                   2940    45        2576   
       open_interface.obj             3128    15        56     
       lcd.obj                        824     8         84     
       tm4c123gh6pm_startup_ccs.obj   12      620       0      
       Timer.obj                      584     0         5      
       uart.obj                       328     0         0      
    +--+------------------------------+-------+---------+---------+
       Total:                         7816    688       2721   
                                                               
    ../libcybotScan.lib
       cyBot_Scan.obj                 608     0         4      
       ping.obj                       492     0         13     
       servo.obj                      344     0         0      
       ir.obj                         280     0         4      
    +--+------------------------------+-------+---------+---------+
       Total:                         1724    0         21     
                                                               
    C:/ti/TivaWare_C_Series-2.2.0.295/driverlib/ccs/Debug/driverlib.lib
       interrupt.obj                  68      0         620    
       cpu.obj                        12      0         0      
    +--+------------------------------+-------+---------+---------+
       Total:                         80      0         620    
                                                               
    C:\ti\ccs1230\ccs\tools\compiler\ti-cgt-arm_20.2.7.LTS\lib\rtsv7M4_T_le_v4SPD16_eabi.lib
       _printfi.c.obj                 4851    0         0      
       memory.c.obj                   728     0         8      
       fd_add_t2.asm.obj              438     0         0      
       fd_div_t2.asm.obj              310     0         0      
       s_scalbn.c.obj                 272     0         0      
       fd_cmp_t2.asm.obj              268     0         0      
       ctype.c.obj                    0       257       0      
       fd_mul_t2.asm.obj              252     0         0      
       memcpy_t2.asm.obj              156     0         0      
       ull_div_t2.asm.obj             150     0         0      
       vsnprintf.c.obj                136     0         0      
       memset_t2.asm.obj              122     0         0      
       fd_tos_t2.asm.obj              110     0         0      
       copy_decompress_lzss.c.obj     104     0         0      
       s_frexp.c.obj                  100     0         0      
       sprintf.c.obj                  98      0         0      
       _ltoa.c.obj                    84      0         0      
       atoi.c.obj                     76      0         0      
       fd_toi_t2.asm.obj              72      0         0      
       autoinit.c.obj                 68      0         0      
       fs_tod_t2.asm.obj              56      0         0      
       boot_cortex_m.c.obj            52      0         0      
       i_tofd_t2.asm.obj              46      0         0      
       strcat.c.obj                   30      0         0      
       memccpy.c.obj                  28      0         0      
       s_copysign.c.obj               26      0         0      
       strcmp.c.obj                   24      0         0      
       strchr.c.obj                   22      0         0      
       strcpy.c.obj                   20      0         0      
       strlen.c.obj                   20      0         0      
       wcslen.c.obj                   18      0         0      
       copy_decompress_none.c.obj     14      0         0      
       copy_zero_init.c.obj           12      0         0      
       errno.c.obj                    8       0         4      
       _lock.c.obj                    2       0         8      
       exit.c.obj                     4       0         0      
       pre_init.c.obj                 4       0         0      
       div0.asm.obj                   2       0         0      
    +--+------------------------------+-------+---------+---------+
       Total:                         8783    257       20     
                                                               
       Heap:                          0       0         4096   
       Stack:                         0       0         4096   
       Linker Generated:              0       84        0      
    +--+------------------------------+-------+---------+---------+
       Grand Total:                   18403   1029      11574  


LINKER GENERATED COPY TABLES

__TI_cinit_table @ 00004be8 records: 3, size/record: 8, table size: 24
	.data: load addr=00004ba8, load size=00000020 bytes, run addr=20002cf8, run size=00000045 bytes, compression=lzss
	.bss: load addr=00004bd8, load size=00000008 bytes, run addr=20002270, run size=00000a85 bytes, compression=zero_init
	.vtable: load addr=00004be0, load size=00000008 bytes, run addr=20000000, run size=0000026c bytes, compression=zero_init


LINKER GENERATED HANDLER TABLE

__TI_handler_table @ 00004bc8 records: 3, size/record: 4, table size: 12
	index: 0, handler: __TI_zero_init
	index: 1, handler: __TI_decompress_lzss
	index: 2, handler: __TI_decompress_none


GLOBAL SYMBOLS: SORTED ALPHABETICALLY BY Name 

address   name                          
-------   ----                          
00003add  ADC0SS0_Handler               
00004a59  C$$EXIT                       
00004a15  CPUcpsie                      
00000bc3  GPIOF_Handler                 
000049e7  IntMasterEnable               
000047d5  IntRegister                   
00004a2d  ResetISR                      
00002f89  TIMER3B_Handler               
20001270  __STACK_END                   
00001000  __STACK_SIZE                  
20000470  __STACK_TOP                   
00001000  __SYSMEM_SIZE                 
00004be8  __TI_CINIT_Base               
00004c00  __TI_CINIT_Limit              
00004bc8  __TI_Handler_Table_Base       
00004bd4  __TI_Handler_Table_Limit      
00004661  __TI_auto_init_nobinit_nopinit
00004405  __TI_decompress_lzss          
00004a07  __TI_decompress_none          
00004527  __TI_ltoa                     
ffffffff  __TI_pprof_out_hndl           
00001a09  __TI_printfi                  
ffffffff  __TI_prof_data_size           
ffffffff  __TI_prof_data_start          
00000000  __TI_static_base__            
00004a21  __TI_zero_init                
00004131  __aeabi_cdcmpeq               
00004131  __aeabi_cdcmple               
000041b7  __aeabi_cdrcmple              
00004397  __aeabi_d2f                   
00004619  __aeabi_d2iz                  
0000325f  __aeabi_dadd                  
000037e9  __aeabi_ddiv                  
00003d6d  __aeabi_dmul                  
00003255  __aeabi_dsub                  
00004a45  __aeabi_errno_addr            
0000479d  __aeabi_f2d                   
0000486d  __aeabi_i2d                   
0000340b  __aeabi_idiv0                 
0000340b  __aeabi_ldiv0                 
0000423d  __aeabi_memclr                
0000423d  __aeabi_memclr4               
0000423d  __aeabi_memclr8               
00003fff  __aeabi_memcpy                
00003fff  __aeabi_memcpy4               
00003fff  __aeabi_memcpy8               
0000423f  __aeabi_memset                
0000423f  __aeabi_memset4               
0000423f  __aeabi_memset8               
0000409b  __aeabi_uldivmod              
ffffffff  __binit__                     
ffffffff  __c_args__                    
UNDEFED   __mpu_init                    
20000270  __stack                       
20000000  __start___llvm_prf_cnts       
20000000  __stop___llvm_prf_cnts        
00004809  _c_int00_noargs               
00004a5c  _ctypes_                      
20002d24  _lock                         
00002457  _nop                          
20002d3c  _running                      
20001270  _sys_memory                   
UNDEFED   _system_post_cinit            
00004a55  _system_pre_init              
20002cd0  _timeout_ticks                
20002d28  _unlock                       
00004a59  abort                         
00003c6d  aligned_alloc                 
000045cd  atoi                          
ffffffff  binit                         
00004765  calloc                        
0000491d  copysign                      
0000491d  copysignl                     
00002ac9  cyBOT_SERVO_cal               
00002a57  cyBOT_Scan                    
000029ff  cyBOT_init_Scan               
20002d34  cyBOT_scan_features           
000029f1  cyBOT_scan_version            
20002cd4  driveInd                      
00001759  driveToSmallest               
20002d38  errno                         
20002cd8  fallingEdge                   
00000fd9  findObjects                   
00003e69  free                          
0000446d  frexp                         
0000446d  frexpl                        
20000000  g_pfnRAMVectors               
00000000  g_pfnVectors                  
00001523  getMessage                    
0000097f  go_charge                     
20002d20  hasBumped                     
00003af3  ir_enableInterrupt            
00003ad5  ir_getDistance                
00003aad  ir_getValue                   
00003a45  ir_init                       
20002cf4  isRisingEdge                  
20002cdc  isr_int_value                 
000049f7  lcd_clear                     
0000262d  lcd_gotoLine                  
00002495  lcd_init                      
00002693  lcd_printf                    
00002555  lcd_putc                      
0000258d  lcd_puts                      
00002459  lcd_reverseNibble             
000025ab  lcd_sendCommand               
000025e9  lcd_sendNibble                
00002655  lcd_setCursorPos              
00003b5d  ldexp                         
00003b5d  ldexpl                        
20002ce0  left_calibration_value        
00000e8d  main                          
00004a4d  malloc                        
00003c6d  memalign                      
00004901  memccpy                       
00003fff  memcpy                        
00004245  memset                        
20002cf8  motor_cal_factor_L            
20002cfc  motor_cal_factor_R            
0000184f  move_backward                 
000015d9  move_forward                  
20002270  objects                       
0000026d  oi_alloc                      
00000aa9  oi_checkFirmware              
000002c7  oi_close                      
00000279  oi_free                       
00000ded  oi_getMotorCalibrationLeft    
00000e01  oi_getMotorCalibrationRight   
000002b1  oi_init                       
00000289  oi_init_noupdate              
00000915  oi_loadSong                   
00004967  oi_parseInt                   
0000032b  oi_parsePacket                
0000096b  oi_play_song                  
0000084b  oi_setLeds                    
00000db1  oi_setMotorCalibration        
0000088f  oi_setWheels                  
00000b51  oi_shutoff_init               
0000098d  oi_uartInit                   
00000a31  oi_uartReceive                
00000a77  oi_uartSendBuff               
00000a15  oi_uartSendChar               
00000a59  oi_uartSendStr                
000002d9  oi_update                     
00002fdb  ping_getDistance              
00002e99  ping_init                     
00002f1f  ping_trigger                  
20002ce4  pointAngInd                   
20002d18  pointDist                     
20002ce8  pulseLength                   
20002cec  right_calibration_value       
20002cf0  risingEdge                    
00003b5d  scalbn                        
00003b5d  scalbnl                       
00001499  scanMedianDist                
000013bd  scanStuff                     
0000340d  servo_init                    
0000349d  servo_move                    
000034fd  servo_setPWM                  
00003491  servo_stop                    
000046a5  sprintf                       
000048c5  strcat                        
00004997  strchr                        
0000497f  strcmp                        
000049ad  strcpy                        
000049c1  strlen                        
00002d6f  timer_getMicros               
00002d17  timer_getMillis               
00002c51  timer_init                    
00002cf3  timer_pause                   
00002d05  timer_resume                  
00002cc9  timer_stop                    
00002dc9  timer_waitMicros              
00002dfb  timer_waitMillis              
00001963  turn_left                     
000018e9  turn_right                    
00003565  uart_init                     
0000360b  uart_receive                  
00003639  uart_receive_nonblocking      
000035e7  uart_sendChar                 
00003657  uart_sendStr                  
20002af8  values                        
000046e5  vsnprintf                     
000049d5  wcslen                        


GLOBAL SYMBOLS: SORTED BY Symbol Address 

address   name                          
-------   ----                          
00000000  __TI_static_base__            
00000000  g_pfnVectors                  
0000026d  oi_alloc                      
00000279  oi_free                       
00000289  oi_init_noupdate              
000002b1  oi_init                       
000002c7  oi_close                      
000002d9  oi_update                     
0000032b  oi_parsePacket                
0000084b  oi_setLeds                    
0000088f  oi_setWheels                  
00000915  oi_loadSong                   
0000096b  oi_play_song                  
0000097f  go_charge                     
0000098d  oi_uartInit                   
00000a15  oi_uartSendChar               
00000a31  oi_uartReceive                
00000a59  oi_uartSendStr                
00000a77  oi_uartSendBuff               
00000aa9  oi_checkFirmware              
00000b51  oi_shutoff_init               
00000bc3  GPIOF_Handler                 
00000db1  oi_setMotorCalibration        
00000ded  oi_getMotorCalibrationLeft    
00000e01  oi_getMotorCalibrationRight   
00000e8d  main                          
00000fd9  findObjects                   
00001000  __STACK_SIZE                  
00001000  __SYSMEM_SIZE                 
000013bd  scanStuff                     
00001499  scanMedianDist                
00001523  getMessage                    
000015d9  move_forward                  
00001759  driveToSmallest               
0000184f  move_backward                 
000018e9  turn_right                    
00001963  turn_left                     
00001a09  __TI_printfi                  
00002457  _nop                          
00002459  lcd_reverseNibble             
00002495  lcd_init                      
00002555  lcd_putc                      
0000258d  lcd_puts                      
000025ab  lcd_sendCommand               
000025e9  lcd_sendNibble                
0000262d  lcd_gotoLine                  
00002655  lcd_setCursorPos              
00002693  lcd_printf                    
000029f1  cyBOT_scan_version            
000029ff  cyBOT_init_Scan               
00002a57  cyBOT_Scan                    
00002ac9  cyBOT_SERVO_cal               
00002c51  timer_init                    
00002cc9  timer_stop                    
00002cf3  timer_pause                   
00002d05  timer_resume                  
00002d17  timer_getMillis               
00002d6f  timer_getMicros               
00002dc9  timer_waitMicros              
00002dfb  timer_waitMillis              
00002e99  ping_init                     
00002f1f  ping_trigger                  
00002f89  TIMER3B_Handler               
00002fdb  ping_getDistance              
00003255  __aeabi_dsub                  
0000325f  __aeabi_dadd                  
0000340b  __aeabi_idiv0                 
0000340b  __aeabi_ldiv0                 
0000340d  servo_init                    
00003491  servo_stop                    
0000349d  servo_move                    
000034fd  servo_setPWM                  
00003565  uart_init                     
000035e7  uart_sendChar                 
0000360b  uart_receive                  
00003639  uart_receive_nonblocking      
00003657  uart_sendStr                  
000037e9  __aeabi_ddiv                  
00003a45  ir_init                       
00003aad  ir_getValue                   
00003ad5  ir_getDistance                
00003add  ADC0SS0_Handler               
00003af3  ir_enableInterrupt            
00003b5d  ldexp                         
00003b5d  ldexpl                        
00003b5d  scalbn                        
00003b5d  scalbnl                       
00003c6d  aligned_alloc                 
00003c6d  memalign                      
00003d6d  __aeabi_dmul                  
00003e69  free                          
00003fff  __aeabi_memcpy                
00003fff  __aeabi_memcpy4               
00003fff  __aeabi_memcpy8               
00003fff  memcpy                        
0000409b  __aeabi_uldivmod              
00004131  __aeabi_cdcmpeq               
00004131  __aeabi_cdcmple               
000041b7  __aeabi_cdrcmple              
0000423d  __aeabi_memclr                
0000423d  __aeabi_memclr4               
0000423d  __aeabi_memclr8               
0000423f  __aeabi_memset                
0000423f  __aeabi_memset4               
0000423f  __aeabi_memset8               
00004245  memset                        
00004397  __aeabi_d2f                   
00004405  __TI_decompress_lzss          
0000446d  frexp                         
0000446d  frexpl                        
00004527  __TI_ltoa                     
000045cd  atoi                          
00004619  __aeabi_d2iz                  
00004661  __TI_auto_init_nobinit_nopinit
000046a5  sprintf                       
000046e5  vsnprintf                     
00004765  calloc                        
0000479d  __aeabi_f2d                   
000047d5  IntRegister                   
00004809  _c_int00_noargs               
0000486d  __aeabi_i2d                   
000048c5  strcat                        
00004901  memccpy                       
0000491d  copysign                      
0000491d  copysignl                     
00004967  oi_parseInt                   
0000497f  strcmp                        
00004997  strchr                        
000049ad  strcpy                        
000049c1  strlen                        
000049d5  wcslen                        
000049e7  IntMasterEnable               
000049f7  lcd_clear                     
00004a07  __TI_decompress_none          
00004a15  CPUcpsie                      
00004a21  __TI_zero_init                
00004a2d  ResetISR                      
00004a45  __aeabi_errno_addr            
00004a4d  malloc                        
00004a55  _system_pre_init              
00004a59  C$$EXIT                       
00004a59  abort                         
00004a5c  _ctypes_                      
00004bc8  __TI_Handler_Table_Base       
00004bd4  __TI_Handler_Table_Limit      
00004be8  __TI_CINIT_Base               
00004c00  __TI_CINIT_Limit              
20000000  __start___llvm_prf_cnts       
20000000  __stop___llvm_prf_cnts        
20000000  g_pfnRAMVectors               
20000270  __stack                       
20000470  __STACK_TOP                   
20001270  __STACK_END                   
20001270  _sys_memory                   
20002270  objects                       
20002af8  values                        
20002cd0  _timeout_ticks                
20002cd4  driveInd                      
20002cd8  fallingEdge                   
20002cdc  isr_int_value                 
20002ce0  left_calibration_value        
20002ce4  pointAngInd                   
20002ce8  pulseLength                   
20002cec  right_calibration_value       
20002cf0  risingEdge                    
20002cf4  isRisingEdge                  
20002cf8  motor_cal_factor_L            
20002cfc  motor_cal_factor_R            
20002d18  pointDist                     
20002d20  hasBumped                     
20002d24  _lock                         
20002d28  _unlock                       
20002d34  cyBOT_scan_features           
20002d38  errno                         
20002d3c  _running                      
ffffffff  __TI_pprof_out_hndl           
ffffffff  __TI_prof_data_size           
ffffffff  __TI_prof_data_start          
ffffffff  __binit__                     
ffffffff  __c_args__                    
ffffffff  binit                         
UNDEFED   __mpu_init                    
UNDEFED   _system_post_cinit            

[183 symbols]
