******************************************************************************
                  TI ARM Linker PC v20.2.7                     
******************************************************************************
>> Linked Tue Apr  2 17:53:32 2024

OUTPUT FILE NAME:   <Lab9.out>
ENTRY POINT SYMBOL: "_c_int00_noargs"  address: 000026f1


MEMORY CONFIGURATION

         name            origin    length      used     unused   attr    fill
----------------------  --------  ---------  --------  --------  ----  --------
  FLASH                 00000000   00040000  000029f9  0003d607  R  X
  SRAM                  20000000   00008000  000022cd  00005d33  RW X


SEGMENT ALLOCATION MAP

run origin  load origin   length   init length attrs members
----------  ----------- ---------- ----------- ----- -------
00000000    00000000    00002a00   00002a00    r-x
  00000000    00000000    0000026c   0000026c    r-- .intvecs
  0000026c    0000026c    00002644   00002644    r-x .text
  000028b0    000028b0    00000109   00000109    r-- .const
  000029c0    000029c0    00000040   00000040    r-- .cinit
20000000    20000000    000022d1   00000000    rw-
  20000000    20000000    0000026c   00000000    rw- .vtable
  20000270    20000270    00001000   00000000    rw- .stack
  20001270    20001270    00001000   00000000    rw- .sysmem
  20002270    20002270    00000058   00000000    rw- .bss
  200022c8    200022c8    00000009   00000000    rw- .data


SECTION ALLOCATION MAP

 output                                  attributes/
section   page    origin      length       input sections
--------  ----  ----------  ----------   ----------------
.intvecs   0    00000000    0000026c     
                  00000000    0000026c     tm4c123gh6pm_startup_ccs.obj (.intvecs)

.text      0    0000026c    00002644     
                  0000026c    00000a4e     rtsv7M4_T_le_v4SPD16_eabi.lib : _printfi.c.obj (.text:__TI_printfi)
                  00000cba    00000002                                   : div0.asm.obj (.text)
                  00000cbc    00000328     lcd.obj (.text)
                  00000fe4    00000270     rtsv7M4_T_le_v4SPD16_eabi.lib : _printfi.c.obj (.text:_pconv_a)
                  00001254    00000248     Timer.obj (.text)
                  0000149c    000001d0     rtsv7M4_T_le_v4SPD16_eabi.lib : _printfi.c.obj (.text:_pconv_g)
                  0000166c    000001b6                                   : fd_add_t2.asm.obj (.text)
                  00001822    00000002     --HOLE-- [fill = 0]
                  00001824    00000148     servo.obj (.text)
                  0000196c    0000013c     rtsv7M4_T_le_v4SPD16_eabi.lib : _printfi.c.obj (.text:_pconv_e)
                  00001aa8    00000136                                   : fd_div_t2.asm.obj (.text)
                  00001bde    00000002     --HOLE-- [fill = 0]
                  00001be0    00000124                                   : _printfi.c.obj (.text:fcvt)
                  00001d04    00000110                                   : s_scalbn.c.obj (.text:scalbn)
                  00001e14    000000fc                                   : fd_mul_t2.asm.obj (.text)
                  00001f10    000000b1                                   : _printfi.c.obj (.text:_ltostr)
                  00001fc1    00000001     --HOLE-- [fill = 0]
                  00001fc2    0000009c                                   : memcpy_t2.asm.obj (.text)
                  0000205e    00000096                                   : ull_div_t2.asm.obj (.text)
                  000020f4    00000086                                   : fd_cmp_t2.asm.obj (.text:__aeabi_cdcmple)
                  0000217a    00000086                                   : fd_cmp_t2.asm.obj (.text:__aeabi_cdrcmple)
                  00002200    0000007a                                   : memset_t2.asm.obj (.text)
                  0000227a    0000006e                                   : _printfi.c.obj (.text:_mcpy)
                  000022e8    0000006e                                   : fd_tos_t2.asm.obj (.text)
                  00002356    00000068                                   : copy_decompress_lzss.c.obj (.text:decompress:lzss:__TI_decompress_lzss)
                  000023be    00000002     --HOLE-- [fill = 0]
                  000023c0    00000064                                   : s_frexp.c.obj (.text:frexp)
                  00002424    00000056                                   : _printfi.c.obj (.text:_pconv_f)
                  0000247a    00000054                                   : _ltoa.c.obj (.text:__TI_ltoa)
                  000024ce    00000052                                   : _printfi.c.obj (.text:_ecpy)
                  00002520    0000004c                                   : atoi.c.obj (.text:atoi)
                  0000256c    00000048                                   : fd_toi_t2.asm.obj (.text)
                  000025b4    00000044                                   : autoinit.c.obj (.text:__TI_auto_init_nobinit_nopinit:__TI_auto_init_nobinit_nopinit)
                  000025f8    00000042     main.obj (.text)
                  0000263a    00000002     --HOLE-- [fill = 0]
                  0000263c    00000040     rtsv7M4_T_le_v4SPD16_eabi.lib : vsnprintf.c.obj (.text:vsnprintf)
                  0000267c    0000003e                                   : _printfi.c.obj (.text:_fcpy)
                  000026ba    00000002     --HOLE-- [fill = 0]
                  000026bc    00000034     driverlib.lib : interrupt.obj (.text:IntRegister)
                  000026f0    00000034     rtsv7M4_T_le_v4SPD16_eabi.lib : boot_cortex_m.c.obj (.text:_c_int00_noargs:_c_int00_noargs)
                  00002724    00000030                                   : vsnprintf.c.obj (.text:_outs)
                  00002754    0000002e                                   : i_tofd_t2.asm.obj (.text)
                  00002782    00000020                                   : u_tofd_t2.asm.obj (.text)
                  000027a2    0000001c                                   : copy_zero_init.c.obj (.text:decompress:ZI:__TI_zero_init_nomemset:__TI_zero_init_nomemset)
                  000027be    0000001c                                   : memccpy.c.obj (.text:memccpy)
                  000027da    0000001a                                   : s_copysign.c.obj (.text:copysign)
                  000027f4    00000018                                   : vsnprintf.c.obj (.text:_outc)
                  0000280c    00000018                                   : strcmp.c.obj (.text:strcmp)
                  00002824    00000016                                   : strchr.c.obj (.text:strchr)
                  0000283a    00000014                                   : strcpy.c.obj (.text:strcpy)
                  0000284e    00000014                                   : strlen.c.obj (.text:strlen)
                  00002862    00000012                                   : wcslen.c.obj (.text:wcslen)
                  00002874    00000010     lcd.obj (.text:lcd_clear)
                  00002884    0000000e     rtsv7M4_T_le_v4SPD16_eabi.lib : copy_decompress_none.c.obj (.text:decompress:none:__TI_decompress_none)
                  00002892    0000000c     tm4c123gh6pm_startup_ccs.obj (.text)
                  0000289e    00000002     --HOLE-- [fill = 0]
                  000028a0    00000008     rtsv7M4_T_le_v4SPD16_eabi.lib : errno.c.obj (.text:__aeabi_errno_addr)
                  000028a8    00000004                                   : pre_init.c.obj (.text:_system_pre_init)
                  000028ac    00000004                                   : exit.c.obj (.text:abort:abort)

.const     0    000028b0    00000109     
                  000028b0    00000101     rtsv7M4_T_le_v4SPD16_eabi.lib : ctype.c.obj (.const:.string:_ctypes_)
                  000029b1    00000004     lcd.obj (.const:.string:lineAddress$1)
                  000029b5    00000004     lcd.obj (.const:.string:lineAddresses$2)

.cinit     0    000029c0    00000040     
                  000029c0    0000000c     (__TI_handler_table)
                  000029cc    0000000b     (.cinit..data.load) [load image, compression = lzss]
                  000029d7    00000001     --HOLE-- [fill = 0]
                  000029d8    00000008     (.cinit..bss.load) [load image, compression = zero_init]
                  000029e0    00000008     (.cinit..vtable.load) [load image, compression = zero_init]
                  000029e8    00000018     (__TI_cinit_table)

.init_array 
*          0    00000000    00000000     UNINITIALIZED

.vtable    0    20000000    0000026c     UNINITIALIZED
                  20000000    0000026c     driverlib.lib : interrupt.obj (.vtable)

.stack     0    20000270    00001000     UNINITIALIZED
                  20000270    00000004     rtsv7M4_T_le_v4SPD16_eabi.lib : boot_cortex_m.c.obj (.stack)
                  20000274    00000ffc     --HOLE--

.sysmem    0    20001270    00001000     UNINITIALIZED
                  20001270    00000010     rtsv7M4_T_le_v4SPD16_eabi.lib : memory.c.obj (.sysmem)
                  20001280    00000ff0     --HOLE--

.bss       0    20002270    00000058     UNINITIALIZED
                  20002270    00000054     lcd.obj (.bss:lastbuffer$3)
                  200022c4    00000004     (.common:_timeout_ticks)

.data      0    200022c8    00000009     UNINITIALIZED
                  200022c8    00000004     rtsv7M4_T_le_v4SPD16_eabi.lib : errno.c.obj (.data)
                  200022cc    00000004     servo.obj (.data)
                  200022d0    00000001     Timer.obj (.data)

__llvm_prf_cnts 
*          0    20000000    00000000     UNINITIALIZED

MODULE SUMMARY

       Module                         code   ro data   rw data
       ------                         ----   -------   -------
    .\
       lcd.obj                        824    8         84     
       tm4c123gh6pm_startup_ccs.obj   12     620       0      
       Timer.obj                      584    0         5      
       servo.obj                      328    0         4      
       main.obj                       66     0         0      
    +--+------------------------------+------+---------+---------+
       Total:                         1814   628       93     
                                                              
    C:/ti/TivaWare_C_Series-2.2.0.295/driverlib/ccs/Debug/driverlib.lib
       interrupt.obj                  52     0         620    
    +--+------------------------------+------+---------+---------+
       Total:                         52     0         620    
                                                              
    C:\ti\ccs1230\ccs\tools\compiler\ti-cgt-arm_20.2.7.LTS\lib\rtsv7M4_T_le_v4SPD16_eabi.lib
       _printfi.c.obj                 4851   0         0      
       fd_add_t2.asm.obj              438    0         0      
       fd_div_t2.asm.obj              310    0         0      
       s_scalbn.c.obj                 272    0         0      
       fd_cmp_t2.asm.obj              268    0         0      
       ctype.c.obj                    0      257       0      
       fd_mul_t2.asm.obj              252    0         0      
       memcpy_t2.asm.obj              156    0         0      
       ull_div_t2.asm.obj             150    0         0      
       vsnprintf.c.obj                136    0         0      
       memset_t2.asm.obj              122    0         0      
       fd_tos_t2.asm.obj              110    0         0      
       copy_decompress_lzss.c.obj     104    0         0      
       s_frexp.c.obj                  100    0         0      
       _ltoa.c.obj                    84     0         0      
       atoi.c.obj                     76     0         0      
       fd_toi_t2.asm.obj              72     0         0      
       autoinit.c.obj                 68     0         0      
       boot_cortex_m.c.obj            52     0         0      
       i_tofd_t2.asm.obj              46     0         0      
       u_tofd_t2.asm.obj              32     0         0      
       copy_zero_init.c.obj           28     0         0      
       memccpy.c.obj                  28     0         0      
       s_copysign.c.obj               26     0         0      
       strcmp.c.obj                   24     0         0      
       strchr.c.obj                   22     0         0      
       strcpy.c.obj                   20     0         0      
       strlen.c.obj                   20     0         0      
       wcslen.c.obj                   18     0         0      
       copy_decompress_none.c.obj     14     0         0      
       errno.c.obj                    8      0         4      
       exit.c.obj                     4      0         0      
       pre_init.c.obj                 4      0         0      
       div0.asm.obj                   2      0         0      
    +--+------------------------------+------+---------+---------+
       Total:                         7917   257       4      
                                                              
       Heap:                          0      0         4096   
       Stack:                         0      0         4096   
       Linker Generated:              0      63        0      
    +--+------------------------------+------+---------+---------+
       Grand Total:                   9783   948       8909   


LINKER GENERATED COPY TABLES

__TI_cinit_table @ 000029e8 records: 3, size/record: 8, table size: 24
	.data: load addr=000029cc, load size=0000000b bytes, run addr=200022c8, run size=00000009 bytes, compression=lzss
	.bss: load addr=000029d8, load size=00000008 bytes, run addr=20002270, run size=00000058 bytes, compression=zero_init
	.vtable: load addr=000029e0, load size=00000008 bytes, run addr=20000000, run size=0000026c bytes, compression=zero_init


LINKER GENERATED HANDLER TABLE

__TI_handler_table @ 000029c0 records: 3, size/record: 4, table size: 12
	index: 0, handler: __TI_zero_init
	index: 1, handler: __TI_decompress_lzss
	index: 2, handler: __TI_decompress_none


GLOBAL SYMBOLS: SORTED ALPHABETICALLY BY Name 

address   name                          
-------   ----                          
000028ad  C$$EXIT                       
000026bd  IntRegister                   
00002893  ResetISR                      
20001270  __STACK_END                   
00001000  __STACK_SIZE                  
20000470  __STACK_TOP                   
00001000  __SYSMEM_SIZE                 
000029e8  __TI_CINIT_Base               
00002a00  __TI_CINIT_Limit              
000029c0  __TI_Handler_Table_Base       
000029cc  __TI_Handler_Table_Limit      
000025b5  __TI_auto_init_nobinit_nopinit
00002357  __TI_decompress_lzss          
00002885  __TI_decompress_none          
0000247b  __TI_ltoa                     
ffffffff  __TI_pprof_out_hndl           
0000026d  __TI_printfi                  
ffffffff  __TI_prof_data_size           
ffffffff  __TI_prof_data_start          
00000000  __TI_static_base__            
000027a3  __TI_zero_init_nomemset       
000020f5  __aeabi_cdcmpeq               
000020f5  __aeabi_cdcmple               
0000217b  __aeabi_cdrcmple              
000022e9  __aeabi_d2f                   
0000256d  __aeabi_d2iz                  
00001677  __aeabi_dadd                  
00001aa9  __aeabi_ddiv                  
00001e15  __aeabi_dmul                  
0000166d  __aeabi_dsub                  
000028a1  __aeabi_errno_addr            
00002755  __aeabi_i2d                   
00000cbb  __aeabi_idiv0                 
00000cbb  __aeabi_ldiv0                 
00002201  __aeabi_memclr                
00002201  __aeabi_memclr4               
00002201  __aeabi_memclr8               
00001fc3  __aeabi_memcpy                
00001fc3  __aeabi_memcpy4               
00001fc3  __aeabi_memcpy8               
00002203  __aeabi_memset                
00002203  __aeabi_memset4               
00002203  __aeabi_memset8               
00002783  __aeabi_ui2d                  
0000205f  __aeabi_uldivmod              
ffffffff  __binit__                     
ffffffff  __c_args__                    
UNDEFED   __mpu_init                    
20000270  __stack                       
20000000  __start___llvm_prf_cnts       
20000000  __stop___llvm_prf_cnts        
000026f1  _c_int00_noargs               
000028b0  _ctypes_                      
200022d0  _running                      
20001270  _sys_memory                   
UNDEFED   _system_post_cinit            
000028a9  _system_pre_init              
200022c4  _timeout_ticks                
000028ad  abort                         
00002521  atoi                          
ffffffff  binit                         
000027db  copysign                      
000027db  copysignl                     
200022c8  errno                         
000023c1  frexp                         
000023c1  frexpl                        
20000000  g_pfnRAMVectors               
00000000  g_pfnVectors                  
00002875  lcd_clear                     
00000e91  lcd_gotoLine                  
00000cf9  lcd_init                      
00000ef7  lcd_printf                    
00000db9  lcd_putc                      
00000df1  lcd_puts                      
00000cbd  lcd_reverseNibble             
00000e0f  lcd_sendCommand               
00000e4d  lcd_sendNibble                
00000eb9  lcd_setCursorPos              
00001d05  ldexp                         
00001d05  ldexpl                        
000025f9  main                          
000027bf  memccpy                       
00001fc3  memcpy                        
00002209  memset                        
200022cc  pwm_period                    
00001d05  scalbn                        
00001d05  scalbnl                       
00001825  servo_init                    
000018a1  servo_move                    
00002825  strchr                        
0000280d  strcmp                        
0000283b  strcpy                        
0000284f  strlen                        
00001373  timer_getMicros               
0000131b  timer_getMillis               
00001255  timer_init                    
000012f7  timer_pause                   
00001309  timer_resume                  
000012cd  timer_stop                    
000013cd  timer_waitMicros              
000013ff  timer_waitMillis              
0000263d  vsnprintf                     
00002863  wcslen                        


GLOBAL SYMBOLS: SORTED BY Symbol Address 

address   name                          
-------   ----                          
00000000  __TI_static_base__            
00000000  g_pfnVectors                  
0000026d  __TI_printfi                  
00000cbb  __aeabi_idiv0                 
00000cbb  __aeabi_ldiv0                 
00000cbd  lcd_reverseNibble             
00000cf9  lcd_init                      
00000db9  lcd_putc                      
00000df1  lcd_puts                      
00000e0f  lcd_sendCommand               
00000e4d  lcd_sendNibble                
00000e91  lcd_gotoLine                  
00000eb9  lcd_setCursorPos              
00000ef7  lcd_printf                    
00001000  __STACK_SIZE                  
00001000  __SYSMEM_SIZE                 
00001255  timer_init                    
000012cd  timer_stop                    
000012f7  timer_pause                   
00001309  timer_resume                  
0000131b  timer_getMillis               
00001373  timer_getMicros               
000013cd  timer_waitMicros              
000013ff  timer_waitMillis              
0000166d  __aeabi_dsub                  
00001677  __aeabi_dadd                  
00001825  servo_init                    
000018a1  servo_move                    
00001aa9  __aeabi_ddiv                  
00001d05  ldexp                         
00001d05  ldexpl                        
00001d05  scalbn                        
00001d05  scalbnl                       
00001e15  __aeabi_dmul                  
00001fc3  __aeabi_memcpy                
00001fc3  __aeabi_memcpy4               
00001fc3  __aeabi_memcpy8               
00001fc3  memcpy                        
0000205f  __aeabi_uldivmod              
000020f5  __aeabi_cdcmpeq               
000020f5  __aeabi_cdcmple               
0000217b  __aeabi_cdrcmple              
00002201  __aeabi_memclr                
00002201  __aeabi_memclr4               
00002201  __aeabi_memclr8               
00002203  __aeabi_memset                
00002203  __aeabi_memset4               
00002203  __aeabi_memset8               
00002209  memset                        
000022e9  __aeabi_d2f                   
00002357  __TI_decompress_lzss          
000023c1  frexp                         
000023c1  frexpl                        
0000247b  __TI_ltoa                     
00002521  atoi                          
0000256d  __aeabi_d2iz                  
000025b5  __TI_auto_init_nobinit_nopinit
000025f9  main                          
0000263d  vsnprintf                     
000026bd  IntRegister                   
000026f1  _c_int00_noargs               
00002755  __aeabi_i2d                   
00002783  __aeabi_ui2d                  
000027a3  __TI_zero_init_nomemset       
000027bf  memccpy                       
000027db  copysign                      
000027db  copysignl                     
0000280d  strcmp                        
00002825  strchr                        
0000283b  strcpy                        
0000284f  strlen                        
00002863  wcslen                        
00002875  lcd_clear                     
00002885  __TI_decompress_none          
00002893  ResetISR                      
000028a1  __aeabi_errno_addr            
000028a9  _system_pre_init              
000028ad  C$$EXIT                       
000028ad  abort                         
000028b0  _ctypes_                      
000029c0  __TI_Handler_Table_Base       
000029cc  __TI_Handler_Table_Limit      
000029e8  __TI_CINIT_Base               
00002a00  __TI_CINIT_Limit              
20000000  __start___llvm_prf_cnts       
20000000  __stop___llvm_prf_cnts        
20000000  g_pfnRAMVectors               
20000270  __stack                       
20000470  __STACK_TOP                   
20001270  __STACK_END                   
20001270  _sys_memory                   
200022c4  _timeout_ticks                
200022c8  errno                         
200022cc  pwm_period                    
200022d0  _running                      
ffffffff  __TI_pprof_out_hndl           
ffffffff  __TI_prof_data_size           
ffffffff  __TI_prof_data_start          
ffffffff  __binit__                     
ffffffff  __c_args__                    
ffffffff  binit                         
UNDEFED   __mpu_init                    
UNDEFED   _system_post_cinit            

[103 symbols]
