******************************************************************************
                  TI ARM Linker PC v20.2.7                     
******************************************************************************
>> Linked Tue Feb 20 18:09:24 2024

OUTPUT FILE NAME:   <Lab5.out>
ENTRY POINT SYMBOL: "_c_int00_noargs"  address: 00002ac1


MEMORY CONFIGURATION

         name            origin    length      used     unused   attr    fill
----------------------  --------  ---------  --------  --------  ----  --------
  FLASH                 00000000   00040000  00002dc9  0003d237  R  X
  SRAM                  20000000   00008000  00000512  00007aee  RW X


SEGMENT ALLOCATION MAP

run origin  load origin   length   init length attrs members
----------  ----------- ---------- ----------- ----- -------
00000000    00000000    00002dd0   00002dd0    r-x
  00000000    00000000    0000026c   0000026c    r-- .intvecs
  0000026c    0000026c    00002a14   00002a14    r-x .text
  00002c80    00002c80    00000109   00000109    r-- .const
  00002d90    00002d90    00000040   00000040    r-- .cinit
20000000    20000000    0000051a   00000000    rw-
  20000000    20000000    0000026c   00000000    rw- .vtable
  20000270    20000270    00000200   00000000    rw- .stack
  20000470    20000470    0000008c   00000000    rw- .bss
  20000500    20000500    00000010   00000000    rw- .sysmem
  20000510    20000510    0000000a   00000000    rw- .data


SECTION ALLOCATION MAP

 output                                  attributes/
section   page    origin      length       input sections
--------  ----  ----------  ----------   ----------------
.intvecs   0    00000000    0000026c     
                  00000000    0000026c     tm4c123gh6pm_startup_ccs.obj (.intvecs)

.text      0    0000026c    00002a14     
                  0000026c    00000a4e     rtsv7M4_T_le_v4SPD16_eabi.lib : _printfi.c.obj (.text:__TI_printfi)
                  00000cba    00000002                                   : div0.asm.obj (.text)
                  00000cbc    00000328     lcd.obj (.text)
                  00000fe4    000002a8     libcybotUART.lib : uart.obj (.text)
                  0000128c    00000270     rtsv7M4_T_le_v4SPD16_eabi.lib : _printfi.c.obj (.text:_pconv_a)
                  000014fc    00000248     Timer.obj (.text)
                  00001744    000001d0     rtsv7M4_T_le_v4SPD16_eabi.lib : _printfi.c.obj (.text:_pconv_g)
                  00001914    000001b6                                   : fd_add_t2.asm.obj (.text)
                  00001aca    00000002     --HOLE-- [fill = 0]
                  00001acc    000001a0     uart.obj (.text)
                  00001c6c    0000013c     rtsv7M4_T_le_v4SPD16_eabi.lib : _printfi.c.obj (.text:_pconv_e)
                  00001da8    00000136                                   : fd_div_t2.asm.obj (.text)
                  00001ede    00000002     --HOLE-- [fill = 0]
                  00001ee0    00000124                                   : _printfi.c.obj (.text:fcvt)
                  00002004    00000118     button.obj (.text)
                  0000211c    00000110     rtsv7M4_T_le_v4SPD16_eabi.lib : s_scalbn.c.obj (.text:scalbn)
                  0000222c    000000fc                                   : fd_mul_t2.asm.obj (.text)
                  00002328    000000b1                                   : _printfi.c.obj (.text:_ltostr)
                  000023d9    00000001     --HOLE-- [fill = 0]
                  000023da    0000009c                                   : memcpy_t2.asm.obj (.text)
                  00002476    00000096                                   : ull_div_t2.asm.obj (.text)
                  0000250c    00000086                                   : fd_cmp_t2.asm.obj (.text:__aeabi_cdcmple)
                  00002592    00000086                                   : fd_cmp_t2.asm.obj (.text:__aeabi_cdrcmple)
                  00002618    0000007a                                   : memset_t2.asm.obj (.text)
                  00002692    0000006e                                   : _printfi.c.obj (.text:_mcpy)
                  00002700    0000006c     lab5_template.obj (.text)
                  0000276c    00000068     rtsv7M4_T_le_v4SPD16_eabi.lib : copy_decompress_lzss.c.obj (.text:decompress:lzss:__TI_decompress_lzss)
                  000027d4    00000064                                   : s_frexp.c.obj (.text:frexp)
                  00002838    00000056                                   : _printfi.c.obj (.text:_pconv_f)
                  0000288e    00000054                                   : _ltoa.c.obj (.text:__TI_ltoa)
                  000028e2    00000052                                   : _printfi.c.obj (.text:_ecpy)
                  00002934    0000004c                                   : atoi.c.obj (.text:atoi)
                  00002980    00000048                                   : fd_toi_t2.asm.obj (.text)
                  000029c8    00000044                                   : autoinit.c.obj (.text:__TI_auto_init_nobinit_nopinit:__TI_auto_init_nobinit_nopinit)
                  00002a0c    00000040                                   : vsnprintf.c.obj (.text:vsnprintf)
                  00002a4c    0000003e                                   : _printfi.c.obj (.text:_fcpy)
                  00002a8a    00000002     --HOLE-- [fill = 0]
                  00002a8c    00000034     driverlib.lib : interrupt.obj (.text:IntRegister)
                  00002ac0    00000034     rtsv7M4_T_le_v4SPD16_eabi.lib : boot_cortex_m.c.obj (.text:_c_int00_noargs:_c_int00_noargs)
                  00002af4    00000030                                   : vsnprintf.c.obj (.text:_outs)
                  00002b24    0000002e                                   : i_tofd_t2.asm.obj (.text)
                  00002b52    00000020                                   : u_tofd_t2.asm.obj (.text)
                  00002b72    0000001c                                   : copy_zero_init.c.obj (.text:decompress:ZI:__TI_zero_init_nomemset:__TI_zero_init_nomemset)
                  00002b8e    0000001c                                   : memccpy.c.obj (.text:memccpy)
                  00002baa    0000001a                                   : s_copysign.c.obj (.text:copysign)
                  00002bc4    00000018                                   : vsnprintf.c.obj (.text:_outc)
                  00002bdc    00000018                                   : strcmp.c.obj (.text:strcmp)
                  00002bf4    00000016                                   : strchr.c.obj (.text:strchr)
                  00002c0a    00000014                                   : strcpy.c.obj (.text:strcpy)
                  00002c1e    00000014                                   : strlen.c.obj (.text:strlen)
                  00002c32    00000012                                   : wcslen.c.obj (.text:wcslen)
                  00002c44    00000010     lcd.obj (.text:lcd_clear)
                  00002c54    0000000e     rtsv7M4_T_le_v4SPD16_eabi.lib : copy_decompress_none.c.obj (.text:decompress:none:__TI_decompress_none)
                  00002c62    0000000c     tm4c123gh6pm_startup_ccs.obj (.text)
                  00002c6e    00000002     --HOLE-- [fill = 0]
                  00002c70    00000008     rtsv7M4_T_le_v4SPD16_eabi.lib : errno.c.obj (.text:__aeabi_errno_addr)
                  00002c78    00000004                                   : pre_init.c.obj (.text:_system_pre_init)
                  00002c7c    00000004                                   : exit.c.obj (.text:abort:abort)

.const     0    00002c80    00000109     
                  00002c80    00000101     rtsv7M4_T_le_v4SPD16_eabi.lib : ctype.c.obj (.const:.string:_ctypes_)
                  00002d81    00000004     lcd.obj (.const:.string:lineAddress$1)
                  00002d85    00000004     lcd.obj (.const:.string:lineAddresses$2)

.cinit     0    00002d90    00000040     
                  00002d90    0000000c     (__TI_handler_table)
                  00002d9c    00000004     --HOLE-- [fill = 0]
                  00002da0    00000008     (.cinit..bss.load) [load image, compression = zero_init]
                  00002da8    00000008     (.cinit..vtable.load) [load image, compression = zero_init]
                  00002db0    00000007     (.cinit..data.load) [load image, compression = lzss]
                  00002db7    00000001     --HOLE-- [fill = 0]
                  00002db8    00000018     (__TI_cinit_table)

.init_array 
*          0    00000000    00000000     UNINITIALIZED

.vtable    0    20000000    0000026c     UNINITIALIZED
                  20000000    0000026c     driverlib.lib : interrupt.obj (.vtable)

.stack     0    20000270    00000200     UNINITIALIZED
                  20000270    00000004     rtsv7M4_T_le_v4SPD16_eabi.lib : boot_cortex_m.c.obj (.stack)
                  20000274    000001fc     --HOLE--

.bss       0    20000470    0000008c     UNINITIALIZED
                  20000470    00000054     lcd.obj (.bss:lastbuffer$3)
                  200004c4    00000034     (.common:isr_char_buffer)
                  200004f8    00000004     (.common:_timeout_ticks)

.sysmem    0    20000500    00000010     UNINITIALIZED
                  20000500    00000010     rtsv7M4_T_le_v4SPD16_eabi.lib : memory.c.obj (.sysmem)

.data      0    20000510    0000000a     UNINITIALIZED
                  20000510    00000004     libcybotUART.lib : uart.obj (.data)
                  20000514    00000004     rtsv7M4_T_le_v4SPD16_eabi.lib : errno.c.obj (.data)
                  20000518    00000001     Timer.obj (.data)
                  20000519    00000001     button.obj (.data)

__llvm_prf_cnts 
*          0    20000000    00000000     UNINITIALIZED

MODULE SUMMARY

       Module                         code    ro data   rw data
       ------                         ----    -------   -------
    .\
       lcd.obj                        824     8         84     
       tm4c123gh6pm_startup_ccs.obj   12      620       0      
       Timer.obj                      584     0         5      
       uart.obj                       416     0         0      
       button.obj                     280     0         1      
       lab5_template.obj              108     0         0      
    +--+------------------------------+-------+---------+---------+
       Total:                         2224    628       90     
                                                               
    ../libcybotUART.lib
       uart.obj                       680     0         56     
    +--+------------------------------+-------+---------+---------+
       Total:                         680     0         56     
                                                               
    C:/ti/TivaWare_C_Series-2.2.0.295/driverlib/ccs/Debug/driverlib.lib
       interrupt.obj                  52      0         620    
    +--+------------------------------+-------+---------+---------+
       Total:                         52      0         620    
                                                               
    C:\ti\ccs1230\ccs\tools\compiler\ti-cgt-arm_20.2.7.LTS\lib\rtsv7M4_T_le_v4SPD16_eabi.lib
       _printfi.c.obj                 4851    0         0      
       fd_add_t2.asm.obj              438     0         0      
       fd_div_t2.asm.obj              310     0         0      
       s_scalbn.c.obj                 272     0         0      
       fd_cmp_t2.asm.obj              268     0         0      
       ctype.c.obj                    0       257       0      
       fd_mul_t2.asm.obj              252     0         0      
       memcpy_t2.asm.obj              156     0         0      
       ull_div_t2.asm.obj             150     0         0      
       vsnprintf.c.obj                136     0         0      
       memset_t2.asm.obj              122     0         0      
       copy_decompress_lzss.c.obj     104     0         0      
       s_frexp.c.obj                  100     0         0      
       _ltoa.c.obj                    84      0         0      
       atoi.c.obj                     76      0         0      
       fd_toi_t2.asm.obj              72      0         0      
       autoinit.c.obj                 68      0         0      
       boot_cortex_m.c.obj            52      0         0      
       i_tofd_t2.asm.obj              46      0         0      
       u_tofd_t2.asm.obj              32      0         0      
       copy_zero_init.c.obj           28      0         0      
       memccpy.c.obj                  28      0         0      
       s_copysign.c.obj               26      0         0      
       strcmp.c.obj                   24      0         0      
       strchr.c.obj                   22      0         0      
       strcpy.c.obj                   20      0         0      
       strlen.c.obj                   20      0         0      
       wcslen.c.obj                   18      0         0      
       copy_decompress_none.c.obj     14      0         0      
       errno.c.obj                    8       0         4      
       exit.c.obj                     4       0         0      
       pre_init.c.obj                 4       0         0      
       div0.asm.obj                   2       0         0      
    +--+------------------------------+-------+---------+---------+
       Total:                         7807    257       4      
                                                               
       Heap:                          0       0         16     
       Stack:                         0       0         512    
       Linker Generated:              0       59        0      
    +--+------------------------------+-------+---------+---------+
       Grand Total:                   10763   944       1298   


LINKER GENERATED COPY TABLES

__TI_cinit_table @ 00002db8 records: 3, size/record: 8, table size: 24
	.bss: load addr=00002da0, load size=00000008 bytes, run addr=20000470, run size=0000008c bytes, compression=zero_init
	.vtable: load addr=00002da8, load size=00000008 bytes, run addr=20000000, run size=0000026c bytes, compression=zero_init
	.data: load addr=00002db0, load size=00000007 bytes, run addr=20000510, run size=0000000a bytes, compression=lzss


LINKER GENERATED HANDLER TABLE

__TI_handler_table @ 00002d90 records: 3, size/record: 4, table size: 12
	index: 0, handler: __TI_zero_init
	index: 1, handler: __TI_decompress_lzss
	index: 2, handler: __TI_decompress_none


GLOBAL SYMBOLS: SORTED ALPHABETICALLY BY Name 

address   name                          
-------   ----                          
00002c7d  C$$EXIT                       
00002a8d  IntRegister                   
00002c63  ResetISR                      
20000470  __STACK_END                   
00000200  __STACK_SIZE                  
20000470  __STACK_TOP                   
00000010  __SYSMEM_SIZE                 
00002db8  __TI_CINIT_Base               
00002dd0  __TI_CINIT_Limit              
00002d90  __TI_Handler_Table_Base       
00002d9c  __TI_Handler_Table_Limit      
000029c9  __TI_auto_init_nobinit_nopinit
0000276d  __TI_decompress_lzss          
00002c55  __TI_decompress_none          
0000288f  __TI_ltoa                     
ffffffff  __TI_pprof_out_hndl           
0000026d  __TI_printfi                  
ffffffff  __TI_prof_data_size           
ffffffff  __TI_prof_data_start          
00000000  __TI_static_base__            
00002b73  __TI_zero_init_nomemset       
0000250d  __aeabi_cdcmpeq               
0000250d  __aeabi_cdcmple               
00002593  __aeabi_cdrcmple              
00002981  __aeabi_d2iz                  
0000191f  __aeabi_dadd                  
00001da9  __aeabi_ddiv                  
0000222d  __aeabi_dmul                  
00001915  __aeabi_dsub                  
00002c71  __aeabi_errno_addr            
00002b25  __aeabi_i2d                   
00000cbb  __aeabi_idiv0                 
00000cbb  __aeabi_ldiv0                 
00002619  __aeabi_memclr                
00002619  __aeabi_memclr4               
00002619  __aeabi_memclr8               
000023db  __aeabi_memcpy                
000023db  __aeabi_memcpy4               
000023db  __aeabi_memcpy8               
0000261b  __aeabi_memset                
0000261b  __aeabi_memset4               
0000261b  __aeabi_memset8               
00002b53  __aeabi_ui2d                  
00002477  __aeabi_uldivmod              
ffffffff  __binit__                     
ffffffff  __c_args__                    
UNDEFED   __mpu_init                    
20000270  __stack                       
20000000  __start___llvm_prf_cnts       
20000000  __stop___llvm_prf_cnts        
00002ac1  _c_int00_noargs               
00002c80  _ctypes_                      
20000518  _running                      
20000500  _sys_memory                   
UNDEFED   _system_post_cinit            
00002c79  _system_pre_init              
200004f8  _timeout_ticks                
00002c7d  abort                         
00002935  atoi                          
ffffffff  binit                         
00002061  button_getButton              
0000202d  button_init                   
00002bab  copysign                      
00002bab  copysignl                     
00001231  cyBot_UART1_Handler           
00001223  cyBot_getByte_blocking        
00001203  cyBot_getByte_nonblocking     
00000fe5  cyBot_sendByte                
000011e9  cyBot_uart_flush              
00001153  cyBot_uart_init               
000010f3  cyBot_uart_init_PHJ_first_half
0000109b  cyBot_uart_init_clean         
00001023  cyBot_uart_init_last_half     
0000100b  cyBot_uart_sendBuffer         
00000ff1  cyBot_uart_sendStr            
20000514  errno                         
000027d5  frexp                         
000027d5  frexpl                        
20000000  g_pfnRAMVectors               
00000000  g_pfnVectors                  
200004c4  isr_char_buffer               
20000510  isr_counter                   
00002c45  lcd_clear                     
00000e91  lcd_gotoLine                  
00000cf9  lcd_init                      
00000ef7  lcd_printf                    
00000db9  lcd_putc                      
00000df1  lcd_puts                      
00000cbd  lcd_reverseNibble             
00000e0f  lcd_sendCommand               
00000e4d  lcd_sendNibble                
00000eb9  lcd_setCursorPos              
0000211d  ldexp                         
0000211d  ldexpl                        
00002729  main                          
00002b8f  memccpy                       
000023db  memcpy                        
00002621  memset                        
00002005  printString                   
00002701  printString2                  
0000211d  scalbn                        
0000211d  scalbnl                       
00002bf5  strchr                        
00002bdd  strcmp                        
00002c0b  strcpy                        
00002c1f  strlen                        
0000161b  timer_getMicros               
000015c3  timer_getMillis               
000014fd  timer_init                    
0000159f  timer_pause                   
000015b1  timer_resume                  
00001575  timer_stop                    
00001675  timer_waitMicros              
000016a7  timer_waitMillis              
00001acd  uart_init                     
00001bb9  uart_receive                  
00001b9d  uart_sendChar                 
00001bc9  uart_sendStr                  
00002a0d  vsnprintf                     
00002c33  wcslen                        


GLOBAL SYMBOLS: SORTED BY Symbol Address 

address   name                          
-------   ----                          
00000000  __TI_static_base__            
00000000  g_pfnVectors                  
00000010  __SYSMEM_SIZE                 
00000200  __STACK_SIZE                  
0000026d  __TI_printfi                  
00000cbb  __aeabi_idiv0                 
00000cbb  __aeabi_ldiv0                 
00000cbd  lcd_reverseNibble             
00000cf9  lcd_init                      
00000db9  lcd_putc                      
00000df1  lcd_puts                      
00000e0f  lcd_sendCommand               
00000e4d  lcd_sendNibble                
00000e91  lcd_gotoLine                  
00000eb9  lcd_setCursorPos              
00000ef7  lcd_printf                    
00000fe5  cyBot_sendByte                
00000ff1  cyBot_uart_sendStr            
0000100b  cyBot_uart_sendBuffer         
00001023  cyBot_uart_init_last_half     
0000109b  cyBot_uart_init_clean         
000010f3  cyBot_uart_init_PHJ_first_half
00001153  cyBot_uart_init               
000011e9  cyBot_uart_flush              
00001203  cyBot_getByte_nonblocking     
00001223  cyBot_getByte_blocking        
00001231  cyBot_UART1_Handler           
000014fd  timer_init                    
00001575  timer_stop                    
0000159f  timer_pause                   
000015b1  timer_resume                  
000015c3  timer_getMillis               
0000161b  timer_getMicros               
00001675  timer_waitMicros              
000016a7  timer_waitMillis              
00001915  __aeabi_dsub                  
0000191f  __aeabi_dadd                  
00001acd  uart_init                     
00001b9d  uart_sendChar                 
00001bb9  uart_receive                  
00001bc9  uart_sendStr                  
00001da9  __aeabi_ddiv                  
00002005  printString                   
0000202d  button_init                   
00002061  button_getButton              
0000211d  ldexp                         
0000211d  ldexpl                        
0000211d  scalbn                        
0000211d  scalbnl                       
0000222d  __aeabi_dmul                  
000023db  __aeabi_memcpy                
000023db  __aeabi_memcpy4               
000023db  __aeabi_memcpy8               
000023db  memcpy                        
00002477  __aeabi_uldivmod              
0000250d  __aeabi_cdcmpeq               
0000250d  __aeabi_cdcmple               
00002593  __aeabi_cdrcmple              
00002619  __aeabi_memclr                
00002619  __aeabi_memclr4               
00002619  __aeabi_memclr8               
0000261b  __aeabi_memset                
0000261b  __aeabi_memset4               
0000261b  __aeabi_memset8               
00002621  memset                        
00002701  printString2                  
00002729  main                          
0000276d  __TI_decompress_lzss          
000027d5  frexp                         
000027d5  frexpl                        
0000288f  __TI_ltoa                     
00002935  atoi                          
00002981  __aeabi_d2iz                  
000029c9  __TI_auto_init_nobinit_nopinit
00002a0d  vsnprintf                     
00002a8d  IntRegister                   
00002ac1  _c_int00_noargs               
00002b25  __aeabi_i2d                   
00002b53  __aeabi_ui2d                  
00002b73  __TI_zero_init_nomemset       
00002b8f  memccpy                       
00002bab  copysign                      
00002bab  copysignl                     
00002bdd  strcmp                        
00002bf5  strchr                        
00002c0b  strcpy                        
00002c1f  strlen                        
00002c33  wcslen                        
00002c45  lcd_clear                     
00002c55  __TI_decompress_none          
00002c63  ResetISR                      
00002c71  __aeabi_errno_addr            
00002c79  _system_pre_init              
00002c7d  C$$EXIT                       
00002c7d  abort                         
00002c80  _ctypes_                      
00002d90  __TI_Handler_Table_Base       
00002d9c  __TI_Handler_Table_Limit      
00002db8  __TI_CINIT_Base               
00002dd0  __TI_CINIT_Limit              
20000000  __start___llvm_prf_cnts       
20000000  __stop___llvm_prf_cnts        
20000000  g_pfnRAMVectors               
20000270  __stack                       
20000470  __STACK_END                   
20000470  __STACK_TOP                   
200004c4  isr_char_buffer               
200004f8  _timeout_ticks                
20000500  _sys_memory                   
20000510  isr_counter                   
20000514  errno                         
20000518  _running                      
ffffffff  __TI_pprof_out_hndl           
ffffffff  __TI_prof_data_size           
ffffffff  __TI_prof_data_start          
ffffffff  __binit__                     
ffffffff  __c_args__                    
ffffffff  binit                         
UNDEFED   __mpu_init                    
UNDEFED   _system_post_cinit            

[120 symbols]
