******************************************************************************
                  TI ARM Linker PC v20.2.7                     
******************************************************************************
>> Linked Mon Apr  1 18:19:15 2024

OUTPUT FILE NAME:   <Lab9.out>
ENTRY POINT SYMBOL: "_c_int00_noargs"  address: 00003485


MEMORY CONFIGURATION

         name            origin    length      used     unused   attr    fill
----------------------  --------  ---------  --------  --------  ----  --------
  FLASH                 00000000   00040000  000037fd  0003c803  R  X
  SRAM                  20000000   00008000  00000544  00007abc  RW X


SEGMENT ALLOCATION MAP

run origin  load origin   length   init length attrs members
----------  ----------- ---------- ----------- ----- -------
00000000    00000000    00003800   00003800    r-x
  00000000    00000000    0000026c   0000026c    r-- .intvecs
  0000026c    0000026c    00003440   00003440    r-x .text
  000036ac    000036ac    00000109   00000109    r-- .const
  000037b8    000037b8    00000048   00000048    r-- .cinit
20000000    20000000    00000548   00000000    rw-
  20000000    20000000    0000026c   00000000    rw- .vtable
  20000270    20000270    00000200   00000000    rw- .stack
  20000470    20000470    00000098   00000000    rw- .bss
  20000508    20000508    00000030   00000000    rw- .data
  20000538    20000538    00000010   00000000    rw- .sysmem


SECTION ALLOCATION MAP

 output                                  attributes/
section   page    origin      length       input sections
--------  ----  ----------  ----------   ----------------
.intvecs   0    00000000    0000026c     
                  00000000    0000026c     tm4c123gh6pm_startup_ccs.obj (.intvecs)

.text      0    0000026c    00003440     
                  0000026c    00000a4e     rtsv7M4_T_le_v4SPD16_eabi.lib : _printfi.c.obj (.text:__TI_printfi)
                  00000cba    00000002                                   : _lock.c.obj (.text:_nop)
                  00000cbc    00000328     lcd.obj (.text)
                  00000fe4    000002b0     mainLab9.obj (.text)
                  00001294    000002a8     libcybotUART.lib : uart.obj (.text)
                  0000153c    00000270     rtsv7M4_T_le_v4SPD16_eabi.lib : _printfi.c.obj (.text:_pconv_a)
                  000017ac    00000260     libcybotScan.lib : cyBot_Scan.obj (.text)
                  00001a0c    00000248     Timer.obj (.text)
                  00001c54    00000238     ping_template.obj (.text)
                  00001e8c    000001d0     rtsv7M4_T_le_v4SPD16_eabi.lib : _printfi.c.obj (.text:_pconv_g)
                  0000205c    000001b6                                   : fd_add_t2.asm.obj (.text)
                  00002212    00000002                                   : div0.asm.obj (.text)
                  00002214    00000158     libcybotScan.lib : servo.obj (.text)
                  0000236c    0000013c     rtsv7M4_T_le_v4SPD16_eabi.lib : _printfi.c.obj (.text:_pconv_e)
                  000024a8    00000136                                   : fd_div_t2.asm.obj (.text)
                  000025de    00000002     --HOLE-- [fill = 0]
                  000025e0    00000124                                   : _printfi.c.obj (.text:fcvt)
                  00002704    00000118     libcybotScan.lib : ir.obj (.text)
                  0000281c    00000110     rtsv7M4_T_le_v4SPD16_eabi.lib : s_scalbn.c.obj (.text:scalbn)
                  0000292c    00000100                                   : memory.c.obj (.text:aligned_alloc)
                  00002a2c    000000fc                                   : fd_mul_t2.asm.obj (.text)
                  00002b28    000000f8                                   : s_floor.c.obj (.text:floor)
                  00002c20    000000c4                                   : s_round.c.obj (.text:round)
                  00002ce4    000000b1                                   : _printfi.c.obj (.text:_ltostr)
                  00002d95    00000001     --HOLE-- [fill = 0]
                  00002d96    0000009c                                   : memcpy_t2.asm.obj (.text)
                  00002e32    00000096                                   : ull_div_t2.asm.obj (.text)
                  00002ec8    00000086                                   : fd_cmp_t2.asm.obj (.text:__aeabi_cdcmple)
                  00002f4e    00000086                                   : fd_cmp_t2.asm.obj (.text:__aeabi_cdrcmple)
                  00002fd4    0000007a                                   : memset_t2.asm.obj (.text)
                  0000304e    00000002     --HOLE-- [fill = 0]
                  00003050    00000070                                   : memory.c.obj (.text:split)
                  000030c0    0000006e                                   : _printfi.c.obj (.text:_mcpy)
                  0000312e    00000068                                   : copy_decompress_lzss.c.obj (.text:decompress:lzss:__TI_decompress_lzss)
                  00003196    00000002     --HOLE-- [fill = 0]
                  00003198    00000064                                   : s_frexp.c.obj (.text:frexp)
                  000031fc    00000056                                   : _printfi.c.obj (.text:_pconv_f)
                  00003252    00000054                                   : _ltoa.c.obj (.text:__TI_ltoa)
                  000032a6    00000052                                   : _printfi.c.obj (.text:_ecpy)
                  000032f8    0000004c                                   : atoi.c.obj (.text:atoi)
                  00003344    00000048                                   : fd_toi_t2.asm.obj (.text)
                  0000338c    00000044                                   : autoinit.c.obj (.text:__TI_auto_init_nobinit_nopinit:__TI_auto_init_nobinit_nopinit)
                  000033d0    00000040                                   : vsnprintf.c.obj (.text:vsnprintf)
                  00003410    0000003e                                   : _printfi.c.obj (.text:_fcpy)
                  0000344e    00000002     --HOLE-- [fill = 0]
                  00003450    00000034     driverlib.lib : interrupt.obj (.text:IntRegister)
                  00003484    00000034     rtsv7M4_T_le_v4SPD16_eabi.lib : boot_cortex_m.c.obj (.text:_c_int00_noargs:_c_int00_noargs)
                  000034b8    00000030                                   : vsnprintf.c.obj (.text:_outs)
                  000034e8    0000002e                                   : i_tofd_t2.asm.obj (.text)
                  00003516    00000002     --HOLE-- [fill = 0]
                  00003518    00000028                                   : memory.c.obj (.text:free_list_insert)
                  00003540    00000020                                   : u_tofd_t2.asm.obj (.text)
                  00003560    0000001c                                   : copy_zero_init.c.obj (.text:decompress:ZI:__TI_zero_init_nomemset:__TI_zero_init_nomemset)
                  0000357c    0000001c                                   : memory.c.obj (.text:free_list_remove)
                  00003598    0000001c                                   : memccpy.c.obj (.text:memccpy)
                  000035b4    0000001a                                   : s_copysign.c.obj (.text:copysign)
                  000035ce    00000018                                   : vsnprintf.c.obj (.text:_outc)
                  000035e6    00000018                                   : strcmp.c.obj (.text:strcmp)
                  000035fe    00000016                                   : strchr.c.obj (.text:strchr)
                  00003614    00000014                                   : strcpy.c.obj (.text:strcpy)
                  00003628    00000014                                   : strlen.c.obj (.text:strlen)
                  0000363c    00000012                                   : wcslen.c.obj (.text:wcslen)
                  0000364e    00000010     driverlib.lib : interrupt.obj (.text:IntMasterEnable)
                  0000365e    00000010     lcd.obj (.text:lcd_clear)
                  0000366e    0000000e     rtsv7M4_T_le_v4SPD16_eabi.lib : copy_decompress_none.c.obj (.text:decompress:none:__TI_decompress_none)
                  0000367c    0000000c     driverlib.lib : cpu.obj (.text:CPUcpsie)
                  00003688    0000000c     tm4c123gh6pm_startup_ccs.obj (.text)
                  00003694    00000008     rtsv7M4_T_le_v4SPD16_eabi.lib : errno.c.obj (.text:__aeabi_errno_addr)
                  0000369c    00000008                                   : memory.c.obj (.text:malloc)
                  000036a4    00000004                                   : pre_init.c.obj (.text:_system_pre_init)
                  000036a8    00000004                                   : exit.c.obj (.text:abort:abort)

.const     0    000036ac    00000109     
                  000036ac    00000101     rtsv7M4_T_le_v4SPD16_eabi.lib : ctype.c.obj (.const:.string:_ctypes_)
                  000037ad    00000004     lcd.obj (.const:.string:lineAddress$1)
                  000037b1    00000004     lcd.obj (.const:.string:lineAddresses$2)

.cinit     0    000037b8    00000048     
                  000037b8    0000000f     (.cinit..data.load) [load image, compression = lzss]
                  000037c7    00000001     --HOLE-- [fill = 0]
                  000037c8    0000000c     (__TI_handler_table)
                  000037d4    00000004     --HOLE-- [fill = 0]
                  000037d8    00000008     (.cinit..bss.load) [load image, compression = zero_init]
                  000037e0    00000008     (.cinit..vtable.load) [load image, compression = zero_init]
                  000037e8    00000018     (__TI_cinit_table)

.init_array 
*          0    00000000    00000000     UNINITIALIZED

.vtable    0    20000000    0000026c     UNINITIALIZED
                  20000000    0000026c     driverlib.lib : interrupt.obj (.vtable)

.stack     0    20000270    00000200     UNINITIALIZED
                  20000270    00000004     rtsv7M4_T_le_v4SPD16_eabi.lib : boot_cortex_m.c.obj (.stack)
                  20000274    000001fc     --HOLE--

.bss       0    20000470    00000098     UNINITIALIZED
                  20000470    00000054     lcd.obj (.bss:lastbuffer$3)
                  200004c4    00000034     (.common:isr_char_buffer)
                  200004f8    00000004     (.common:_timeout_ticks)
                  200004fc    00000004     (.common:isr_int_value)
                  20000500    00000004     (.common:left_calibration_value)
                  20000504    00000004     (.common:right_calibration_value)

.data      0    20000508    00000030     UNINITIALIZED
                  20000508    00000011     ping_template.obj (.data)
                  20000519    00000001     Timer.obj (.data)
                  2000051a    00000002     --HOLE--
                  2000051c    00000008     rtsv7M4_T_le_v4SPD16_eabi.lib : _lock.c.obj (.data:$O1$$)
                  20000524    00000008                                   : memory.c.obj (.data:$O1$$)
                  2000052c    00000004     libcybotScan.lib : cyBot_Scan.obj (.data)
                  20000530    00000004     libcybotUART.lib : uart.obj (.data)
                  20000534    00000004     rtsv7M4_T_le_v4SPD16_eabi.lib : errno.c.obj (.data)

.sysmem    0    20000538    00000010     UNINITIALIZED
                  20000538    00000010     rtsv7M4_T_le_v4SPD16_eabi.lib : memory.c.obj (.sysmem)

__llvm_prf_cnts 
*          0    20000000    00000000     UNINITIALIZED

MODULE SUMMARY

       Module                         code    ro data   rw data
       ------                         ----    -------   -------
    .\
       lcd.obj                        824     8         84     
       mainLab9.obj                   688     0         8      
       tm4c123gh6pm_startup_ccs.obj   12      620       0      
       Timer.obj                      584     0         5      
       ping_template.obj              568     0         17     
    +--+------------------------------+-------+---------+---------+
       Total:                         2676    628       114    
                                                               
    ../libcybotScan.lib
       cyBot_Scan.obj                 608     0         4      
       servo.obj                      344     0         0      
       ir.obj                         280     0         4      
    +--+------------------------------+-------+---------+---------+
       Total:                         1232    0         8      
                                                               
    ../libcybotUART.lib
       uart.obj                       680     0         56     
    +--+------------------------------+-------+---------+---------+
       Total:                         680     0         56     
                                                               
    C:/ti/TivaWare_C_Series-2.2.0.295/driverlib/ccs/Debug/driverlib.lib
       interrupt.obj                  68      0         620    
       cpu.obj                        12      0         0      
    +--+------------------------------+-------+---------+---------+
       Total:                         80      0         620    
                                                               
    C:\ti\ccs1230\ccs\tools\compiler\ti-cgt-arm_20.2.7.LTS\lib\rtsv7M4_T_le_v4SPD16_eabi.lib
       _printfi.c.obj                 4851    0         0      
       memory.c.obj                   444     0         8      
       fd_add_t2.asm.obj              438     0         0      
       fd_div_t2.asm.obj              310     0         0      
       s_scalbn.c.obj                 272     0         0      
       fd_cmp_t2.asm.obj              268     0         0      
       ctype.c.obj                    0       257       0      
       fd_mul_t2.asm.obj              252     0         0      
       s_floor.c.obj                  248     0         0      
       s_round.c.obj                  196     0         0      
       memcpy_t2.asm.obj              156     0         0      
       ull_div_t2.asm.obj             150     0         0      
       vsnprintf.c.obj                136     0         0      
       memset_t2.asm.obj              122     0         0      
       copy_decompress_lzss.c.obj     104     0         0      
       s_frexp.c.obj                  100     0         0      
       _ltoa.c.obj                    84      0         0      
       atoi.c.obj                     76      0         0      
       fd_toi_t2.asm.obj              72      0         0      
       autoinit.c.obj                 68      0         0      
       boot_cortex_m.c.obj            52      0         0      
       i_tofd_t2.asm.obj              46      0         0      
       u_tofd_t2.asm.obj              32      0         0      
       copy_zero_init.c.obj           28      0         0      
       memccpy.c.obj                  28      0         0      
       s_copysign.c.obj               26      0         0      
       strcmp.c.obj                   24      0         0      
       strchr.c.obj                   22      0         0      
       strcpy.c.obj                   20      0         0      
       strlen.c.obj                   20      0         0      
       wcslen.c.obj                   18      0         0      
       copy_decompress_none.c.obj     14      0         0      
       errno.c.obj                    8       0         4      
       _lock.c.obj                    2       0         8      
       exit.c.obj                     4       0         0      
       pre_init.c.obj                 4       0         0      
       div0.asm.obj                   2       0         0      
    +--+------------------------------+-------+---------+---------+
       Total:                         8697    257       20     
                                                               
       Heap:                          0       0         16     
       Stack:                         0       0         512    
       Linker Generated:              0       67        0      
    +--+------------------------------+-------+---------+---------+
       Grand Total:                   13365   952       1346   


LINKER GENERATED COPY TABLES

__TI_cinit_table @ 000037e8 records: 3, size/record: 8, table size: 24
	.data: load addr=000037b8, load size=0000000f bytes, run addr=20000508, run size=00000030 bytes, compression=lzss
	.bss: load addr=000037d8, load size=00000008 bytes, run addr=20000470, run size=00000098 bytes, compression=zero_init
	.vtable: load addr=000037e0, load size=00000008 bytes, run addr=20000000, run size=0000026c bytes, compression=zero_init


LINKER GENERATED HANDLER TABLE

__TI_handler_table @ 000037c8 records: 3, size/record: 4, table size: 12
	index: 0, handler: __TI_zero_init
	index: 1, handler: __TI_decompress_lzss
	index: 2, handler: __TI_decompress_none


GLOBAL SYMBOLS: SORTED ALPHABETICALLY BY Name 

address   name                          
-------   ----                          
0000279d  ADC0SS0_Handler               
000036a9  C$$EXIT                       
0000367d  CPUcpsie                      
2000050c  END_TIME                      
0000364f  IntMasterEnable               
00003451  IntRegister                   
20000514  OVERFLOW                      
20000510  RESULTS                       
00003689  ResetISR                      
20000508  START_TIME                    
20000518  STATE                         
00001dbd  TIMER3B_Handler               
20000470  __STACK_END                   
00000200  __STACK_SIZE                  
20000470  __STACK_TOP                   
00000010  __SYSMEM_SIZE                 
000037e8  __TI_CINIT_Base               
00003800  __TI_CINIT_Limit              
000037c8  __TI_Handler_Table_Base       
000037d4  __TI_Handler_Table_Limit      
0000338d  __TI_auto_init_nobinit_nopinit
0000312f  __TI_decompress_lzss          
0000366f  __TI_decompress_none          
00003253  __TI_ltoa                     
ffffffff  __TI_pprof_out_hndl           
0000026d  __TI_printfi                  
ffffffff  __TI_prof_data_size           
ffffffff  __TI_prof_data_start          
00000000  __TI_static_base__            
00003561  __TI_zero_init_nomemset       
00002ec9  __aeabi_cdcmpeq               
00002ec9  __aeabi_cdcmple               
00002f4f  __aeabi_cdrcmple              
00003345  __aeabi_d2iz                  
00002067  __aeabi_dadd                  
000024a9  __aeabi_ddiv                  
00002a2d  __aeabi_dmul                  
0000205d  __aeabi_dsub                  
00003695  __aeabi_errno_addr            
000034e9  __aeabi_i2d                   
00002213  __aeabi_idiv0                 
00002213  __aeabi_ldiv0                 
00002fd5  __aeabi_memclr                
00002fd5  __aeabi_memclr4               
00002fd5  __aeabi_memclr8               
00002d97  __aeabi_memcpy                
00002d97  __aeabi_memcpy4               
00002d97  __aeabi_memcpy8               
00002fd7  __aeabi_memset                
00002fd7  __aeabi_memset4               
00002fd7  __aeabi_memset8               
00003541  __aeabi_ui2d                  
00002e33  __aeabi_uldivmod              
ffffffff  __binit__                     
ffffffff  __c_args__                    
UNDEFED   __mpu_init                    
20000270  __stack                       
20000000  __start___llvm_prf_cnts       
20000000  __stop___llvm_prf_cnts        
00003485  _c_int00_noargs               
000036ac  _ctypes_                      
2000051c  _lock                         
00000cbb  _nop                          
20000519  _running                      
20000538  _sys_memory                   
UNDEFED   _system_post_cinit            
000036a5  _system_pre_init              
200004f8  _timeout_ticks                
20000520  _unlock                       
000036a9  abort                         
0000292d  aligned_alloc                 
000032f9  atoi                          
ffffffff  binit                         
000010c5  calculateDistance             
0000110b  calculatePingDis              
000035b5  copysign                      
000035b5  copysignl                     
00001885  cyBOT_SERVO_cal               
00001813  cyBOT_Scan                    
000017bb  cyBOT_init_Scan               
2000052c  cyBOT_scan_features           
000017ad  cyBOT_scan_version            
000014e1  cyBot_UART1_Handler           
000014d3  cyBot_getByte_blocking        
000014b3  cyBot_getByte_nonblocking     
00001295  cyBot_sendByte                
00001499  cyBot_uart_flush              
00001403  cyBot_uart_init               
000013a3  cyBot_uart_init_PHJ_first_half
0000134b  cyBot_uart_init_clean         
000012d3  cyBot_uart_init_last_half     
000012bb  cyBot_uart_sendBuffer         
000012a1  cyBot_uart_sendStr            
20000534  errno                         
00002b29  floor                         
00002b29  floorl                        
00003199  frexp                         
00003199  frexpl                        
20000000  g_pfnRAMVectors               
00000000  g_pfnVectors                  
000027b3  ir_enableInterrupt            
00002795  ir_getDistance                
0000276d  ir_getValue                   
00002705  ir_init                       
200004c4  isr_char_buffer               
20000530  isr_counter                   
200004fc  isr_int_value                 
0000365f  lcd_clear                     
00000e91  lcd_gotoLine                  
00000cf9  lcd_init                      
00000ef7  lcd_printf                    
00000db9  lcd_putc                      
00000df1  lcd_puts                      
00000cbd  lcd_reverseNibble             
00000e0f  lcd_sendCommand               
00000e4d  lcd_sendNibble                
00000eb9  lcd_setCursorPos              
0000281d  ldexp                         
0000281d  ldexpl                        
20000500  left_calibration_value        
00001167  main                          
0000100d  makeString                    
0000369d  malloc                        
0000292d  memalign                      
00003599  memccpy                       
00002d97  memcpy                        
00002fdd  memset                        
00001dff  ping_getDistance              
00001c55  ping_init                     
00001d25  ping_trigger                  
00000fe5  printString2                  
20000504  right_calibration_value       
00002c21  round                         
00002c21  roundl                        
0000281d  scalbn                        
0000281d  scalbnl                       
00002215  servo_init                    
000022a5  servo_move                    
00002305  servo_setPWM                  
00002299  servo_stop                    
000035ff  strchr                        
000035e7  strcmp                        
00003615  strcpy                        
00003629  strlen                        
00001b2b  timer_getMicros               
00001ad3  timer_getMillis               
00001a0d  timer_init                    
00001aaf  timer_pause                   
00001ac1  timer_resume                  
00001a85  timer_stop                    
00001b85  timer_waitMicros              
00001bb7  timer_waitMillis              
000033d1  vsnprintf                     
0000363d  wcslen                        


GLOBAL SYMBOLS: SORTED BY Symbol Address 

address   name                          
-------   ----                          
00000000  __TI_static_base__            
00000000  g_pfnVectors                  
00000010  __SYSMEM_SIZE                 
00000200  __STACK_SIZE                  
0000026d  __TI_printfi                  
00000cbb  _nop                          
00000cbd  lcd_reverseNibble             
00000cf9  lcd_init                      
00000db9  lcd_putc                      
00000df1  lcd_puts                      
00000e0f  lcd_sendCommand               
00000e4d  lcd_sendNibble                
00000e91  lcd_gotoLine                  
00000eb9  lcd_setCursorPos              
00000ef7  lcd_printf                    
00000fe5  printString2                  
0000100d  makeString                    
000010c5  calculateDistance             
0000110b  calculatePingDis              
00001167  main                          
00001295  cyBot_sendByte                
000012a1  cyBot_uart_sendStr            
000012bb  cyBot_uart_sendBuffer         
000012d3  cyBot_uart_init_last_half     
0000134b  cyBot_uart_init_clean         
000013a3  cyBot_uart_init_PHJ_first_half
00001403  cyBot_uart_init               
00001499  cyBot_uart_flush              
000014b3  cyBot_getByte_nonblocking     
000014d3  cyBot_getByte_blocking        
000014e1  cyBot_UART1_Handler           
000017ad  cyBOT_scan_version            
000017bb  cyBOT_init_Scan               
00001813  cyBOT_Scan                    
00001885  cyBOT_SERVO_cal               
00001a0d  timer_init                    
00001a85  timer_stop                    
00001aaf  timer_pause                   
00001ac1  timer_resume                  
00001ad3  timer_getMillis               
00001b2b  timer_getMicros               
00001b85  timer_waitMicros              
00001bb7  timer_waitMillis              
00001c55  ping_init                     
00001d25  ping_trigger                  
00001dbd  TIMER3B_Handler               
00001dff  ping_getDistance              
0000205d  __aeabi_dsub                  
00002067  __aeabi_dadd                  
00002213  __aeabi_idiv0                 
00002213  __aeabi_ldiv0                 
00002215  servo_init                    
00002299  servo_stop                    
000022a5  servo_move                    
00002305  servo_setPWM                  
000024a9  __aeabi_ddiv                  
00002705  ir_init                       
0000276d  ir_getValue                   
00002795  ir_getDistance                
0000279d  ADC0SS0_Handler               
000027b3  ir_enableInterrupt            
0000281d  ldexp                         
0000281d  ldexpl                        
0000281d  scalbn                        
0000281d  scalbnl                       
0000292d  aligned_alloc                 
0000292d  memalign                      
00002a2d  __aeabi_dmul                  
00002b29  floor                         
00002b29  floorl                        
00002c21  round                         
00002c21  roundl                        
00002d97  __aeabi_memcpy                
00002d97  __aeabi_memcpy4               
00002d97  __aeabi_memcpy8               
00002d97  memcpy                        
00002e33  __aeabi_uldivmod              
00002ec9  __aeabi_cdcmpeq               
00002ec9  __aeabi_cdcmple               
00002f4f  __aeabi_cdrcmple              
00002fd5  __aeabi_memclr                
00002fd5  __aeabi_memclr4               
00002fd5  __aeabi_memclr8               
00002fd7  __aeabi_memset                
00002fd7  __aeabi_memset4               
00002fd7  __aeabi_memset8               
00002fdd  memset                        
0000312f  __TI_decompress_lzss          
00003199  frexp                         
00003199  frexpl                        
00003253  __TI_ltoa                     
000032f9  atoi                          
00003345  __aeabi_d2iz                  
0000338d  __TI_auto_init_nobinit_nopinit
000033d1  vsnprintf                     
00003451  IntRegister                   
00003485  _c_int00_noargs               
000034e9  __aeabi_i2d                   
00003541  __aeabi_ui2d                  
00003561  __TI_zero_init_nomemset       
00003599  memccpy                       
000035b5  copysign                      
000035b5  copysignl                     
000035e7  strcmp                        
000035ff  strchr                        
00003615  strcpy                        
00003629  strlen                        
0000363d  wcslen                        
0000364f  IntMasterEnable               
0000365f  lcd_clear                     
0000366f  __TI_decompress_none          
0000367d  CPUcpsie                      
00003689  ResetISR                      
00003695  __aeabi_errno_addr            
0000369d  malloc                        
000036a5  _system_pre_init              
000036a9  C$$EXIT                       
000036a9  abort                         
000036ac  _ctypes_                      
000037c8  __TI_Handler_Table_Base       
000037d4  __TI_Handler_Table_Limit      
000037e8  __TI_CINIT_Base               
00003800  __TI_CINIT_Limit              
20000000  __start___llvm_prf_cnts       
20000000  __stop___llvm_prf_cnts        
20000000  g_pfnRAMVectors               
20000270  __stack                       
20000470  __STACK_END                   
20000470  __STACK_TOP                   
200004c4  isr_char_buffer               
200004f8  _timeout_ticks                
200004fc  isr_int_value                 
20000500  left_calibration_value        
20000504  right_calibration_value       
20000508  START_TIME                    
2000050c  END_TIME                      
20000510  RESULTS                       
20000514  OVERFLOW                      
20000518  STATE                         
20000519  _running                      
2000051c  _lock                         
20000520  _unlock                       
2000052c  cyBOT_scan_features           
20000530  isr_counter                   
20000534  errno                         
20000538  _sys_memory                   
ffffffff  __TI_pprof_out_hndl           
ffffffff  __TI_prof_data_size           
ffffffff  __TI_prof_data_start          
ffffffff  __binit__                     
ffffffff  __c_args__                    
ffffffff  binit                         
UNDEFED   __mpu_init                    
UNDEFED   _system_post_cinit            

[154 symbols]
