******************************************************************************
                  TI ARM Linker PC v20.2.7                     
******************************************************************************
>> Linked Tue Mar 26 14:06:52 2024

OUTPUT FILE NAME:   <Lab8.out>
ENTRY POINT SYMBOL: "_c_int00_noargs"  address: 0000348d


MEMORY CONFIGURATION

         name            origin    length      used     unused   attr    fill
----------------------  --------  ---------  --------  --------  ----  --------
  FLASH                 00000000   00040000  000037e5  0003c81b  R  X
  SRAM                  20000000   00008000  0000053e  00007ac2  RW X


SEGMENT ALLOCATION MAP

run origin  load origin   length   init length attrs members
----------  ----------- ---------- ----------- ----- -------
00000000    00000000    000037e8   000037e8    r-x
  00000000    00000000    0000026c   0000026c    r-- .intvecs
  0000026c    0000026c    00003428   00003428    r-x .text
  00003694    00003694    00000109   00000109    r-- .const
  000037a0    000037a0    00000048   00000048    r-- .cinit
20000000    20000000    00000548   00000000    rw-
  20000000    20000000    0000026c   00000000    rw- .vtable
  20000270    20000270    00000200   00000000    rw- .stack
  20000470    20000470    000000a5   00000000    rw- .bss
  20000518    20000518    0000001d   00000000    rw- .data
  20000538    20000538    00000010   00000000    rw- .sysmem


SECTION ALLOCATION MAP

 output                                  attributes/
section   page    origin      length       input sections
--------  ----  ----------  ----------   ----------------
.intvecs   0    00000000    0000026c     
                  00000000    0000026c     tm4c123gh6pm_startup_ccs.obj (.intvecs)

.text      0    0000026c    00003428     
                  0000026c    00000a4e     rtsv7M4_T_le_v4SPD16_eabi.lib : _printfi.c.obj (.text:__TI_printfi)
                  00000cba    00000002                                   : _lock.c.obj (.text:_nop)
                  00000cbc    00000328     lcd.obj (.text)
                  00000fe4    000002a8     libcybotUART.lib : uart.obj (.text)
                  0000128c    00000270     rtsv7M4_T_le_v4SPD16_eabi.lib : _printfi.c.obj (.text:_pconv_a)
                  000014fc    00000260     libcybotScan.lib : cyBot_Scan.obj (.text)
                  0000175c    00000248     Timer.obj (.text)
                  000019a4    000001fc     mainLab8.obj (.text)
                  00001ba0    000001ec     libcybotScan.lib : ping.obj (.text)
                  00001d8c    000001d0     rtsv7M4_T_le_v4SPD16_eabi.lib : _printfi.c.obj (.text:_pconv_g)
                  00001f5c    000001b6                                   : fd_add_t2.asm.obj (.text)
                  00002112    00000002                                   : div0.asm.obj (.text)
                  00002114    00000158     libcybotScan.lib : servo.obj (.text)
                  0000226c    0000013c     rtsv7M4_T_le_v4SPD16_eabi.lib : _printfi.c.obj (.text:_pconv_e)
                  000023a8    00000136                                   : fd_div_t2.asm.obj (.text)
                  000024de    00000002     --HOLE-- [fill = 0]
                  000024e0    00000124                                   : _printfi.c.obj (.text:fcvt)
                  00002604    00000118     libcybotScan.lib : ir.obj (.text)
                  0000271c    00000110     rtsv7M4_T_le_v4SPD16_eabi.lib : s_scalbn.c.obj (.text:scalbn)
                  0000282c    00000100                                   : memory.c.obj (.text:aligned_alloc)
                  0000292c    000000fc                                   : fd_mul_t2.asm.obj (.text)
                  00002a28    000000f8                                   : s_floor.c.obj (.text:floor)
                  00002b20    000000d0     adc.obj (.text)
                  00002bf0    000000c4     rtsv7M4_T_le_v4SPD16_eabi.lib : s_round.c.obj (.text:round)
                  00002cb4    000000b1                                   : _printfi.c.obj (.text:_ltostr)
                  00002d65    00000001     --HOLE-- [fill = 0]
                  00002d66    0000009c                                   : memcpy_t2.asm.obj (.text)
                  00002e02    00000096                                   : ull_div_t2.asm.obj (.text)
                  00002e98    00000086                                   : fd_cmp_t2.asm.obj (.text:__aeabi_cdcmple)
                  00002f1e    00000086                                   : fd_cmp_t2.asm.obj (.text:__aeabi_cdrcmple)
                  00002fa4    0000007a                                   : memset_t2.asm.obj (.text)
                  0000301e    00000002     --HOLE-- [fill = 0]
                  00003020    00000070                                   : memory.c.obj (.text:split)
                  00003090    0000006e                                   : _printfi.c.obj (.text:_mcpy)
                  000030fe    00000068                                   : copy_decompress_lzss.c.obj (.text:decompress:lzss:__TI_decompress_lzss)
                  00003166    00000002     --HOLE-- [fill = 0]
                  00003168    00000064                                   : s_frexp.c.obj (.text:frexp)
                  000031cc    00000056                                   : _printfi.c.obj (.text:_pconv_f)
                  00003222    00000054                                   : _ltoa.c.obj (.text:__TI_ltoa)
                  00003276    00000052                                   : _printfi.c.obj (.text:_ecpy)
                  000032c8    0000004c                                   : atoi.c.obj (.text:atoi)
                  00003314    00000048                                   : fd_toi_t2.asm.obj (.text)
                  0000335c    00000044                                   : autoinit.c.obj (.text:__TI_auto_init_nobinit_nopinit:__TI_auto_init_nobinit_nopinit)
                  000033a0    00000040                                   : vsnprintf.c.obj (.text:vsnprintf)
                  000033e0    0000003e                                   : _printfi.c.obj (.text:_fcpy)
                  0000341e    00000002     --HOLE-- [fill = 0]
                  00003420    00000038                                   : memory.c.obj (.text:calloc)
                  00003458    00000034     driverlib.lib : interrupt.obj (.text:IntRegister)
                  0000348c    00000034     rtsv7M4_T_le_v4SPD16_eabi.lib : boot_cortex_m.c.obj (.text:_c_int00_noargs:_c_int00_noargs)
                  000034c0    00000030                                   : vsnprintf.c.obj (.text:_outs)
                  000034f0    0000002e                                   : i_tofd_t2.asm.obj (.text)
                  0000351e    00000002     --HOLE-- [fill = 0]
                  00003520    00000028                                   : memory.c.obj (.text:free_list_insert)
                  00003548    0000001c                                   : copy_zero_init.c.obj (.text:decompress:ZI:__TI_zero_init_nomemset:__TI_zero_init_nomemset)
                  00003564    0000001c                                   : memory.c.obj (.text:free_list_remove)
                  00003580    0000001c                                   : memccpy.c.obj (.text:memccpy)
                  0000359c    0000001a                                   : s_copysign.c.obj (.text:copysign)
                  000035b6    00000018                                   : vsnprintf.c.obj (.text:_outc)
                  000035ce    00000018                                   : strcmp.c.obj (.text:strcmp)
                  000035e6    00000016                                   : strchr.c.obj (.text:strchr)
                  000035fc    00000014                                   : strcpy.c.obj (.text:strcpy)
                  00003610    00000014                                   : strlen.c.obj (.text:strlen)
                  00003624    00000012                                   : wcslen.c.obj (.text:wcslen)
                  00003636    00000010     driverlib.lib : interrupt.obj (.text:IntMasterEnable)
                  00003646    00000010     lcd.obj (.text:lcd_clear)
                  00003656    0000000e     rtsv7M4_T_le_v4SPD16_eabi.lib : copy_decompress_none.c.obj (.text:decompress:none:__TI_decompress_none)
                  00003664    0000000c     driverlib.lib : cpu.obj (.text:CPUcpsie)
                  00003670    0000000c     tm4c123gh6pm_startup_ccs.obj (.text)
                  0000367c    00000008     rtsv7M4_T_le_v4SPD16_eabi.lib : errno.c.obj (.text:__aeabi_errno_addr)
                  00003684    00000008                                   : memory.c.obj (.text:malloc)
                  0000368c    00000004                                   : pre_init.c.obj (.text:_system_pre_init)
                  00003690    00000004                                   : exit.c.obj (.text:abort:abort)

.const     0    00003694    00000109     
                  00003694    00000101     rtsv7M4_T_le_v4SPD16_eabi.lib : ctype.c.obj (.const:.string:_ctypes_)
                  00003795    00000004     lcd.obj (.const:.string:lineAddress$1)
                  00003799    00000004     lcd.obj (.const:.string:lineAddresses$2)

.cinit     0    000037a0    00000048     
                  000037a0    0000000d     (.cinit..data.load) [load image, compression = lzss]
                  000037ad    00000003     --HOLE-- [fill = 0]
                  000037b0    0000000c     (__TI_handler_table)
                  000037bc    00000004     --HOLE-- [fill = 0]
                  000037c0    00000008     (.cinit..bss.load) [load image, compression = zero_init]
                  000037c8    00000008     (.cinit..vtable.load) [load image, compression = zero_init]
                  000037d0    00000018     (__TI_cinit_table)

.init_array 
*          0    00000000    00000000     UNINITIALIZED

.vtable    0    20000000    0000026c     UNINITIALIZED
                  20000000    0000026c     driverlib.lib : interrupt.obj (.vtable)

.stack     0    20000270    00000200     UNINITIALIZED
                  20000270    00000004     rtsv7M4_T_le_v4SPD16_eabi.lib : boot_cortex_m.c.obj (.stack)
                  20000274    000001fc     --HOLE--

.bss       0    20000470    000000a5     UNINITIALIZED
                  20000470    00000054     lcd.obj (.bss:lastbuffer$3)
                  200004c4    00000034     (.common:isr_char_buffer)
                  200004f8    00000004     (.common:_timeout_ticks)
                  200004fc    00000004     (.common:fallingEdge)
                  20000500    00000004     (.common:isr_int_value)
                  20000504    00000004     (.common:left_calibration_value)
                  20000508    00000004     (.common:pulseLength)
                  2000050c    00000004     (.common:right_calibration_value)
                  20000510    00000004     (.common:risingEdge)
                  20000514    00000001     (.common:isRisingEdge)

.data      0    20000518    0000001d     UNINITIALIZED
                  20000518    00000008     rtsv7M4_T_le_v4SPD16_eabi.lib : _lock.c.obj (.data:$O1$$)
                  20000520    00000008                                   : memory.c.obj (.data:$O1$$)
                  20000528    00000004     libcybotScan.lib : cyBot_Scan.obj (.data)
                  2000052c    00000004     libcybotUART.lib : uart.obj (.data)
                  20000530    00000004     rtsv7M4_T_le_v4SPD16_eabi.lib : errno.c.obj (.data)
                  20000534    00000001     Timer.obj (.data)

.sysmem    0    20000538    00000010     UNINITIALIZED
                  20000538    00000010     rtsv7M4_T_le_v4SPD16_eabi.lib : memory.c.obj (.sysmem)

__llvm_prf_cnts 
*          0    20000000    00000000     UNINITIALIZED

MODULE SUMMARY

       Module                         code    ro data   rw data
       ------                         ----    -------   -------
    .\
       lcd.obj                        824     8         84     
       tm4c123gh6pm_startup_ccs.obj   12      620       0      
       Timer.obj                      584     0         5      
       mainLab8.obj                   508     0         8      
       adc.obj                        208     0         0      
    +--+------------------------------+-------+---------+---------+
       Total:                         2136    628       97     
                                                               
    ../libcybotScan.lib
       cyBot_Scan.obj                 608     0         4      
       ping.obj                       492     0         13     
       servo.obj                      344     0         0      
       ir.obj                         280     0         4      
    +--+------------------------------+-------+---------+---------+
       Total:                         1724    0         21     
                                                               
    ../libcybotUART.lib
       uart.obj                       680     0         56     
    +--+------------------------------+-------+---------+---------+
       Total:                         680     0         56     
                                                               
    C:/ti/TivaWare_C_Series-2.2.0.295/driverlib/ccs/Debug/driverlib.lib
       interrupt.obj                  68      0         620    
       cpu.obj                        12      0         0      
    +--+------------------------------+-------+---------+---------+
       Total:                         80      0         620    
                                                               
    C:\ti\ccs1230\ccs\tools\compiler\ti-cgt-arm_20.2.7.LTS\lib\rtsv7M4_T_le_v4SPD16_eabi.lib
       _printfi.c.obj                 4851    0         0      
       memory.c.obj                   500     0         8      
       fd_add_t2.asm.obj              438     0         0      
       fd_div_t2.asm.obj              310     0         0      
       s_scalbn.c.obj                 272     0         0      
       fd_cmp_t2.asm.obj              268     0         0      
       ctype.c.obj                    0       257       0      
       fd_mul_t2.asm.obj              252     0         0      
       s_floor.c.obj                  248     0         0      
       s_round.c.obj                  196     0         0      
       memcpy_t2.asm.obj              156     0         0      
       ull_div_t2.asm.obj             150     0         0      
       vsnprintf.c.obj                136     0         0      
       memset_t2.asm.obj              122     0         0      
       copy_decompress_lzss.c.obj     104     0         0      
       s_frexp.c.obj                  100     0         0      
       _ltoa.c.obj                    84      0         0      
       atoi.c.obj                     76      0         0      
       fd_toi_t2.asm.obj              72      0         0      
       autoinit.c.obj                 68      0         0      
       boot_cortex_m.c.obj            52      0         0      
       i_tofd_t2.asm.obj              46      0         0      
       copy_zero_init.c.obj           28      0         0      
       memccpy.c.obj                  28      0         0      
       s_copysign.c.obj               26      0         0      
       strcmp.c.obj                   24      0         0      
       strchr.c.obj                   22      0         0      
       strcpy.c.obj                   20      0         0      
       strlen.c.obj                   20      0         0      
       wcslen.c.obj                   18      0         0      
       copy_decompress_none.c.obj     14      0         0      
       errno.c.obj                    8       0         4      
       _lock.c.obj                    2       0         8      
       exit.c.obj                     4       0         0      
       pre_init.c.obj                 4       0         0      
       div0.asm.obj                   2       0         0      
    +--+------------------------------+-------+---------+---------+
       Total:                         8721    257       20     
                                                               
       Heap:                          0       0         16     
       Stack:                         0       0         512    
       Linker Generated:              0       65        0      
    +--+------------------------------+-------+---------+---------+
       Grand Total:                   13341   950       1342   


LINKER GENERATED COPY TABLES

__TI_cinit_table @ 000037d0 records: 3, size/record: 8, table size: 24
	.data: load addr=000037a0, load size=0000000d bytes, run addr=20000518, run size=0000001d bytes, compression=lzss
	.bss: load addr=000037c0, load size=00000008 bytes, run addr=20000470, run size=000000a5 bytes, compression=zero_init
	.vtable: load addr=000037c8, load size=00000008 bytes, run addr=20000000, run size=0000026c bytes, compression=zero_init


LINKER GENERATED HANDLER TABLE

__TI_handler_table @ 000037b0 records: 3, size/record: 4, table size: 12
	index: 0, handler: __TI_zero_init
	index: 1, handler: __TI_decompress_lzss
	index: 2, handler: __TI_decompress_none


GLOBAL SYMBOLS: SORTED ALPHABETICALLY BY Name 

address   name                          
-------   ----                          
0000269d  ADC0SS0_Handler               
00003691  C$$EXIT                       
00003665  CPUcpsie                      
00003637  IntMasterEnable               
00003459  IntRegister                   
00003671  ResetISR                      
00001c91  TIMER3B_Handler               
20000470  __STACK_END                   
00000200  __STACK_SIZE                  
20000470  __STACK_TOP                   
00000010  __SYSMEM_SIZE                 
000037d0  __TI_CINIT_Base               
000037e8  __TI_CINIT_Limit              
000037b0  __TI_Handler_Table_Base       
000037bc  __TI_Handler_Table_Limit      
0000335d  __TI_auto_init_nobinit_nopinit
000030ff  __TI_decompress_lzss          
00003657  __TI_decompress_none          
00003223  __TI_ltoa                     
ffffffff  __TI_pprof_out_hndl           
0000026d  __TI_printfi                  
ffffffff  __TI_prof_data_size           
ffffffff  __TI_prof_data_start          
00000000  __TI_static_base__            
00003549  __TI_zero_init_nomemset       
00002e99  __aeabi_cdcmpeq               
00002e99  __aeabi_cdcmple               
00002f1f  __aeabi_cdrcmple              
00003315  __aeabi_d2iz                  
00001f67  __aeabi_dadd                  
000023a9  __aeabi_ddiv                  
0000292d  __aeabi_dmul                  
00001f5d  __aeabi_dsub                  
0000367d  __aeabi_errno_addr            
000034f1  __aeabi_i2d                   
00002113  __aeabi_idiv0                 
00002113  __aeabi_ldiv0                 
00002fa5  __aeabi_memclr                
00002fa5  __aeabi_memclr4               
00002fa5  __aeabi_memclr8               
00002d67  __aeabi_memcpy                
00002d67  __aeabi_memcpy4               
00002d67  __aeabi_memcpy8               
00002fa7  __aeabi_memset                
00002fa7  __aeabi_memset4               
00002fa7  __aeabi_memset8               
00002e03  __aeabi_uldivmod              
ffffffff  __binit__                     
ffffffff  __c_args__                    
UNDEFED   __mpu_init                    
20000270  __stack                       
20000000  __start___llvm_prf_cnts       
20000000  __stop___llvm_prf_cnts        
0000348d  _c_int00_noargs               
00003694  _ctypes_                      
20000518  _lock                         
00000cbb  _nop                          
20000534  _running                      
20000538  _sys_memory                   
UNDEFED   _system_post_cinit            
0000368d  _system_pre_init              
200004f8  _timeout_ticks                
2000051c  _unlock                       
00003691  abort                         
00002b21  adc_init                      
00002b8d  adc_read                      
0000282d  aligned_alloc                 
000032c9  atoi                          
ffffffff  binit                         
00001a3b  calculateDistance             
00003421  calloc                        
0000359d  copysign                      
0000359d  copysignl                     
000015d5  cyBOT_SERVO_cal               
00001563  cyBOT_Scan                    
0000150b  cyBOT_init_Scan               
20000528  cyBOT_scan_features           
000014fd  cyBOT_scan_version            
00001231  cyBot_UART1_Handler           
00001223  cyBot_getByte_blocking        
00001203  cyBot_getByte_nonblocking     
00000fe5  cyBot_sendByte                
000011e9  cyBot_uart_flush              
00001153  cyBot_uart_init               
000010f3  cyBot_uart_init_PHJ_first_half
0000109b  cyBot_uart_init_clean         
00001023  cyBot_uart_init_last_half     
0000100b  cyBot_uart_sendBuffer         
00000ff1  cyBot_uart_sendStr            
20000530  errno                         
200004fc  fallingEdge                   
00002a29  floor                         
00002a29  floorl                        
00003169  frexp                         
00003169  frexpl                        
20000000  g_pfnRAMVectors               
00000000  g_pfnVectors                  
000026b3  ir_enableInterrupt            
00002695  ir_getDistance                
0000266d  ir_getValue                   
00002605  ir_init                       
20000514  isRisingEdge                  
200004c4  isr_char_buffer               
2000052c  isr_counter                   
20000500  isr_int_value                 
00003647  lcd_clear                     
00000e91  lcd_gotoLine                  
00000cf9  lcd_init                      
00000ef7  lcd_printf                    
00000db9  lcd_putc                      
00000df1  lcd_puts                      
00000cbd  lcd_reverseNibble             
00000e0f  lcd_sendCommand               
00000e4d  lcd_sendNibble                
00000eb9  lcd_setCursorPos              
0000271d  ldexp                         
0000271d  ldexpl                        
20000504  left_calibration_value        
00001a81  main                          
000019cd  makeString                    
00003685  malloc                        
0000282d  memalign                      
00003581  memccpy                       
00002d67  memcpy                        
00002fad  memset                        
00001ce3  ping_getDistance              
00001ba1  ping_init                     
00001c27  ping_trigger                  
000019a5  printString2                  
20000508  pulseLength                   
2000050c  right_calibration_value       
20000510  risingEdge                    
00002bf1  round                         
00002bf1  roundl                        
0000271d  scalbn                        
0000271d  scalbnl                       
00002115  servo_init                    
000021a5  servo_move                    
00002205  servo_setPWM                  
00002199  servo_stop                    
000035e7  strchr                        
000035cf  strcmp                        
000035fd  strcpy                        
00003611  strlen                        
0000187b  timer_getMicros               
00001823  timer_getMillis               
0000175d  timer_init                    
000017ff  timer_pause                   
00001811  timer_resume                  
000017d5  timer_stop                    
000018d5  timer_waitMicros              
00001907  timer_waitMillis              
000033a1  vsnprintf                     
00003625  wcslen                        


GLOBAL SYMBOLS: SORTED BY Symbol Address 

address   name                          
-------   ----                          
00000000  __TI_static_base__            
00000000  g_pfnVectors                  
00000010  __SYSMEM_SIZE                 
00000200  __STACK_SIZE                  
0000026d  __TI_printfi                  
00000cbb  _nop                          
00000cbd  lcd_reverseNibble             
00000cf9  lcd_init                      
00000db9  lcd_putc                      
00000df1  lcd_puts                      
00000e0f  lcd_sendCommand               
00000e4d  lcd_sendNibble                
00000e91  lcd_gotoLine                  
00000eb9  lcd_setCursorPos              
00000ef7  lcd_printf                    
00000fe5  cyBot_sendByte                
00000ff1  cyBot_uart_sendStr            
0000100b  cyBot_uart_sendBuffer         
00001023  cyBot_uart_init_last_half     
0000109b  cyBot_uart_init_clean         
000010f3  cyBot_uart_init_PHJ_first_half
00001153  cyBot_uart_init               
000011e9  cyBot_uart_flush              
00001203  cyBot_getByte_nonblocking     
00001223  cyBot_getByte_blocking        
00001231  cyBot_UART1_Handler           
000014fd  cyBOT_scan_version            
0000150b  cyBOT_init_Scan               
00001563  cyBOT_Scan                    
000015d5  cyBOT_SERVO_cal               
0000175d  timer_init                    
000017d5  timer_stop                    
000017ff  timer_pause                   
00001811  timer_resume                  
00001823  timer_getMillis               
0000187b  timer_getMicros               
000018d5  timer_waitMicros              
00001907  timer_waitMillis              
000019a5  printString2                  
000019cd  makeString                    
00001a3b  calculateDistance             
00001a81  main                          
00001ba1  ping_init                     
00001c27  ping_trigger                  
00001c91  TIMER3B_Handler               
00001ce3  ping_getDistance              
00001f5d  __aeabi_dsub                  
00001f67  __aeabi_dadd                  
00002113  __aeabi_idiv0                 
00002113  __aeabi_ldiv0                 
00002115  servo_init                    
00002199  servo_stop                    
000021a5  servo_move                    
00002205  servo_setPWM                  
000023a9  __aeabi_ddiv                  
00002605  ir_init                       
0000266d  ir_getValue                   
00002695  ir_getDistance                
0000269d  ADC0SS0_Handler               
000026b3  ir_enableInterrupt            
0000271d  ldexp                         
0000271d  ldexpl                        
0000271d  scalbn                        
0000271d  scalbnl                       
0000282d  aligned_alloc                 
0000282d  memalign                      
0000292d  __aeabi_dmul                  
00002a29  floor                         
00002a29  floorl                        
00002b21  adc_init                      
00002b8d  adc_read                      
00002bf1  round                         
00002bf1  roundl                        
00002d67  __aeabi_memcpy                
00002d67  __aeabi_memcpy4               
00002d67  __aeabi_memcpy8               
00002d67  memcpy                        
00002e03  __aeabi_uldivmod              
00002e99  __aeabi_cdcmpeq               
00002e99  __aeabi_cdcmple               
00002f1f  __aeabi_cdrcmple              
00002fa5  __aeabi_memclr                
00002fa5  __aeabi_memclr4               
00002fa5  __aeabi_memclr8               
00002fa7  __aeabi_memset                
00002fa7  __aeabi_memset4               
00002fa7  __aeabi_memset8               
00002fad  memset                        
000030ff  __TI_decompress_lzss          
00003169  frexp                         
00003169  frexpl                        
00003223  __TI_ltoa                     
000032c9  atoi                          
00003315  __aeabi_d2iz                  
0000335d  __TI_auto_init_nobinit_nopinit
000033a1  vsnprintf                     
00003421  calloc                        
00003459  IntRegister                   
0000348d  _c_int00_noargs               
000034f1  __aeabi_i2d                   
00003549  __TI_zero_init_nomemset       
00003581  memccpy                       
0000359d  copysign                      
0000359d  copysignl                     
000035cf  strcmp                        
000035e7  strchr                        
000035fd  strcpy                        
00003611  strlen                        
00003625  wcslen                        
00003637  IntMasterEnable               
00003647  lcd_clear                     
00003657  __TI_decompress_none          
00003665  CPUcpsie                      
00003671  ResetISR                      
0000367d  __aeabi_errno_addr            
00003685  malloc                        
0000368d  _system_pre_init              
00003691  C$$EXIT                       
00003691  abort                         
00003694  _ctypes_                      
000037b0  __TI_Handler_Table_Base       
000037bc  __TI_Handler_Table_Limit      
000037d0  __TI_CINIT_Base               
000037e8  __TI_CINIT_Limit              
20000000  __start___llvm_prf_cnts       
20000000  __stop___llvm_prf_cnts        
20000000  g_pfnRAMVectors               
20000270  __stack                       
20000470  __STACK_END                   
20000470  __STACK_TOP                   
200004c4  isr_char_buffer               
200004f8  _timeout_ticks                
200004fc  fallingEdge                   
20000500  isr_int_value                 
20000504  left_calibration_value        
20000508  pulseLength                   
2000050c  right_calibration_value       
20000510  risingEdge                    
20000514  isRisingEdge                  
20000518  _lock                         
2000051c  _unlock                       
20000528  cyBOT_scan_features           
2000052c  isr_counter                   
20000530  errno                         
20000534  _running                      
20000538  _sys_memory                   
ffffffff  __TI_pprof_out_hndl           
ffffffff  __TI_prof_data_size           
ffffffff  __TI_prof_data_start          
ffffffff  __binit__                     
ffffffff  __c_args__                    
ffffffff  binit                         
UNDEFED   __mpu_init                    
UNDEFED   _system_post_cinit            

[154 symbols]
